18:06:26.974 INFO  org.hibernate.Version - HHH000412: Hibernate ORM core version 5.6.7.Final
18:06:27.203 WARN  org.hibernate.orm.deprecation - HHH90000012: Recognized obsolete hibernate namespace http://hibernate.sourceforge.net/hibernate-configuration. Use namespace http://www.hibernate.org/dtd/hibernate-configuration instead.  Support for obsolete DTD/XSD namespaces may be removed at any time.
18:06:27.693 INFO  o.h.annotations.common.Version - HCANN000001: Hibernate Commons Annotations {5.1.2.Final}
18:06:27.835 WARN  o.hibernate.orm.connections.pooling - HHH10001002: Using Hibernate built-in connection pool (not for production use!)
18:06:27.846 INFO  o.hibernate.orm.connections.pooling - HHH10001005: using driver [org.postgresql.Driver] at URL [jdbc:postgresql://localhost:5432/hw13]
18:06:27.846 INFO  o.hibernate.orm.connections.pooling - HHH10001001: Connection properties: {password=****, pool_size=1, user=omid}
18:06:27.847 INFO  o.hibernate.orm.connections.pooling - HHH10001003: Autocommit mode: false
18:06:27.849 INFO  o.h.e.j.c.i.DriverManagerConnectionProviderImpl - HHH000115: Hibernate connection pool size: 20 (min=1)
18:06:27.960 INFO  org.hibernate.dialect.Dialect - HHH000400: Using dialect: org.hibernate.dialect.PostgreSQLDialect
18:06:28.154 INFO  org.hibernate.orm.connections.access - HHH10001501: Connection obtained from JdbcConnectionAccess [org.hibernate.engine.jdbc.env.internal.JdbcEnvironmentInitiator$ConnectionProviderJdbcConnectionAccess@43e1692f] for (non-JTA) DDL execution was not in auto-commit mode; the Connection 'local transaction' will be committed and the Connection will be set into auto-commit mode.
18:06:28.212 INFO  o.h.e.t.j.p.i.JtaPlatformInitiator - HHH000490: Using JtaPlatform implementation: [org.hibernate.engine.transaction.jta.platform.internal.NoJtaPlatform]
18:07:21.529 INFO  org.hibernate.Version - HHH000412: Hibernate ORM core version 5.6.7.Final
18:07:21.738 WARN  org.hibernate.orm.deprecation - HHH90000012: Recognized obsolete hibernate namespace http://hibernate.sourceforge.net/hibernate-configuration. Use namespace http://www.hibernate.org/dtd/hibernate-configuration instead.  Support for obsolete DTD/XSD namespaces may be removed at any time.
18:07:22.127 INFO  o.h.annotations.common.Version - HCANN000001: Hibernate Commons Annotations {5.1.2.Final}
18:07:22.323 WARN  o.hibernate.orm.connections.pooling - HHH10001002: Using Hibernate built-in connection pool (not for production use!)
18:07:22.335 INFO  o.hibernate.orm.connections.pooling - HHH10001005: using driver [org.postgresql.Driver] at URL [jdbc:postgresql://localhost:5432/finalproject]
18:07:22.337 INFO  o.hibernate.orm.connections.pooling - HHH10001001: Connection properties: {password=****, pool_size=1, user=omid}
18:07:22.338 INFO  o.hibernate.orm.connections.pooling - HHH10001003: Autocommit mode: false
18:07:22.342 INFO  o.h.e.j.c.i.DriverManagerConnectionProviderImpl - HHH000115: Hibernate connection pool size: 20 (min=1)
18:07:22.455 INFO  org.hibernate.dialect.Dialect - HHH000400: Using dialect: org.hibernate.dialect.PostgreSQLDialect
18:07:22.725 INFO  org.hibernate.orm.connections.access - HHH10001501: Connection obtained from JdbcConnectionAccess [org.hibernate.engine.jdbc.env.internal.JdbcEnvironmentInitiator$ConnectionProviderJdbcConnectionAccess@3cb8c8ce] for (non-JTA) DDL execution was not in auto-commit mode; the Connection 'local transaction' will be committed and the Connection will be set into auto-commit mode.
18:07:22.755 INFO  o.h.e.t.j.p.i.JtaPlatformInitiator - HHH000490: Using JtaPlatform implementation: [org.hibernate.engine.transaction.jta.platform.internal.NoJtaPlatform]
18:07:48.085 INFO  org.hibernate.Version - HHH000412: Hibernate ORM core version 5.6.7.Final
18:07:48.342 WARN  org.hibernate.orm.deprecation - HHH90000012: Recognized obsolete hibernate namespace http://hibernate.sourceforge.net/hibernate-configuration. Use namespace http://www.hibernate.org/dtd/hibernate-configuration instead.  Support for obsolete DTD/XSD namespaces may be removed at any time.
18:07:48.686 INFO  o.h.annotations.common.Version - HCANN000001: Hibernate Commons Annotations {5.1.2.Final}
18:07:48.887 WARN  o.hibernate.orm.connections.pooling - HHH10001002: Using Hibernate built-in connection pool (not for production use!)
18:07:48.893 INFO  o.hibernate.orm.connections.pooling - HHH10001005: using driver [org.postgresql.Driver] at URL [jdbc:postgresql://localhost:5432/finalproject]
18:07:48.894 INFO  o.hibernate.orm.connections.pooling - HHH10001001: Connection properties: {password=****, pool_size=1, user=omid}
18:07:48.895 INFO  o.hibernate.orm.connections.pooling - HHH10001003: Autocommit mode: false
18:07:48.900 INFO  o.h.e.j.c.i.DriverManagerConnectionProviderImpl - HHH000115: Hibernate connection pool size: 20 (min=1)
18:07:49.011 INFO  org.hibernate.dialect.Dialect - HHH000400: Using dialect: org.hibernate.dialect.PostgreSQLDialect
18:07:49.236 INFO  org.hibernate.orm.connections.access - HHH10001501: Connection obtained from JdbcConnectionAccess [org.hibernate.engine.jdbc.env.internal.JdbcEnvironmentInitiator$ConnectionProviderJdbcConnectionAccess@6629ad09] for (non-JTA) DDL execution was not in auto-commit mode; the Connection 'local transaction' will be committed and the Connection will be set into auto-commit mode.
18:07:49.264 INFO  o.h.e.t.j.p.i.JtaPlatformInitiator - HHH000490: Using JtaPlatform implementation: [org.hibernate.engine.transaction.jta.platform.internal.NoJtaPlatform]
18:08:01.734 INFO  org.hibernate.Version - HHH000412: Hibernate ORM core version 5.6.7.Final
18:08:01.946 WARN  org.hibernate.orm.deprecation - HHH90000012: Recognized obsolete hibernate namespace http://hibernate.sourceforge.net/hibernate-configuration. Use namespace http://www.hibernate.org/dtd/hibernate-configuration instead.  Support for obsolete DTD/XSD namespaces may be removed at any time.
18:08:02.337 INFO  o.h.annotations.common.Version - HCANN000001: Hibernate Commons Annotations {5.1.2.Final}
18:08:02.544 WARN  o.hibernate.orm.connections.pooling - HHH10001002: Using Hibernate built-in connection pool (not for production use!)
18:08:02.552 INFO  o.hibernate.orm.connections.pooling - HHH10001005: using driver [org.postgresql.Driver] at URL [jdbc:postgresql://localhost:5432/finalproject]
18:08:02.556 INFO  o.hibernate.orm.connections.pooling - HHH10001001: Connection properties: {password=****, pool_size=1, user=omid}
18:08:02.557 INFO  o.hibernate.orm.connections.pooling - HHH10001003: Autocommit mode: false
18:08:02.560 INFO  o.h.e.j.c.i.DriverManagerConnectionProviderImpl - HHH000115: Hibernate connection pool size: 20 (min=1)
18:08:02.658 INFO  org.hibernate.dialect.Dialect - HHH000400: Using dialect: org.hibernate.dialect.PostgreSQLDialect
18:08:02.918 INFO  org.hibernate.orm.connections.access - HHH10001501: Connection obtained from JdbcConnectionAccess [org.hibernate.engine.jdbc.env.internal.JdbcEnvironmentInitiator$ConnectionProviderJdbcConnectionAccess@6629ad09] for (non-JTA) DDL execution was not in auto-commit mode; the Connection 'local transaction' will be committed and the Connection will be set into auto-commit mode.
18:08:02.948 INFO  o.h.e.t.j.p.i.JtaPlatformInitiator - HHH000490: Using JtaPlatform implementation: [org.hibernate.engine.transaction.jta.platform.internal.NoJtaPlatform]
18:08:11.218 INFO  org.hibernate.Version - HHH000412: Hibernate ORM core version 5.6.7.Final
18:08:11.445 WARN  org.hibernate.orm.deprecation - HHH90000012: Recognized obsolete hibernate namespace http://hibernate.sourceforge.net/hibernate-configuration. Use namespace http://www.hibernate.org/dtd/hibernate-configuration instead.  Support for obsolete DTD/XSD namespaces may be removed at any time.
18:08:11.835 INFO  o.h.annotations.common.Version - HCANN000001: Hibernate Commons Annotations {5.1.2.Final}
18:08:11.969 WARN  o.hibernate.orm.connections.pooling - HHH10001002: Using Hibernate built-in connection pool (not for production use!)
18:08:11.978 INFO  o.hibernate.orm.connections.pooling - HHH10001005: using driver [org.postgresql.Driver] at URL [jdbc:postgresql://localhost:5432/finalproject]
18:08:11.978 INFO  o.hibernate.orm.connections.pooling - HHH10001001: Connection properties: {password=****, pool_size=1, user=omid}
18:08:11.978 INFO  o.hibernate.orm.connections.pooling - HHH10001003: Autocommit mode: false
18:08:11.981 INFO  o.h.e.j.c.i.DriverManagerConnectionProviderImpl - HHH000115: Hibernate connection pool size: 20 (min=1)
18:08:12.107 INFO  org.hibernate.dialect.Dialect - HHH000400: Using dialect: org.hibernate.dialect.PostgreSQLDialect
18:08:12.326 INFO  org.hibernate.orm.connections.access - HHH10001501: Connection obtained from JdbcConnectionAccess [org.hibernate.engine.jdbc.env.internal.JdbcEnvironmentInitiator$ConnectionProviderJdbcConnectionAccess@6629ad09] for (non-JTA) DDL execution was not in auto-commit mode; the Connection 'local transaction' will be committed and the Connection will be set into auto-commit mode.
18:08:12.354 INFO  o.h.e.t.j.p.i.JtaPlatformInitiator - HHH000490: Using JtaPlatform implementation: [org.hibernate.engine.transaction.jta.platform.internal.NoJtaPlatform]
18:08:26.610 INFO  org.hibernate.Version - HHH000412: Hibernate ORM core version 5.6.7.Final
18:08:26.811 WARN  org.hibernate.orm.deprecation - HHH90000012: Recognized obsolete hibernate namespace http://hibernate.sourceforge.net/hibernate-configuration. Use namespace http://www.hibernate.org/dtd/hibernate-configuration instead.  Support for obsolete DTD/XSD namespaces may be removed at any time.
18:08:27.163 INFO  o.h.annotations.common.Version - HCANN000001: Hibernate Commons Annotations {5.1.2.Final}
18:08:27.353 WARN  o.hibernate.orm.connections.pooling - HHH10001002: Using Hibernate built-in connection pool (not for production use!)
18:08:27.358 INFO  o.hibernate.orm.connections.pooling - HHH10001005: using driver [org.postgresql.Driver] at URL [jdbc:postgresql://localhost:5432/finalproject]
18:08:27.358 INFO  o.hibernate.orm.connections.pooling - HHH10001001: Connection properties: {password=****, pool_size=1, user=omid}
18:08:27.359 INFO  o.hibernate.orm.connections.pooling - HHH10001003: Autocommit mode: false
18:08:27.361 INFO  o.h.e.j.c.i.DriverManagerConnectionProviderImpl - HHH000115: Hibernate connection pool size: 20 (min=1)
18:08:27.475 INFO  org.hibernate.dialect.Dialect - HHH000400: Using dialect: org.hibernate.dialect.PostgreSQLDialect
18:08:27.660 INFO  org.hibernate.orm.connections.access - HHH10001501: Connection obtained from JdbcConnectionAccess [org.hibernate.engine.jdbc.env.internal.JdbcEnvironmentInitiator$ConnectionProviderJdbcConnectionAccess@3cb8c8ce] for (non-JTA) DDL execution was not in auto-commit mode; the Connection 'local transaction' will be committed and the Connection will be set into auto-commit mode.
18:08:27.686 INFO  o.h.e.t.j.p.i.JtaPlatformInitiator - HHH000490: Using JtaPlatform implementation: [org.hibernate.engine.transaction.jta.platform.internal.NoJtaPlatform]
19:42:55.746 INFO  org.hibernate.Version - HHH000412: Hibernate ORM core version 5.6.7.Final
19:42:55.993 WARN  org.hibernate.orm.deprecation - HHH90000012: Recognized obsolete hibernate namespace http://hibernate.sourceforge.net/hibernate-configuration. Use namespace http://www.hibernate.org/dtd/hibernate-configuration instead.  Support for obsolete DTD/XSD namespaces may be removed at any time.
19:42:56.278 INFO  o.h.annotations.common.Version - HCANN000001: Hibernate Commons Annotations {5.1.2.Final}
19:42:56.400 WARN  o.hibernate.orm.connections.pooling - HHH10001002: Using Hibernate built-in connection pool (not for production use!)
19:42:56.405 INFO  o.hibernate.orm.connections.pooling - HHH10001005: using driver [org.postgresql.Driver] at URL [jdbc:postgresql://localhost:5432/finalproject]
19:42:56.406 INFO  o.hibernate.orm.connections.pooling - HHH10001001: Connection properties: {password=****, pool_size=1, user=omid}
19:42:56.406 INFO  o.hibernate.orm.connections.pooling - HHH10001003: Autocommit mode: false
19:42:56.409 INFO  o.h.e.j.c.i.DriverManagerConnectionProviderImpl - HHH000115: Hibernate connection pool size: 20 (min=1)
19:42:56.549 INFO  org.hibernate.dialect.Dialect - HHH000400: Using dialect: org.hibernate.dialect.PostgreSQLDialect
19:42:56.795 INFO  org.hibernate.orm.connections.access - HHH10001501: Connection obtained from JdbcConnectionAccess [org.hibernate.engine.jdbc.env.internal.JdbcEnvironmentInitiator$ConnectionProviderJdbcConnectionAccess@636bbbbb] for (non-JTA) DDL execution was not in auto-commit mode; the Connection 'local transaction' will be committed and the Connection will be set into auto-commit mode.
19:42:56.825 INFO  o.h.e.t.j.p.i.JtaPlatformInitiator - HHH000490: Using JtaPlatform implementation: [org.hibernate.engine.transaction.jta.platform.internal.NoJtaPlatform]
19:51:34.427 INFO  org.hibernate.Version - HHH000412: Hibernate ORM core version 5.6.7.Final
19:51:34.642 WARN  org.hibernate.orm.deprecation - HHH90000012: Recognized obsolete hibernate namespace http://hibernate.sourceforge.net/hibernate-configuration. Use namespace http://www.hibernate.org/dtd/hibernate-configuration instead.  Support for obsolete DTD/XSD namespaces may be removed at any time.
19:51:34.977 INFO  o.h.annotations.common.Version - HCANN000001: Hibernate Commons Annotations {5.1.2.Final}
19:51:35.136 WARN  o.hibernate.orm.connections.pooling - HHH10001002: Using Hibernate built-in connection pool (not for production use!)
19:51:35.140 INFO  o.hibernate.orm.connections.pooling - HHH10001005: using driver [org.postgresql.Driver] at URL [jdbc:postgresql://localhost:5432/finalproject]
19:51:35.193 INFO  o.hibernate.orm.connections.pooling - HHH10001001: Connection properties: {password=****, pool_size=1, user=omid}
19:51:35.193 INFO  o.hibernate.orm.connections.pooling - HHH10001003: Autocommit mode: false
19:51:35.195 INFO  o.h.e.j.c.i.DriverManagerConnectionProviderImpl - HHH000115: Hibernate connection pool size: 20 (min=1)
19:51:35.268 INFO  org.hibernate.dialect.Dialect - HHH000400: Using dialect: org.hibernate.dialect.PostgreSQLDialect
19:51:35.440 INFO  org.hibernate.orm.connections.access - HHH10001501: Connection obtained from JdbcConnectionAccess [org.hibernate.engine.jdbc.env.internal.JdbcEnvironmentInitiator$ConnectionProviderJdbcConnectionAccess@aa4d8cc] for (non-JTA) DDL execution was not in auto-commit mode; the Connection 'local transaction' will be committed and the Connection will be set into auto-commit mode.
19:51:35.460 INFO  o.h.e.t.j.p.i.JtaPlatformInitiator - HHH000490: Using JtaPlatform implementation: [org.hibernate.engine.transaction.jta.platform.internal.NoJtaPlatform]
19:54:13.118 INFO  org.hibernate.Version - HHH000412: Hibernate ORM core version 5.6.7.Final
19:54:13.269 WARN  org.hibernate.orm.deprecation - HHH90000012: Recognized obsolete hibernate namespace http://hibernate.sourceforge.net/hibernate-configuration. Use namespace http://www.hibernate.org/dtd/hibernate-configuration instead.  Support for obsolete DTD/XSD namespaces may be removed at any time.
19:54:13.507 INFO  o.h.annotations.common.Version - HCANN000001: Hibernate Commons Annotations {5.1.2.Final}
19:54:13.630 WARN  o.hibernate.orm.connections.pooling - HHH10001002: Using Hibernate built-in connection pool (not for production use!)
19:54:13.635 INFO  o.hibernate.orm.connections.pooling - HHH10001005: using driver [org.postgresql.Driver] at URL [jdbc:postgresql://localhost:5432/finalproject]
19:54:13.636 INFO  o.hibernate.orm.connections.pooling - HHH10001001: Connection properties: {password=****, pool_size=1, user=omid}
19:54:13.637 INFO  o.hibernate.orm.connections.pooling - HHH10001003: Autocommit mode: false
19:54:13.640 INFO  o.h.e.j.c.i.DriverManagerConnectionProviderImpl - HHH000115: Hibernate connection pool size: 20 (min=1)
19:54:13.733 INFO  org.hibernate.dialect.Dialect - HHH000400: Using dialect: org.hibernate.dialect.PostgreSQLDialect
19:54:13.916 INFO  org.hibernate.orm.connections.access - HHH10001501: Connection obtained from JdbcConnectionAccess [org.hibernate.engine.jdbc.env.internal.JdbcEnvironmentInitiator$ConnectionProviderJdbcConnectionAccess@4ab550d5] for (non-JTA) DDL execution was not in auto-commit mode; the Connection 'local transaction' will be committed and the Connection will be set into auto-commit mode.
19:54:13.940 INFO  o.h.e.t.j.p.i.JtaPlatformInitiator - HHH000490: Using JtaPlatform implementation: [org.hibernate.engine.transaction.jta.platform.internal.NoJtaPlatform]
19:54:27.746 INFO  org.hibernate.Version - HHH000412: Hibernate ORM core version 5.6.7.Final
19:54:28.041 WARN  org.hibernate.orm.deprecation - HHH90000012: Recognized obsolete hibernate namespace http://hibernate.sourceforge.net/hibernate-configuration. Use namespace http://www.hibernate.org/dtd/hibernate-configuration instead.  Support for obsolete DTD/XSD namespaces may be removed at any time.
19:54:28.668 INFO  o.h.annotations.common.Version - HCANN000001: Hibernate Commons Annotations {5.1.2.Final}
19:54:29.065 WARN  o.hibernate.orm.connections.pooling - HHH10001002: Using Hibernate built-in connection pool (not for production use!)
19:54:29.082 INFO  o.hibernate.orm.connections.pooling - HHH10001005: using driver [org.postgresql.Driver] at URL [jdbc:postgresql://localhost:5432/finalproject]
19:54:29.084 INFO  o.hibernate.orm.connections.pooling - HHH10001001: Connection properties: {password=****, pool_size=1, user=omid}
19:54:29.086 INFO  o.hibernate.orm.connections.pooling - HHH10001003: Autocommit mode: false
19:54:29.097 INFO  o.h.e.j.c.i.DriverManagerConnectionProviderImpl - HHH000115: Hibernate connection pool size: 20 (min=1)
19:54:29.404 INFO  org.hibernate.dialect.Dialect - HHH000400: Using dialect: org.hibernate.dialect.PostgreSQLDialect
19:54:29.904 INFO  org.hibernate.orm.connections.access - HHH10001501: Connection obtained from JdbcConnectionAccess [org.hibernate.engine.jdbc.env.internal.JdbcEnvironmentInitiator$ConnectionProviderJdbcConnectionAccess@4ab550d5] for (non-JTA) DDL execution was not in auto-commit mode; the Connection 'local transaction' will be committed and the Connection will be set into auto-commit mode.
19:54:29.962 INFO  o.h.e.t.j.p.i.JtaPlatformInitiator - HHH000490: Using JtaPlatform implementation: [org.hibernate.engine.transaction.jta.platform.internal.NoJtaPlatform]
19:55:42.513 INFO  org.hibernate.Version - HHH000412: Hibernate ORM core version 5.6.7.Final
19:55:42.678 WARN  org.hibernate.orm.deprecation - HHH90000012: Recognized obsolete hibernate namespace http://hibernate.sourceforge.net/hibernate-configuration. Use namespace http://www.hibernate.org/dtd/hibernate-configuration instead.  Support for obsolete DTD/XSD namespaces may be removed at any time.
19:55:42.922 INFO  o.h.annotations.common.Version - HCANN000001: Hibernate Commons Annotations {5.1.2.Final}
19:55:43.020 WARN  o.hibernate.orm.connections.pooling - HHH10001002: Using Hibernate built-in connection pool (not for production use!)
19:55:43.023 INFO  o.hibernate.orm.connections.pooling - HHH10001005: using driver [org.postgresql.Driver] at URL [jdbc:postgresql://localhost:5432/finalproject]
19:55:43.023 INFO  o.hibernate.orm.connections.pooling - HHH10001001: Connection properties: {password=****, pool_size=1, user=omid}
19:55:43.023 INFO  o.hibernate.orm.connections.pooling - HHH10001003: Autocommit mode: false
19:55:43.025 INFO  o.h.e.j.c.i.DriverManagerConnectionProviderImpl - HHH000115: Hibernate connection pool size: 20 (min=1)
19:55:43.132 INFO  org.hibernate.dialect.Dialect - HHH000400: Using dialect: org.hibernate.dialect.PostgreSQLDialect
19:55:43.353 INFO  org.hibernate.orm.connections.access - HHH10001501: Connection obtained from JdbcConnectionAccess [org.hibernate.engine.jdbc.env.internal.JdbcEnvironmentInitiator$ConnectionProviderJdbcConnectionAccess@7c75db8b] for (non-JTA) DDL execution was not in auto-commit mode; the Connection 'local transaction' will be committed and the Connection will be set into auto-commit mode.
19:55:43.380 INFO  o.h.e.t.j.p.i.JtaPlatformInitiator - HHH000490: Using JtaPlatform implementation: [org.hibernate.engine.transaction.jta.platform.internal.NoJtaPlatform]
19:56:27.061 INFO  org.hibernate.Version - HHH000412: Hibernate ORM core version 5.6.7.Final
19:56:27.233 WARN  org.hibernate.orm.deprecation - HHH90000012: Recognized obsolete hibernate namespace http://hibernate.sourceforge.net/hibernate-configuration. Use namespace http://www.hibernate.org/dtd/hibernate-configuration instead.  Support for obsolete DTD/XSD namespaces may be removed at any time.
19:56:27.503 INFO  o.h.annotations.common.Version - HCANN000001: Hibernate Commons Annotations {5.1.2.Final}
19:56:27.606 WARN  o.hibernate.orm.connections.pooling - HHH10001002: Using Hibernate built-in connection pool (not for production use!)
19:56:27.610 INFO  o.hibernate.orm.connections.pooling - HHH10001005: using driver [org.postgresql.Driver] at URL [jdbc:postgresql://localhost:5432/finalproject]
19:56:27.610 INFO  o.hibernate.orm.connections.pooling - HHH10001001: Connection properties: {password=****, pool_size=1, user=omid}
19:56:27.610 INFO  o.hibernate.orm.connections.pooling - HHH10001003: Autocommit mode: false
19:56:27.613 INFO  o.h.e.j.c.i.DriverManagerConnectionProviderImpl - HHH000115: Hibernate connection pool size: 20 (min=1)
19:56:27.700 INFO  org.hibernate.dialect.Dialect - HHH000400: Using dialect: org.hibernate.dialect.PostgreSQLDialect
19:56:27.938 INFO  org.hibernate.orm.connections.access - HHH10001501: Connection obtained from JdbcConnectionAccess [org.hibernate.engine.jdbc.env.internal.JdbcEnvironmentInitiator$ConnectionProviderJdbcConnectionAccess@7c75db8b] for (non-JTA) DDL execution was not in auto-commit mode; the Connection 'local transaction' will be committed and the Connection will be set into auto-commit mode.
19:56:27.957 INFO  o.h.e.t.j.p.i.JtaPlatformInitiator - HHH000490: Using JtaPlatform implementation: [org.hibernate.engine.transaction.jta.platform.internal.NoJtaPlatform]
19:57:44.061 INFO  org.hibernate.Version - HHH000412: Hibernate ORM core version 5.6.7.Final
19:57:44.257 WARN  org.hibernate.orm.deprecation - HHH90000012: Recognized obsolete hibernate namespace http://hibernate.sourceforge.net/hibernate-configuration. Use namespace http://www.hibernate.org/dtd/hibernate-configuration instead.  Support for obsolete DTD/XSD namespaces may be removed at any time.
19:57:44.572 INFO  o.h.annotations.common.Version - HCANN000001: Hibernate Commons Annotations {5.1.2.Final}
19:57:44.726 WARN  o.hibernate.orm.connections.pooling - HHH10001002: Using Hibernate built-in connection pool (not for production use!)
19:57:44.733 INFO  o.hibernate.orm.connections.pooling - HHH10001005: using driver [org.postgresql.Driver] at URL [jdbc:postgresql://localhost:5432/finalproject]
19:57:44.734 INFO  o.hibernate.orm.connections.pooling - HHH10001001: Connection properties: {password=****, pool_size=1, user=omid}
19:57:44.734 INFO  o.hibernate.orm.connections.pooling - HHH10001003: Autocommit mode: false
19:57:44.737 INFO  o.h.e.j.c.i.DriverManagerConnectionProviderImpl - HHH000115: Hibernate connection pool size: 20 (min=1)
19:57:44.869 INFO  org.hibernate.dialect.Dialect - HHH000400: Using dialect: org.hibernate.dialect.PostgreSQLDialect
19:57:45.114 INFO  org.hibernate.orm.connections.access - HHH10001501: Connection obtained from JdbcConnectionAccess [org.hibernate.engine.jdbc.env.internal.JdbcEnvironmentInitiator$ConnectionProviderJdbcConnectionAccess@7c75db8b] for (non-JTA) DDL execution was not in auto-commit mode; the Connection 'local transaction' will be committed and the Connection will be set into auto-commit mode.
19:57:45.151 INFO  o.h.e.t.j.p.i.JtaPlatformInitiator - HHH000490: Using JtaPlatform implementation: [org.hibernate.engine.transaction.jta.platform.internal.NoJtaPlatform]
21:29:38.680 INFO  org.hibernate.Version - HHH000412: Hibernate ORM core version 5.6.7.Final
21:29:38.867 WARN  org.hibernate.orm.deprecation - HHH90000012: Recognized obsolete hibernate namespace http://hibernate.sourceforge.net/hibernate-configuration. Use namespace http://www.hibernate.org/dtd/hibernate-configuration instead.  Support for obsolete DTD/XSD namespaces may be removed at any time.
21:29:39.171 INFO  o.h.annotations.common.Version - HCANN000001: Hibernate Commons Annotations {5.1.2.Final}
21:29:39.278 WARN  o.hibernate.orm.connections.pooling - HHH10001002: Using Hibernate built-in connection pool (not for production use!)
21:29:39.281 INFO  o.hibernate.orm.connections.pooling - HHH10001005: using driver [org.postgresql.Driver] at URL [jdbc:postgresql://localhost:5432/finalproject]
21:29:39.282 INFO  o.hibernate.orm.connections.pooling - HHH10001001: Connection properties: {password=****, pool_size=1, user=omid}
21:29:39.282 INFO  o.hibernate.orm.connections.pooling - HHH10001003: Autocommit mode: false
21:29:39.284 INFO  o.h.e.j.c.i.DriverManagerConnectionProviderImpl - HHH000115: Hibernate connection pool size: 20 (min=1)
21:29:39.383 INFO  org.hibernate.dialect.Dialect - HHH000400: Using dialect: org.hibernate.dialect.PostgreSQLDialect
21:29:39.610 INFO  org.hibernate.orm.connections.access - HHH10001501: Connection obtained from JdbcConnectionAccess [org.hibernate.engine.jdbc.env.internal.JdbcEnvironmentInitiator$ConnectionProviderJdbcConnectionAccess@4ab550d5] for (non-JTA) DDL execution was not in auto-commit mode; the Connection 'local transaction' will be committed and the Connection will be set into auto-commit mode.
21:29:39.646 INFO  o.h.e.t.j.p.i.JtaPlatformInitiator - HHH000490: Using JtaPlatform implementation: [org.hibernate.engine.transaction.jta.platform.internal.NoJtaPlatform]
21:29:39.755 INFO  org.example.panels.StartPanel - User Logged in successfully
21:29:49.577 INFO  org.hibernate.Version - HHH000412: Hibernate ORM core version 5.6.7.Final
21:29:49.761 WARN  org.hibernate.orm.deprecation - HHH90000012: Recognized obsolete hibernate namespace http://hibernate.sourceforge.net/hibernate-configuration. Use namespace http://www.hibernate.org/dtd/hibernate-configuration instead.  Support for obsolete DTD/XSD namespaces may be removed at any time.
21:29:50.089 INFO  o.h.annotations.common.Version - HCANN000001: Hibernate Commons Annotations {5.1.2.Final}
21:29:50.202 WARN  o.hibernate.orm.connections.pooling - HHH10001002: Using Hibernate built-in connection pool (not for production use!)
21:29:50.205 INFO  o.hibernate.orm.connections.pooling - HHH10001005: using driver [org.postgresql.Driver] at URL [jdbc:postgresql://localhost:5432/finalproject]
21:29:50.205 INFO  o.hibernate.orm.connections.pooling - HHH10001001: Connection properties: {password=****, pool_size=1, user=omid}
21:29:50.206 INFO  o.hibernate.orm.connections.pooling - HHH10001003: Autocommit mode: false
21:29:50.208 INFO  o.h.e.j.c.i.DriverManagerConnectionProviderImpl - HHH000115: Hibernate connection pool size: 20 (min=1)
21:29:50.303 INFO  org.hibernate.dialect.Dialect - HHH000400: Using dialect: org.hibernate.dialect.PostgreSQLDialect
21:29:50.508 INFO  org.hibernate.orm.connections.access - HHH10001501: Connection obtained from JdbcConnectionAccess [org.hibernate.engine.jdbc.env.internal.JdbcEnvironmentInitiator$ConnectionProviderJdbcConnectionAccess@7c75db8b] for (non-JTA) DDL execution was not in auto-commit mode; the Connection 'local transaction' will be committed and the Connection will be set into auto-commit mode.
21:29:50.532 INFO  o.h.e.t.j.p.i.JtaPlatformInitiator - HHH000490: Using JtaPlatform implementation: [org.hibernate.engine.transaction.jta.platform.internal.NoJtaPlatform]
21:29:50.644 ERROR org.example.panels.StartPanel - wrong username or password
21:30:08.673 INFO  org.hibernate.Version - HHH000412: Hibernate ORM core version 5.6.7.Final
21:30:08.826 WARN  org.hibernate.orm.deprecation - HHH90000012: Recognized obsolete hibernate namespace http://hibernate.sourceforge.net/hibernate-configuration. Use namespace http://www.hibernate.org/dtd/hibernate-configuration instead.  Support for obsolete DTD/XSD namespaces may be removed at any time.
21:30:09.091 INFO  o.h.annotations.common.Version - HCANN000001: Hibernate Commons Annotations {5.1.2.Final}
21:30:09.210 WARN  o.hibernate.orm.connections.pooling - HHH10001002: Using Hibernate built-in connection pool (not for production use!)
21:30:09.214 INFO  o.hibernate.orm.connections.pooling - HHH10001005: using driver [org.postgresql.Driver] at URL [jdbc:postgresql://localhost:5432/finalproject]
21:30:09.215 INFO  o.hibernate.orm.connections.pooling - HHH10001001: Connection properties: {password=****, pool_size=1, user=omid}
21:30:09.215 INFO  o.hibernate.orm.connections.pooling - HHH10001003: Autocommit mode: false
21:30:09.220 INFO  o.h.e.j.c.i.DriverManagerConnectionProviderImpl - HHH000115: Hibernate connection pool size: 20 (min=1)
21:30:09.344 INFO  org.hibernate.dialect.Dialect - HHH000400: Using dialect: org.hibernate.dialect.PostgreSQLDialect
21:30:09.529 INFO  org.hibernate.orm.connections.access - HHH10001501: Connection obtained from JdbcConnectionAccess [org.hibernate.engine.jdbc.env.internal.JdbcEnvironmentInitiator$ConnectionProviderJdbcConnectionAccess@4ab550d5] for (non-JTA) DDL execution was not in auto-commit mode; the Connection 'local transaction' will be committed and the Connection will be set into auto-commit mode.
21:30:09.561 INFO  o.h.e.t.j.p.i.JtaPlatformInitiator - HHH000490: Using JtaPlatform implementation: [org.hibernate.engine.transaction.jta.platform.internal.NoJtaPlatform]
21:30:09.719 ERROR org.example.panels.StartPanel - wrong username or password
21:30:15.847 ERROR org.example.panels.StartPanel - wrong username or password
23:46:17.839 INFO  org.hibernate.Version - HHH000412: Hibernate ORM core version 5.6.7.Final
23:46:18.136 WARN  org.hibernate.orm.deprecation - HHH90000012: Recognized obsolete hibernate namespace http://hibernate.sourceforge.net/hibernate-configuration. Use namespace http://www.hibernate.org/dtd/hibernate-configuration instead.  Support for obsolete DTD/XSD namespaces may be removed at any time.
23:46:18.459 INFO  o.h.annotations.common.Version - HCANN000001: Hibernate Commons Annotations {5.1.2.Final}
23:46:18.587 WARN  o.hibernate.orm.connections.pooling - HHH10001002: Using Hibernate built-in connection pool (not for production use!)
23:46:18.592 INFO  o.hibernate.orm.connections.pooling - HHH10001005: using driver [org.postgresql.Driver] at URL [jdbc:postgresql://localhost:5432/finalproject]
23:46:18.592 INFO  o.hibernate.orm.connections.pooling - HHH10001001: Connection properties: {password=****, pool_size=1, user=omid}
23:46:18.592 INFO  o.hibernate.orm.connections.pooling - HHH10001003: Autocommit mode: false
23:46:18.595 INFO  o.h.e.j.c.i.DriverManagerConnectionProviderImpl - HHH000115: Hibernate connection pool size: 20 (min=1)
23:46:18.706 INFO  org.hibernate.dialect.Dialect - HHH000400: Using dialect: org.hibernate.dialect.PostgreSQLDialect
23:46:18.892 INFO  org.hibernate.orm.connections.access - HHH10001501: Connection obtained from JdbcConnectionAccess [org.hibernate.engine.jdbc.env.internal.JdbcEnvironmentInitiator$ConnectionProviderJdbcConnectionAccess@3f49e266] for (non-JTA) DDL execution was not in auto-commit mode; the Connection 'local transaction' will be committed and the Connection will be set into auto-commit mode.
23:46:18.917 INFO  o.h.e.t.j.p.i.JtaPlatformInitiator - HHH000490: Using JtaPlatform implementation: [org.hibernate.engine.transaction.jta.platform.internal.NoJtaPlatform]
23:49:23.610 INFO  org.hibernate.Version - HHH000412: Hibernate ORM core version 5.6.7.Final
23:49:23.796 WARN  org.hibernate.orm.deprecation - HHH90000012: Recognized obsolete hibernate namespace http://hibernate.sourceforge.net/hibernate-configuration. Use namespace http://www.hibernate.org/dtd/hibernate-configuration instead.  Support for obsolete DTD/XSD namespaces may be removed at any time.
23:49:24.087 INFO  o.h.annotations.common.Version - HCANN000001: Hibernate Commons Annotations {5.1.2.Final}
23:49:24.178 WARN  o.hibernate.orm.connections.pooling - HHH10001002: Using Hibernate built-in connection pool (not for production use!)
23:49:24.183 INFO  o.hibernate.orm.connections.pooling - HHH10001005: using driver [org.postgresql.Driver] at URL [jdbc:postgresql://localhost:5432/finalproject]
23:49:24.184 INFO  o.hibernate.orm.connections.pooling - HHH10001001: Connection properties: {password=****, pool_size=1, user=omid}
23:49:24.184 INFO  o.hibernate.orm.connections.pooling - HHH10001003: Autocommit mode: false
23:49:24.186 INFO  o.h.e.j.c.i.DriverManagerConnectionProviderImpl - HHH000115: Hibernate connection pool size: 20 (min=1)
23:49:24.270 INFO  org.hibernate.dialect.Dialect - HHH000400: Using dialect: org.hibernate.dialect.PostgreSQLDialect
23:49:24.477 INFO  org.hibernate.orm.connections.access - HHH10001501: Connection obtained from JdbcConnectionAccess [org.hibernate.engine.jdbc.env.internal.JdbcEnvironmentInitiator$ConnectionProviderJdbcConnectionAccess@3f49e266] for (non-JTA) DDL execution was not in auto-commit mode; the Connection 'local transaction' will be committed and the Connection will be set into auto-commit mode.
23:49:24.500 INFO  o.h.e.t.j.p.i.JtaPlatformInitiator - HHH000490: Using JtaPlatform implementation: [org.hibernate.engine.transaction.jta.platform.internal.NoJtaPlatform]
23:52:27.542 INFO  org.hibernate.Version - HHH000412: Hibernate ORM core version 5.6.7.Final
23:52:27.679 WARN  org.hibernate.orm.deprecation - HHH90000012: Recognized obsolete hibernate namespace http://hibernate.sourceforge.net/hibernate-configuration. Use namespace http://www.hibernate.org/dtd/hibernate-configuration instead.  Support for obsolete DTD/XSD namespaces may be removed at any time.
23:52:27.961 INFO  o.h.annotations.common.Version - HCANN000001: Hibernate Commons Annotations {5.1.2.Final}
23:52:28.064 WARN  o.hibernate.orm.connections.pooling - HHH10001002: Using Hibernate built-in connection pool (not for production use!)
23:52:28.068 INFO  o.hibernate.orm.connections.pooling - HHH10001005: using driver [org.postgresql.Driver] at URL [jdbc:postgresql://localhost:5432/finalproject]
23:52:28.068 INFO  o.hibernate.orm.connections.pooling - HHH10001001: Connection properties: {password=****, pool_size=1, user=omid}
23:52:28.069 INFO  o.hibernate.orm.connections.pooling - HHH10001003: Autocommit mode: false
23:52:28.071 INFO  o.h.e.j.c.i.DriverManagerConnectionProviderImpl - HHH000115: Hibernate connection pool size: 20 (min=1)
23:52:28.174 INFO  org.hibernate.dialect.Dialect - HHH000400: Using dialect: org.hibernate.dialect.PostgreSQLDialect
23:52:28.731 INFO  org.hibernate.orm.connections.access - HHH10001501: Connection obtained from JdbcConnectionAccess [org.hibernate.engine.jdbc.env.internal.JdbcEnvironmentInitiator$ConnectionProviderJdbcConnectionAccess@2d55e826] for (non-JTA) DDL execution was not in auto-commit mode; the Connection 'local transaction' will be committed and the Connection will be set into auto-commit mode.
23:52:28.781 INFO  o.h.e.t.j.p.i.JtaPlatformInitiator - HHH000490: Using JtaPlatform implementation: [org.hibernate.engine.transaction.jta.platform.internal.NoJtaPlatform]
23:54:28.342 INFO  org.hibernate.Version - HHH000412: Hibernate ORM core version 5.6.7.Final
23:54:28.495 WARN  org.hibernate.orm.deprecation - HHH90000012: Recognized obsolete hibernate namespace http://hibernate.sourceforge.net/hibernate-configuration. Use namespace http://www.hibernate.org/dtd/hibernate-configuration instead.  Support for obsolete DTD/XSD namespaces may be removed at any time.
23:54:28.769 INFO  o.h.annotations.common.Version - HCANN000001: Hibernate Commons Annotations {5.1.2.Final}
23:54:28.877 WARN  o.hibernate.orm.connections.pooling - HHH10001002: Using Hibernate built-in connection pool (not for production use!)
23:54:28.880 INFO  o.hibernate.orm.connections.pooling - HHH10001005: using driver [org.postgresql.Driver] at URL [jdbc:postgresql://localhost:5432/finalproject]
23:54:28.881 INFO  o.hibernate.orm.connections.pooling - HHH10001001: Connection properties: {password=****, pool_size=1, user=omid}
23:54:28.881 INFO  o.hibernate.orm.connections.pooling - HHH10001003: Autocommit mode: false
23:54:28.883 INFO  o.h.e.j.c.i.DriverManagerConnectionProviderImpl - HHH000115: Hibernate connection pool size: 20 (min=1)
23:54:28.964 INFO  org.hibernate.dialect.Dialect - HHH000400: Using dialect: org.hibernate.dialect.PostgreSQLDialect
23:54:29.507 INFO  org.hibernate.orm.connections.access - HHH10001501: Connection obtained from JdbcConnectionAccess [org.hibernate.engine.jdbc.env.internal.JdbcEnvironmentInitiator$ConnectionProviderJdbcConnectionAccess@2d55e826] for (non-JTA) DDL execution was not in auto-commit mode; the Connection 'local transaction' will be committed and the Connection will be set into auto-commit mode.
23:54:29.542 INFO  o.h.e.t.j.p.i.JtaPlatformInitiator - HHH000490: Using JtaPlatform implementation: [org.hibernate.engine.transaction.jta.platform.internal.NoJtaPlatform]
00:03:48.123 INFO  org.hibernate.Version - HHH000412: Hibernate ORM core version 5.6.7.Final
00:03:48.340 WARN  org.hibernate.orm.deprecation - HHH90000012: Recognized obsolete hibernate namespace http://hibernate.sourceforge.net/hibernate-configuration. Use namespace http://www.hibernate.org/dtd/hibernate-configuration instead.  Support for obsolete DTD/XSD namespaces may be removed at any time.
00:03:48.670 INFO  o.h.annotations.common.Version - HCANN000001: Hibernate Commons Annotations {5.1.2.Final}
00:03:48.841 WARN  o.hibernate.orm.connections.pooling - HHH10001002: Using Hibernate built-in connection pool (not for production use!)
00:03:48.845 INFO  o.hibernate.orm.connections.pooling - HHH10001005: using driver [org.postgresql.Driver] at URL [jdbc:postgresql://localhost:5432/finalproject]
00:03:48.846 INFO  o.hibernate.orm.connections.pooling - HHH10001001: Connection properties: {password=****, pool_size=1, user=omid}
00:03:48.846 INFO  o.hibernate.orm.connections.pooling - HHH10001003: Autocommit mode: false
00:03:48.849 INFO  o.h.e.j.c.i.DriverManagerConnectionProviderImpl - HHH000115: Hibernate connection pool size: 20 (min=1)
00:03:48.941 INFO  org.hibernate.dialect.Dialect - HHH000400: Using dialect: org.hibernate.dialect.PostgreSQLDialect
00:03:49.453 INFO  org.hibernate.orm.connections.access - HHH10001501: Connection obtained from JdbcConnectionAccess [org.hibernate.engine.jdbc.env.internal.JdbcEnvironmentInitiator$ConnectionProviderJdbcConnectionAccess@2703d91] for (non-JTA) DDL execution was not in auto-commit mode; the Connection 'local transaction' will be committed and the Connection will be set into auto-commit mode.
00:03:49.475 INFO  o.h.e.t.j.p.i.JtaPlatformInitiator - HHH000490: Using JtaPlatform implementation: [org.hibernate.engine.transaction.jta.platform.internal.NoJtaPlatform]
00:04:55.356 INFO  org.hibernate.Version - HHH000412: Hibernate ORM core version 5.6.7.Final
00:04:55.581 WARN  org.hibernate.orm.deprecation - HHH90000012: Recognized obsolete hibernate namespace http://hibernate.sourceforge.net/hibernate-configuration. Use namespace http://www.hibernate.org/dtd/hibernate-configuration instead.  Support for obsolete DTD/XSD namespaces may be removed at any time.
00:04:55.908 INFO  o.h.annotations.common.Version - HCANN000001: Hibernate Commons Annotations {5.1.2.Final}
00:04:56.043 WARN  o.hibernate.orm.connections.pooling - HHH10001002: Using Hibernate built-in connection pool (not for production use!)
00:04:56.049 INFO  o.hibernate.orm.connections.pooling - HHH10001005: using driver [org.postgresql.Driver] at URL [jdbc:postgresql://localhost:5432/finalproject]
00:04:56.051 INFO  o.hibernate.orm.connections.pooling - HHH10001001: Connection properties: {password=****, pool_size=1, user=omid}
00:04:56.052 INFO  o.hibernate.orm.connections.pooling - HHH10001003: Autocommit mode: false
00:04:56.056 INFO  o.h.e.j.c.i.DriverManagerConnectionProviderImpl - HHH000115: Hibernate connection pool size: 20 (min=1)
00:04:56.167 INFO  org.hibernate.dialect.Dialect - HHH000400: Using dialect: org.hibernate.dialect.PostgreSQLDialect
00:04:56.653 INFO  org.hibernate.orm.connections.access - HHH10001501: Connection obtained from JdbcConnectionAccess [org.hibernate.engine.jdbc.env.internal.JdbcEnvironmentInitiator$ConnectionProviderJdbcConnectionAccess@383c3eb3] for (non-JTA) DDL execution was not in auto-commit mode; the Connection 'local transaction' will be committed and the Connection will be set into auto-commit mode.
00:04:56.674 INFO  o.h.e.t.j.p.i.JtaPlatformInitiator - HHH000490: Using JtaPlatform implementation: [org.hibernate.engine.transaction.jta.platform.internal.NoJtaPlatform]
00:05:04.916 INFO  org.hibernate.Version - HHH000412: Hibernate ORM core version 5.6.7.Final
00:05:05.140 WARN  org.hibernate.orm.deprecation - HHH90000012: Recognized obsolete hibernate namespace http://hibernate.sourceforge.net/hibernate-configuration. Use namespace http://www.hibernate.org/dtd/hibernate-configuration instead.  Support for obsolete DTD/XSD namespaces may be removed at any time.
00:05:05.575 INFO  o.h.annotations.common.Version - HCANN000001: Hibernate Commons Annotations {5.1.2.Final}
00:05:05.719 WARN  o.hibernate.orm.connections.pooling - HHH10001002: Using Hibernate built-in connection pool (not for production use!)
00:05:05.724 INFO  o.hibernate.orm.connections.pooling - HHH10001005: using driver [org.postgresql.Driver] at URL [jdbc:postgresql://localhost:5432/finalproject]
00:05:05.726 INFO  o.hibernate.orm.connections.pooling - HHH10001001: Connection properties: {password=****, pool_size=1, user=omid}
00:05:05.727 INFO  o.hibernate.orm.connections.pooling - HHH10001003: Autocommit mode: false
00:05:05.729 INFO  o.h.e.j.c.i.DriverManagerConnectionProviderImpl - HHH000115: Hibernate connection pool size: 20 (min=1)
00:05:05.831 INFO  org.hibernate.dialect.Dialect - HHH000400: Using dialect: org.hibernate.dialect.PostgreSQLDialect
00:05:06.446 INFO  org.hibernate.orm.connections.access - HHH10001501: Connection obtained from JdbcConnectionAccess [org.hibernate.engine.jdbc.env.internal.JdbcEnvironmentInitiator$ConnectionProviderJdbcConnectionAccess@5be052ca] for (non-JTA) DDL execution was not in auto-commit mode; the Connection 'local transaction' will be committed and the Connection will be set into auto-commit mode.
00:05:06.468 INFO  o.h.e.t.j.p.i.JtaPlatformInitiator - HHH000490: Using JtaPlatform implementation: [org.hibernate.engine.transaction.jta.platform.internal.NoJtaPlatform]
00:18:56.336 INFO  org.hibernate.Version - HHH000412: Hibernate ORM core version 5.6.7.Final
00:18:56.519 WARN  org.hibernate.orm.deprecation - HHH90000012: Recognized obsolete hibernate namespace http://hibernate.sourceforge.net/hibernate-configuration. Use namespace http://www.hibernate.org/dtd/hibernate-configuration instead.  Support for obsolete DTD/XSD namespaces may be removed at any time.
00:18:56.791 INFO  o.h.annotations.common.Version - HCANN000001: Hibernate Commons Annotations {5.1.2.Final}
00:18:56.905 WARN  o.hibernate.orm.connections.pooling - HHH10001002: Using Hibernate built-in connection pool (not for production use!)
00:18:56.910 INFO  o.hibernate.orm.connections.pooling - HHH10001005: using driver [org.postgresql.Driver] at URL [jdbc:postgresql://localhost:5432/finalproject]
00:18:56.911 INFO  o.hibernate.orm.connections.pooling - HHH10001001: Connection properties: {password=****, pool_size=1, user=omid}
00:18:56.911 INFO  o.hibernate.orm.connections.pooling - HHH10001003: Autocommit mode: false
00:18:56.914 INFO  o.h.e.j.c.i.DriverManagerConnectionProviderImpl - HHH000115: Hibernate connection pool size: 20 (min=1)
00:18:57.052 INFO  org.hibernate.dialect.Dialect - HHH000400: Using dialect: org.hibernate.dialect.PostgreSQLDialect
00:18:57.824 INFO  org.hibernate.orm.connections.access - HHH10001501: Connection obtained from JdbcConnectionAccess [org.hibernate.engine.jdbc.env.internal.JdbcEnvironmentInitiator$ConnectionProviderJdbcConnectionAccess@34332b8d] for (non-JTA) DDL execution was not in auto-commit mode; the Connection 'local transaction' will be committed and the Connection will be set into auto-commit mode.
00:18:57.849 INFO  o.h.e.t.j.p.i.JtaPlatformInitiator - HHH000490: Using JtaPlatform implementation: [org.hibernate.engine.transaction.jta.platform.internal.NoJtaPlatform]
00:18:58.010 ERROR org.example.panels.StartPanel - wrong username or password
08:34:58.949 INFO  org.hibernate.Version - HHH000412: Hibernate ORM core version 5.6.7.Final
08:35:00.657 WARN  org.hibernate.orm.deprecation - HHH90000012: Recognized obsolete hibernate namespace http://hibernate.sourceforge.net/hibernate-configuration. Use namespace http://www.hibernate.org/dtd/hibernate-configuration instead.  Support for obsolete DTD/XSD namespaces may be removed at any time.
08:35:01.035 INFO  o.h.annotations.common.Version - HCANN000001: Hibernate Commons Annotations {5.1.2.Final}
08:35:01.150 WARN  o.hibernate.orm.connections.pooling - HHH10001002: Using Hibernate built-in connection pool (not for production use!)
08:35:01.164 INFO  o.hibernate.orm.connections.pooling - HHH10001005: using driver [org.postgresql.Driver] at URL [jdbc:postgresql://localhost:5432/finalproject]
08:35:01.164 INFO  o.hibernate.orm.connections.pooling - HHH10001001: Connection properties: {password=****, pool_size=1, user=omid}
08:35:01.165 INFO  o.hibernate.orm.connections.pooling - HHH10001003: Autocommit mode: false
08:35:01.167 INFO  o.h.e.j.c.i.DriverManagerConnectionProviderImpl - HHH000115: Hibernate connection pool size: 20 (min=1)
08:35:01.293 INFO  org.hibernate.dialect.Dialect - HHH000400: Using dialect: org.hibernate.dialect.PostgreSQLDialect
08:35:01.855 INFO  org.hibernate.orm.connections.access - HHH10001501: Connection obtained from JdbcConnectionAccess [org.hibernate.engine.jdbc.env.internal.JdbcEnvironmentInitiator$ConnectionProviderJdbcConnectionAccess@4d1ff6b1] for (non-JTA) DDL execution was not in auto-commit mode; the Connection 'local transaction' will be committed and the Connection will be set into auto-commit mode.
08:35:01.877 INFO  o.h.e.t.j.p.i.JtaPlatformInitiator - HHH000490: Using JtaPlatform implementation: [org.hibernate.engine.transaction.jta.platform.internal.NoJtaPlatform]
08:35:01.943 INFO  org.example.panels.StartPanel - User omid@gmail.com created successfully
08:41:29.518 INFO  org.hibernate.Version - HHH000412: Hibernate ORM core version 5.6.7.Final
08:41:29.752 WARN  org.hibernate.orm.deprecation - HHH90000012: Recognized obsolete hibernate namespace http://hibernate.sourceforge.net/hibernate-configuration. Use namespace http://www.hibernate.org/dtd/hibernate-configuration instead.  Support for obsolete DTD/XSD namespaces may be removed at any time.
08:41:30.205 INFO  o.h.annotations.common.Version - HCANN000001: Hibernate Commons Annotations {5.1.2.Final}
08:41:30.400 WARN  o.hibernate.orm.connections.pooling - HHH10001002: Using Hibernate built-in connection pool (not for production use!)
08:41:30.405 INFO  o.hibernate.orm.connections.pooling - HHH10001005: using driver [org.postgresql.Driver] at URL [jdbc:postgresql://localhost:5432/finalproject]
08:41:30.405 INFO  o.hibernate.orm.connections.pooling - HHH10001001: Connection properties: {password=****, pool_size=1, user=omid}
08:41:30.405 INFO  o.hibernate.orm.connections.pooling - HHH10001003: Autocommit mode: false
08:41:30.408 INFO  o.h.e.j.c.i.DriverManagerConnectionProviderImpl - HHH000115: Hibernate connection pool size: 20 (min=1)
08:41:30.536 INFO  org.hibernate.dialect.Dialect - HHH000400: Using dialect: org.hibernate.dialect.PostgreSQLDialect
08:41:31.132 INFO  org.hibernate.orm.connections.access - HHH10001501: Connection obtained from JdbcConnectionAccess [org.hibernate.engine.jdbc.env.internal.JdbcEnvironmentInitiator$ConnectionProviderJdbcConnectionAccess@4d1ff6b1] for (non-JTA) DDL execution was not in auto-commit mode; the Connection 'local transaction' will be committed and the Connection will be set into auto-commit mode.
08:41:31.168 INFO  o.h.e.t.j.p.i.JtaPlatformInitiator - HHH000490: Using JtaPlatform implementation: [org.hibernate.engine.transaction.jta.platform.internal.NoJtaPlatform]
08:41:31.283 INFO  org.example.panels.StartPanel - User ali@gm created successfully
08:49:34.567 INFO  org.hibernate.Version - HHH000412: Hibernate ORM core version 5.6.7.Final
08:49:34.713 WARN  org.hibernate.orm.deprecation - HHH90000012: Recognized obsolete hibernate namespace http://hibernate.sourceforge.net/hibernate-configuration. Use namespace http://www.hibernate.org/dtd/hibernate-configuration instead.  Support for obsolete DTD/XSD namespaces may be removed at any time.
08:49:35.002 INFO  o.h.annotations.common.Version - HCANN000001: Hibernate Commons Annotations {5.1.2.Final}
08:49:35.120 WARN  o.hibernate.orm.connections.pooling - HHH10001002: Using Hibernate built-in connection pool (not for production use!)
08:49:35.124 INFO  o.hibernate.orm.connections.pooling - HHH10001005: using driver [org.postgresql.Driver] at URL [jdbc:postgresql://localhost:5432/finalproject]
08:49:35.124 INFO  o.hibernate.orm.connections.pooling - HHH10001001: Connection properties: {password=****, pool_size=1, user=omid}
08:49:35.125 INFO  o.hibernate.orm.connections.pooling - HHH10001003: Autocommit mode: false
08:49:35.127 INFO  o.h.e.j.c.i.DriverManagerConnectionProviderImpl - HHH000115: Hibernate connection pool size: 20 (min=1)
08:49:35.212 INFO  org.hibernate.dialect.Dialect - HHH000400: Using dialect: org.hibernate.dialect.PostgreSQLDialect
08:49:35.753 INFO  org.hibernate.orm.connections.access - HHH10001501: Connection obtained from JdbcConnectionAccess [org.hibernate.engine.jdbc.env.internal.JdbcEnvironmentInitiator$ConnectionProviderJdbcConnectionAccess@4d1ff6b1] for (non-JTA) DDL execution was not in auto-commit mode; the Connection 'local transaction' will be committed and the Connection will be set into auto-commit mode.
08:49:35.781 INFO  o.h.e.t.j.p.i.JtaPlatformInitiator - HHH000490: Using JtaPlatform implementation: [org.hibernate.engine.transaction.jta.platform.internal.NoJtaPlatform]
08:49:35.862 INFO  org.example.panels.StartPanel - User sljf created successfully
08:53:10.151 INFO  org.hibernate.Version - HHH000412: Hibernate ORM core version 5.6.7.Final
08:53:10.296 WARN  org.hibernate.orm.deprecation - HHH90000012: Recognized obsolete hibernate namespace http://hibernate.sourceforge.net/hibernate-configuration. Use namespace http://www.hibernate.org/dtd/hibernate-configuration instead.  Support for obsolete DTD/XSD namespaces may be removed at any time.
08:53:10.582 INFO  o.h.annotations.common.Version - HCANN000001: Hibernate Commons Annotations {5.1.2.Final}
08:53:10.696 WARN  o.hibernate.orm.connections.pooling - HHH10001002: Using Hibernate built-in connection pool (not for production use!)
08:53:10.701 INFO  o.hibernate.orm.connections.pooling - HHH10001005: using driver [org.postgresql.Driver] at URL [jdbc:postgresql://localhost:5432/finalproject]
08:53:10.702 INFO  o.hibernate.orm.connections.pooling - HHH10001001: Connection properties: {password=****, pool_size=1, user=omid}
08:53:10.702 INFO  o.hibernate.orm.connections.pooling - HHH10001003: Autocommit mode: false
08:53:10.705 INFO  o.h.e.j.c.i.DriverManagerConnectionProviderImpl - HHH000115: Hibernate connection pool size: 20 (min=1)
08:53:10.808 INFO  org.hibernate.dialect.Dialect - HHH000400: Using dialect: org.hibernate.dialect.PostgreSQLDialect
08:53:11.396 INFO  org.hibernate.orm.connections.access - HHH10001501: Connection obtained from JdbcConnectionAccess [org.hibernate.engine.jdbc.env.internal.JdbcEnvironmentInitiator$ConnectionProviderJdbcConnectionAccess@4d1ff6b1] for (non-JTA) DDL execution was not in auto-commit mode; the Connection 'local transaction' will be committed and the Connection will be set into auto-commit mode.
08:53:11.417 INFO  o.h.e.t.j.p.i.JtaPlatformInitiator - HHH000490: Using JtaPlatform implementation: [org.hibernate.engine.transaction.jta.platform.internal.NoJtaPlatform]
08:53:11.498 INFO  org.example.panels.StartPanel - User skfh created successfully
09:18:54.782 INFO  org.hibernate.Version - HHH000412: Hibernate ORM core version 5.6.7.Final
09:18:54.940 WARN  org.hibernate.orm.deprecation - HHH90000012: Recognized obsolete hibernate namespace http://hibernate.sourceforge.net/hibernate-configuration. Use namespace http://www.hibernate.org/dtd/hibernate-configuration instead.  Support for obsolete DTD/XSD namespaces may be removed at any time.
09:18:55.249 INFO  o.h.annotations.common.Version - HCANN000001: Hibernate Commons Annotations {5.1.2.Final}
09:18:55.393 WARN  o.hibernate.orm.connections.pooling - HHH10001002: Using Hibernate built-in connection pool (not for production use!)
09:18:55.400 INFO  o.hibernate.orm.connections.pooling - HHH10001005: using driver [org.postgresql.Driver] at URL [jdbc:postgresql://localhost:5432/finalproject]
09:18:55.401 INFO  o.hibernate.orm.connections.pooling - HHH10001001: Connection properties: {password=****, pool_size=1, user=omid}
09:18:55.401 INFO  o.hibernate.orm.connections.pooling - HHH10001003: Autocommit mode: false
09:18:55.405 INFO  o.h.e.j.c.i.DriverManagerConnectionProviderImpl - HHH000115: Hibernate connection pool size: 20 (min=1)
09:18:55.580 INFO  org.hibernate.dialect.Dialect - HHH000400: Using dialect: org.hibernate.dialect.PostgreSQLDialect
09:18:56.158 INFO  org.hibernate.orm.connections.access - HHH10001501: Connection obtained from JdbcConnectionAccess [org.hibernate.engine.jdbc.env.internal.JdbcEnvironmentInitiator$ConnectionProviderJdbcConnectionAccess@4d1ff6b1] for (non-JTA) DDL execution was not in auto-commit mode; the Connection 'local transaction' will be committed and the Connection will be set into auto-commit mode.
09:18:56.237 INFO  o.h.e.t.j.p.i.JtaPlatformInitiator - HHH000490: Using JtaPlatform implementation: [org.hibernate.engine.transaction.jta.platform.internal.NoJtaPlatform]
09:18:56.364 INFO  org.example.panels.StartPanel - User alj created successfully
10:24:12.373 INFO  org.hibernate.Version - HHH000412: Hibernate ORM core version 5.6.7.Final
10:24:14.132 WARN  org.hibernate.orm.deprecation - HHH90000012: Recognized obsolete hibernate namespace http://hibernate.sourceforge.net/hibernate-configuration. Use namespace http://www.hibernate.org/dtd/hibernate-configuration instead.  Support for obsolete DTD/XSD namespaces may be removed at any time.
10:24:14.480 INFO  o.h.annotations.common.Version - HCANN000001: Hibernate Commons Annotations {5.1.2.Final}
10:24:14.596 WARN  o.hibernate.orm.connections.pooling - HHH10001002: Using Hibernate built-in connection pool (not for production use!)
10:24:14.600 INFO  o.hibernate.orm.connections.pooling - HHH10001005: using driver [org.postgresql.Driver] at URL [jdbc:postgresql://localhost:5432/finalproject]
10:24:14.600 INFO  o.hibernate.orm.connections.pooling - HHH10001001: Connection properties: {password=****, pool_size=1, user=omid}
10:24:14.600 INFO  o.hibernate.orm.connections.pooling - HHH10001003: Autocommit mode: false
10:24:14.602 INFO  o.h.e.j.c.i.DriverManagerConnectionProviderImpl - HHH000115: Hibernate connection pool size: 20 (min=1)
10:24:14.762 INFO  org.hibernate.dialect.Dialect - HHH000400: Using dialect: org.hibernate.dialect.PostgreSQLDialect
10:24:15.350 INFO  org.hibernate.orm.connections.access - HHH10001501: Connection obtained from JdbcConnectionAccess [org.hibernate.engine.jdbc.env.internal.JdbcEnvironmentInitiator$ConnectionProviderJdbcConnectionAccess@7d247660] for (non-JTA) DDL execution was not in auto-commit mode; the Connection 'local transaction' will be committed and the Connection will be set into auto-commit mode.
10:24:15.387 INFO  o.h.e.t.j.p.i.JtaPlatformInitiator - HHH000490: Using JtaPlatform implementation: [org.hibernate.engine.transaction.jta.platform.internal.NoJtaPlatform]
10:24:15.459 INFO  org.example.panels.StartPanel - User omid@gmail.com created successfully
10:54:08.314 INFO  org.hibernate.Version - HHH000412: Hibernate ORM core version 5.6.7.Final
10:54:08.454 WARN  org.hibernate.orm.deprecation - HHH90000012: Recognized obsolete hibernate namespace http://hibernate.sourceforge.net/hibernate-configuration. Use namespace http://www.hibernate.org/dtd/hibernate-configuration instead.  Support for obsolete DTD/XSD namespaces may be removed at any time.
10:54:08.768 INFO  o.h.annotations.common.Version - HCANN000001: Hibernate Commons Annotations {5.1.2.Final}
10:54:08.879 WARN  o.hibernate.orm.connections.pooling - HHH10001002: Using Hibernate built-in connection pool (not for production use!)
10:54:08.882 INFO  o.hibernate.orm.connections.pooling - HHH10001005: using driver [org.postgresql.Driver] at URL [jdbc:postgresql://localhost:5432/finalproject]
10:54:08.883 INFO  o.hibernate.orm.connections.pooling - HHH10001001: Connection properties: {password=****, pool_size=1, user=omid}
10:54:08.883 INFO  o.hibernate.orm.connections.pooling - HHH10001003: Autocommit mode: false
10:54:08.885 INFO  o.h.e.j.c.i.DriverManagerConnectionProviderImpl - HHH000115: Hibernate connection pool size: 20 (min=1)
10:54:09.029 INFO  org.hibernate.dialect.Dialect - HHH000400: Using dialect: org.hibernate.dialect.PostgreSQLDialect
10:54:09.616 INFO  org.hibernate.orm.connections.access - HHH10001501: Connection obtained from JdbcConnectionAccess [org.hibernate.engine.jdbc.env.internal.JdbcEnvironmentInitiator$ConnectionProviderJdbcConnectionAccess@7cca01a8] for (non-JTA) DDL execution was not in auto-commit mode; the Connection 'local transaction' will be committed and the Connection will be set into auto-commit mode.
10:54:09.639 INFO  o.h.e.t.j.p.i.JtaPlatformInitiator - HHH000490: Using JtaPlatform implementation: [org.hibernate.engine.transaction.jta.platform.internal.NoJtaPlatform]
10:55:27.678 INFO  org.hibernate.Version - HHH000412: Hibernate ORM core version 5.6.7.Final
10:55:27.835 WARN  org.hibernate.orm.deprecation - HHH90000012: Recognized obsolete hibernate namespace http://hibernate.sourceforge.net/hibernate-configuration. Use namespace http://www.hibernate.org/dtd/hibernate-configuration instead.  Support for obsolete DTD/XSD namespaces may be removed at any time.
10:55:28.114 INFO  o.h.annotations.common.Version - HCANN000001: Hibernate Commons Annotations {5.1.2.Final}
10:55:28.220 WARN  o.hibernate.orm.connections.pooling - HHH10001002: Using Hibernate built-in connection pool (not for production use!)
10:55:28.224 INFO  o.hibernate.orm.connections.pooling - HHH10001005: using driver [org.postgresql.Driver] at URL [jdbc:postgresql://localhost:5432/finalproject]
10:55:28.224 INFO  o.hibernate.orm.connections.pooling - HHH10001001: Connection properties: {password=****, pool_size=1, user=omid}
10:55:28.224 INFO  o.hibernate.orm.connections.pooling - HHH10001003: Autocommit mode: false
10:55:28.227 INFO  o.h.e.j.c.i.DriverManagerConnectionProviderImpl - HHH000115: Hibernate connection pool size: 20 (min=1)
10:55:28.331 INFO  org.hibernate.dialect.Dialect - HHH000400: Using dialect: org.hibernate.dialect.PostgreSQLDialect
10:55:28.883 INFO  org.hibernate.orm.connections.access - HHH10001501: Connection obtained from JdbcConnectionAccess [org.hibernate.engine.jdbc.env.internal.JdbcEnvironmentInitiator$ConnectionProviderJdbcConnectionAccess@7cca01a8] for (non-JTA) DDL execution was not in auto-commit mode; the Connection 'local transaction' will be committed and the Connection will be set into auto-commit mode.
10:55:28.910 INFO  o.h.e.t.j.p.i.JtaPlatformInitiator - HHH000490: Using JtaPlatform implementation: [org.hibernate.engine.transaction.jta.platform.internal.NoJtaPlatform]
11:21:12.958 INFO  org.hibernate.Version - HHH000412: Hibernate ORM core version 5.6.7.Final
11:21:13.523 WARN  org.hibernate.orm.deprecation - HHH90000012: Recognized obsolete hibernate namespace http://hibernate.sourceforge.net/hibernate-configuration. Use namespace http://www.hibernate.org/dtd/hibernate-configuration instead.  Support for obsolete DTD/XSD namespaces may be removed at any time.
11:21:14.596 INFO  o.h.annotations.common.Version - HCANN000001: Hibernate Commons Annotations {5.1.2.Final}
11:21:14.953 WARN  o.hibernate.orm.connections.pooling - HHH10001002: Using Hibernate built-in connection pool (not for production use!)
11:21:15.019 INFO  o.hibernate.orm.connections.pooling - HHH10001005: using driver [org.postgresql.Driver] at URL [jdbc:postgresql://localhost:5432/finalproject]
11:21:15.019 INFO  o.hibernate.orm.connections.pooling - HHH10001001: Connection properties: {password=****, pool_size=1, user=omid}
11:21:15.019 INFO  o.hibernate.orm.connections.pooling - HHH10001003: Autocommit mode: false
11:21:15.021 INFO  o.h.e.j.c.i.DriverManagerConnectionProviderImpl - HHH000115: Hibernate connection pool size: 20 (min=1)
11:21:15.717 INFO  org.hibernate.dialect.Dialect - HHH000400: Using dialect: org.hibernate.dialect.PostgreSQLDialect
11:21:16.699 INFO  org.hibernate.orm.connections.access - HHH10001501: Connection obtained from JdbcConnectionAccess [org.hibernate.engine.jdbc.env.internal.JdbcEnvironmentInitiator$ConnectionProviderJdbcConnectionAccess@4fdca00a] for (non-JTA) DDL execution was not in auto-commit mode; the Connection 'local transaction' will be committed and the Connection will be set into auto-commit mode.
11:21:16.720 INFO  o.h.e.t.j.p.i.JtaPlatformInitiator - HHH000490: Using JtaPlatform implementation: [org.hibernate.engine.transaction.jta.platform.internal.NoJtaPlatform]
11:21:16.836 INFO  org.example.panels.StartPanel - User omidh@gmail.com created successfully
15:49:36.183 INFO  org.hibernate.Version - HHH000412: Hibernate ORM core version 5.6.7.Final
15:49:36.425 WARN  org.hibernate.orm.deprecation - HHH90000012: Recognized obsolete hibernate namespace http://hibernate.sourceforge.net/hibernate-configuration. Use namespace http://www.hibernate.org/dtd/hibernate-configuration instead.  Support for obsolete DTD/XSD namespaces may be removed at any time.
15:49:36.826 INFO  o.h.annotations.common.Version - HCANN000001: Hibernate Commons Annotations {5.1.2.Final}
15:49:36.943 WARN  o.hibernate.orm.connections.pooling - HHH10001002: Using Hibernate built-in connection pool (not for production use!)
15:49:36.955 INFO  o.hibernate.orm.connections.pooling - HHH10001005: using driver [org.postgresql.Driver] at URL [jdbc:postgresql://localhost:5432/finalproject]
15:49:36.956 INFO  o.hibernate.orm.connections.pooling - HHH10001001: Connection properties: {password=****, pool_size=1, user=omid}
15:49:36.956 INFO  o.hibernate.orm.connections.pooling - HHH10001003: Autocommit mode: false
15:49:36.958 INFO  o.h.e.j.c.i.DriverManagerConnectionProviderImpl - HHH000115: Hibernate connection pool size: 20 (min=1)
15:49:37.121 INFO  org.hibernate.dialect.Dialect - HHH000400: Using dialect: org.hibernate.dialect.PostgreSQLDialect
15:49:37.773 INFO  org.hibernate.orm.connections.access - HHH10001501: Connection obtained from JdbcConnectionAccess [org.hibernate.engine.jdbc.env.internal.JdbcEnvironmentInitiator$ConnectionProviderJdbcConnectionAccess@462abec3] for (non-JTA) DDL execution was not in auto-commit mode; the Connection 'local transaction' will be committed and the Connection will be set into auto-commit mode.
15:49:37.832 INFO  o.h.e.t.j.p.i.JtaPlatformInitiator - HHH000490: Using JtaPlatform implementation: [org.hibernate.engine.transaction.jta.platform.internal.NoJtaPlatform]
15:49:37.909 INFO  org.example.panels.StartPanel - User root Logged in successfully 
16:09:58.944 INFO  org.hibernate.Version - HHH000412: Hibernate ORM core version 5.6.7.Final
16:09:59.100 WARN  org.hibernate.orm.deprecation - HHH90000012: Recognized obsolete hibernate namespace http://hibernate.sourceforge.net/hibernate-configuration. Use namespace http://www.hibernate.org/dtd/hibernate-configuration instead.  Support for obsolete DTD/XSD namespaces may be removed at any time.
16:09:59.406 INFO  o.h.annotations.common.Version - HCANN000001: Hibernate Commons Annotations {5.1.2.Final}
16:09:59.509 WARN  o.hibernate.orm.connections.pooling - HHH10001002: Using Hibernate built-in connection pool (not for production use!)
16:09:59.513 INFO  o.hibernate.orm.connections.pooling - HHH10001005: using driver [org.postgresql.Driver] at URL [jdbc:postgresql://localhost:5432/finalproject]
16:09:59.513 INFO  o.hibernate.orm.connections.pooling - HHH10001001: Connection properties: {password=****, pool_size=1, user=omid}
16:09:59.513 INFO  o.hibernate.orm.connections.pooling - HHH10001003: Autocommit mode: false
16:09:59.515 INFO  o.h.e.j.c.i.DriverManagerConnectionProviderImpl - HHH000115: Hibernate connection pool size: 20 (min=1)
16:09:59.611 INFO  org.hibernate.dialect.Dialect - HHH000400: Using dialect: org.hibernate.dialect.PostgreSQLDialect
16:10:00.113 INFO  org.hibernate.orm.connections.access - HHH10001501: Connection obtained from JdbcConnectionAccess [org.hibernate.engine.jdbc.env.internal.JdbcEnvironmentInitiator$ConnectionProviderJdbcConnectionAccess@462abec3] for (non-JTA) DDL execution was not in auto-commit mode; the Connection 'local transaction' will be committed and the Connection will be set into auto-commit mode.
16:10:00.141 INFO  o.h.e.t.j.p.i.JtaPlatformInitiator - HHH000490: Using JtaPlatform implementation: [org.hibernate.engine.transaction.jta.platform.internal.NoJtaPlatform]
16:10:00.242 INFO  org.example.panels.StartPanel - User root Logged in successfully 
16:10:42.504 INFO  org.hibernate.Version - HHH000412: Hibernate ORM core version 5.6.7.Final
16:10:42.731 WARN  org.hibernate.orm.deprecation - HHH90000012: Recognized obsolete hibernate namespace http://hibernate.sourceforge.net/hibernate-configuration. Use namespace http://www.hibernate.org/dtd/hibernate-configuration instead.  Support for obsolete DTD/XSD namespaces may be removed at any time.
16:10:43.146 INFO  o.h.annotations.common.Version - HCANN000001: Hibernate Commons Annotations {5.1.2.Final}
16:10:43.318 WARN  o.hibernate.orm.connections.pooling - HHH10001002: Using Hibernate built-in connection pool (not for production use!)
16:10:43.324 INFO  o.hibernate.orm.connections.pooling - HHH10001005: using driver [org.postgresql.Driver] at URL [jdbc:postgresql://localhost:5432/finalproject]
16:10:43.324 INFO  o.hibernate.orm.connections.pooling - HHH10001001: Connection properties: {password=****, pool_size=1, user=omid}
16:10:43.324 INFO  o.hibernate.orm.connections.pooling - HHH10001003: Autocommit mode: false
16:10:43.327 INFO  o.h.e.j.c.i.DriverManagerConnectionProviderImpl - HHH000115: Hibernate connection pool size: 20 (min=1)
16:10:43.484 INFO  org.hibernate.dialect.Dialect - HHH000400: Using dialect: org.hibernate.dialect.PostgreSQLDialect
16:10:44.083 INFO  org.hibernate.orm.connections.access - HHH10001501: Connection obtained from JdbcConnectionAccess [org.hibernate.engine.jdbc.env.internal.JdbcEnvironmentInitiator$ConnectionProviderJdbcConnectionAccess@51ab1ee3] for (non-JTA) DDL execution was not in auto-commit mode; the Connection 'local transaction' will be committed and the Connection will be set into auto-commit mode.
16:10:44.110 INFO  o.h.e.t.j.p.i.JtaPlatformInitiator - HHH000490: Using JtaPlatform implementation: [org.hibernate.engine.transaction.jta.platform.internal.NoJtaPlatform]
16:10:44.208 INFO  org.example.panels.StartPanel - User root Logged in successfully 
16:25:51.268 INFO  org.hibernate.Version - HHH000412: Hibernate ORM core version 5.6.7.Final
16:25:51.423 WARN  org.hibernate.orm.deprecation - HHH90000012: Recognized obsolete hibernate namespace http://hibernate.sourceforge.net/hibernate-configuration. Use namespace http://www.hibernate.org/dtd/hibernate-configuration instead.  Support for obsolete DTD/XSD namespaces may be removed at any time.
16:25:51.638 INFO  o.h.annotations.common.Version - HCANN000001: Hibernate Commons Annotations {5.1.2.Final}
16:25:51.733 WARN  o.hibernate.orm.connections.pooling - HHH10001002: Using Hibernate built-in connection pool (not for production use!)
16:25:51.737 INFO  o.hibernate.orm.connections.pooling - HHH10001005: using driver [org.postgresql.Driver] at URL [jdbc:postgresql://localhost:5432/finalproject]
16:25:51.737 INFO  o.hibernate.orm.connections.pooling - HHH10001001: Connection properties: {password=****, pool_size=1, user=omid}
16:25:51.738 INFO  o.hibernate.orm.connections.pooling - HHH10001003: Autocommit mode: false
16:25:51.740 INFO  o.h.e.j.c.i.DriverManagerConnectionProviderImpl - HHH000115: Hibernate connection pool size: 20 (min=1)
16:25:51.879 INFO  org.hibernate.dialect.Dialect - HHH000400: Using dialect: org.hibernate.dialect.PostgreSQLDialect
16:25:52.463 INFO  org.hibernate.orm.connections.access - HHH10001501: Connection obtained from JdbcConnectionAccess [org.hibernate.engine.jdbc.env.internal.JdbcEnvironmentInitiator$ConnectionProviderJdbcConnectionAccess@7cca01a8] for (non-JTA) DDL execution was not in auto-commit mode; the Connection 'local transaction' will be committed and the Connection will be set into auto-commit mode.
16:25:52.501 INFO  o.h.e.t.j.p.i.JtaPlatformInitiator - HHH000490: Using JtaPlatform implementation: [org.hibernate.engine.transaction.jta.platform.internal.NoJtaPlatform]
16:25:52.584 INFO  org.example.panels.StartPanel - User root Logged in successfully 
16:40:50.339 INFO  org.hibernate.Version - HHH000412: Hibernate ORM core version 5.6.7.Final
16:40:50.549 WARN  org.hibernate.orm.deprecation - HHH90000012: Recognized obsolete hibernate namespace http://hibernate.sourceforge.net/hibernate-configuration. Use namespace http://www.hibernate.org/dtd/hibernate-configuration instead.  Support for obsolete DTD/XSD namespaces may be removed at any time.
16:40:50.833 INFO  o.h.annotations.common.Version - HCANN000001: Hibernate Commons Annotations {5.1.2.Final}
16:40:50.936 WARN  o.hibernate.orm.connections.pooling - HHH10001002: Using Hibernate built-in connection pool (not for production use!)
16:40:50.940 INFO  o.hibernate.orm.connections.pooling - HHH10001005: using driver [org.postgresql.Driver] at URL [jdbc:postgresql://localhost:5432/finalproject]
16:40:50.941 INFO  o.hibernate.orm.connections.pooling - HHH10001001: Connection properties: {password=****, pool_size=1, user=omid}
16:40:50.941 INFO  o.hibernate.orm.connections.pooling - HHH10001003: Autocommit mode: false
16:40:50.943 INFO  o.h.e.j.c.i.DriverManagerConnectionProviderImpl - HHH000115: Hibernate connection pool size: 20 (min=1)
16:40:51.029 INFO  org.hibernate.dialect.Dialect - HHH000400: Using dialect: org.hibernate.dialect.PostgreSQLDialect
16:40:51.606 INFO  org.hibernate.orm.connections.access - HHH10001501: Connection obtained from JdbcConnectionAccess [org.hibernate.engine.jdbc.env.internal.JdbcEnvironmentInitiator$ConnectionProviderJdbcConnectionAccess@7cca01a8] for (non-JTA) DDL execution was not in auto-commit mode; the Connection 'local transaction' will be committed and the Connection will be set into auto-commit mode.
16:40:51.632 INFO  o.h.e.t.j.p.i.JtaPlatformInitiator - HHH000490: Using JtaPlatform implementation: [org.hibernate.engine.transaction.jta.platform.internal.NoJtaPlatform]
16:40:51.748 INFO  org.example.panels.StartPanel - User root Logged in successfully 
16:41:38.638 INFO  org.hibernate.Version - HHH000412: Hibernate ORM core version 5.6.7.Final
16:41:38.806 WARN  org.hibernate.orm.deprecation - HHH90000012: Recognized obsolete hibernate namespace http://hibernate.sourceforge.net/hibernate-configuration. Use namespace http://www.hibernate.org/dtd/hibernate-configuration instead.  Support for obsolete DTD/XSD namespaces may be removed at any time.
16:41:39.080 INFO  o.h.annotations.common.Version - HCANN000001: Hibernate Commons Annotations {5.1.2.Final}
16:41:39.208 WARN  o.hibernate.orm.connections.pooling - HHH10001002: Using Hibernate built-in connection pool (not for production use!)
16:41:39.214 INFO  o.hibernate.orm.connections.pooling - HHH10001005: using driver [org.postgresql.Driver] at URL [jdbc:postgresql://localhost:5432/finalproject]
16:41:39.215 INFO  o.hibernate.orm.connections.pooling - HHH10001001: Connection properties: {password=****, pool_size=1, user=omid}
16:41:39.215 INFO  o.hibernate.orm.connections.pooling - HHH10001003: Autocommit mode: false
16:41:39.218 INFO  o.h.e.j.c.i.DriverManagerConnectionProviderImpl - HHH000115: Hibernate connection pool size: 20 (min=1)
16:41:39.322 INFO  org.hibernate.dialect.Dialect - HHH000400: Using dialect: org.hibernate.dialect.PostgreSQLDialect
16:41:39.844 INFO  org.hibernate.orm.connections.access - HHH10001501: Connection obtained from JdbcConnectionAccess [org.hibernate.engine.jdbc.env.internal.JdbcEnvironmentInitiator$ConnectionProviderJdbcConnectionAccess@7cca01a8] for (non-JTA) DDL execution was not in auto-commit mode; the Connection 'local transaction' will be committed and the Connection will be set into auto-commit mode.
16:41:39.869 INFO  o.h.e.t.j.p.i.JtaPlatformInitiator - HHH000490: Using JtaPlatform implementation: [org.hibernate.engine.transaction.jta.platform.internal.NoJtaPlatform]
16:41:39.965 INFO  org.example.panels.StartPanel - User root Logged in successfully 
16:43:51.385 INFO  org.hibernate.Version - HHH000412: Hibernate ORM core version 5.6.7.Final
16:43:51.587 WARN  org.hibernate.orm.deprecation - HHH90000012: Recognized obsolete hibernate namespace http://hibernate.sourceforge.net/hibernate-configuration. Use namespace http://www.hibernate.org/dtd/hibernate-configuration instead.  Support for obsolete DTD/XSD namespaces may be removed at any time.
16:43:51.860 INFO  o.h.annotations.common.Version - HCANN000001: Hibernate Commons Annotations {5.1.2.Final}
16:43:51.949 WARN  o.hibernate.orm.connections.pooling - HHH10001002: Using Hibernate built-in connection pool (not for production use!)
16:43:51.954 INFO  o.hibernate.orm.connections.pooling - HHH10001005: using driver [org.postgresql.Driver] at URL [jdbc:postgresql://localhost:5432/finalproject]
16:43:51.954 INFO  o.hibernate.orm.connections.pooling - HHH10001001: Connection properties: {password=****, pool_size=1, user=omid}
16:43:51.954 INFO  o.hibernate.orm.connections.pooling - HHH10001003: Autocommit mode: false
16:43:51.957 INFO  o.h.e.j.c.i.DriverManagerConnectionProviderImpl - HHH000115: Hibernate connection pool size: 20 (min=1)
16:43:52.069 INFO  org.hibernate.dialect.Dialect - HHH000400: Using dialect: org.hibernate.dialect.PostgreSQLDialect
16:43:52.833 INFO  org.hibernate.orm.connections.access - HHH10001501: Connection obtained from JdbcConnectionAccess [org.hibernate.engine.jdbc.env.internal.JdbcEnvironmentInitiator$ConnectionProviderJdbcConnectionAccess@5584d9c6] for (non-JTA) DDL execution was not in auto-commit mode; the Connection 'local transaction' will be committed and the Connection will be set into auto-commit mode.
16:43:52.913 INFO  o.h.e.t.j.p.i.JtaPlatformInitiator - HHH000490: Using JtaPlatform implementation: [org.hibernate.engine.transaction.jta.platform.internal.NoJtaPlatform]
16:43:53.020 INFO  org.example.panels.StartPanel - User root Logged in successfully 
17:31:31.013 INFO  org.hibernate.Version - HHH000412: Hibernate ORM core version 5.6.7.Final
17:31:31.250 WARN  org.hibernate.orm.deprecation - HHH90000012: Recognized obsolete hibernate namespace http://hibernate.sourceforge.net/hibernate-configuration. Use namespace http://www.hibernate.org/dtd/hibernate-configuration instead.  Support for obsolete DTD/XSD namespaces may be removed at any time.
17:31:31.562 INFO  o.h.annotations.common.Version - HCANN000001: Hibernate Commons Annotations {5.1.2.Final}
17:31:31.693 WARN  o.hibernate.orm.connections.pooling - HHH10001002: Using Hibernate built-in connection pool (not for production use!)
17:31:31.697 INFO  o.hibernate.orm.connections.pooling - HHH10001005: using driver [org.postgresql.Driver] at URL [jdbc:postgresql://localhost:5432/finalproject]
17:31:31.697 INFO  o.hibernate.orm.connections.pooling - HHH10001001: Connection properties: {password=****, pool_size=1, user=omid}
17:31:31.697 INFO  o.hibernate.orm.connections.pooling - HHH10001003: Autocommit mode: false
17:31:31.700 INFO  o.h.e.j.c.i.DriverManagerConnectionProviderImpl - HHH000115: Hibernate connection pool size: 20 (min=1)
17:31:31.865 INFO  org.hibernate.dialect.Dialect - HHH000400: Using dialect: org.hibernate.dialect.PostgreSQLDialect
17:31:32.608 INFO  org.hibernate.orm.connections.access - HHH10001501: Connection obtained from JdbcConnectionAccess [org.hibernate.engine.jdbc.env.internal.JdbcEnvironmentInitiator$ConnectionProviderJdbcConnectionAccess@2f10f633] for (non-JTA) DDL execution was not in auto-commit mode; the Connection 'local transaction' will be committed and the Connection will be set into auto-commit mode.
17:31:32.661 INFO  o.h.e.t.j.p.i.JtaPlatformInitiator - HHH000490: Using JtaPlatform implementation: [org.hibernate.engine.transaction.jta.platform.internal.NoJtaPlatform]
17:31:32.742 INFO  org.example.panels.StartPanel - User root Logged in successfully 
17:33:56.213 INFO  org.hibernate.Version - HHH000412: Hibernate ORM core version 5.6.7.Final
17:33:56.340 WARN  org.hibernate.orm.deprecation - HHH90000012: Recognized obsolete hibernate namespace http://hibernate.sourceforge.net/hibernate-configuration. Use namespace http://www.hibernate.org/dtd/hibernate-configuration instead.  Support for obsolete DTD/XSD namespaces may be removed at any time.
17:33:56.547 INFO  o.h.annotations.common.Version - HCANN000001: Hibernate Commons Annotations {5.1.2.Final}
17:33:56.649 WARN  o.hibernate.orm.connections.pooling - HHH10001002: Using Hibernate built-in connection pool (not for production use!)
17:33:56.653 INFO  o.hibernate.orm.connections.pooling - HHH10001005: using driver [org.postgresql.Driver] at URL [jdbc:postgresql://localhost:5432/finalproject]
17:33:56.653 INFO  o.hibernate.orm.connections.pooling - HHH10001001: Connection properties: {password=****, pool_size=1, user=omid}
17:33:56.653 INFO  o.hibernate.orm.connections.pooling - HHH10001003: Autocommit mode: false
17:33:56.655 INFO  o.h.e.j.c.i.DriverManagerConnectionProviderImpl - HHH000115: Hibernate connection pool size: 20 (min=1)
17:33:56.742 INFO  org.hibernate.dialect.Dialect - HHH000400: Using dialect: org.hibernate.dialect.PostgreSQLDialect
17:33:57.334 INFO  org.hibernate.orm.connections.access - HHH10001501: Connection obtained from JdbcConnectionAccess [org.hibernate.engine.jdbc.env.internal.JdbcEnvironmentInitiator$ConnectionProviderJdbcConnectionAccess@3c9c6245] for (non-JTA) DDL execution was not in auto-commit mode; the Connection 'local transaction' will be committed and the Connection will be set into auto-commit mode.
17:33:57.373 INFO  o.h.e.t.j.p.i.JtaPlatformInitiator - HHH000490: Using JtaPlatform implementation: [org.hibernate.engine.transaction.jta.platform.internal.NoJtaPlatform]
17:33:57.451 INFO  org.example.panels.StartPanel - User root Logged in successfully 
17:34:52.410 INFO  org.hibernate.Version - HHH000412: Hibernate ORM core version 5.6.7.Final
17:34:52.542 WARN  org.hibernate.orm.deprecation - HHH90000012: Recognized obsolete hibernate namespace http://hibernate.sourceforge.net/hibernate-configuration. Use namespace http://www.hibernate.org/dtd/hibernate-configuration instead.  Support for obsolete DTD/XSD namespaces may be removed at any time.
17:34:52.780 INFO  o.h.annotations.common.Version - HCANN000001: Hibernate Commons Annotations {5.1.2.Final}
17:34:52.882 WARN  o.hibernate.orm.connections.pooling - HHH10001002: Using Hibernate built-in connection pool (not for production use!)
17:34:52.887 INFO  o.hibernate.orm.connections.pooling - HHH10001005: using driver [org.postgresql.Driver] at URL [jdbc:postgresql://localhost:5432/finalproject]
17:34:52.887 INFO  o.hibernate.orm.connections.pooling - HHH10001001: Connection properties: {password=****, pool_size=1, user=omid}
17:34:52.887 INFO  o.hibernate.orm.connections.pooling - HHH10001003: Autocommit mode: false
17:34:52.889 INFO  o.h.e.j.c.i.DriverManagerConnectionProviderImpl - HHH000115: Hibernate connection pool size: 20 (min=1)
17:34:52.967 INFO  org.hibernate.dialect.Dialect - HHH000400: Using dialect: org.hibernate.dialect.PostgreSQLDialect
17:34:53.590 INFO  org.hibernate.orm.connections.access - HHH10001501: Connection obtained from JdbcConnectionAccess [org.hibernate.engine.jdbc.env.internal.JdbcEnvironmentInitiator$ConnectionProviderJdbcConnectionAccess@3c9c6245] for (non-JTA) DDL execution was not in auto-commit mode; the Connection 'local transaction' will be committed and the Connection will be set into auto-commit mode.
17:34:53.633 INFO  o.h.e.t.j.p.i.JtaPlatformInitiator - HHH000490: Using JtaPlatform implementation: [org.hibernate.engine.transaction.jta.platform.internal.NoJtaPlatform]
17:34:53.703 INFO  org.example.panels.StartPanel - User root Logged in successfully 
17:35:55.359 INFO  org.hibernate.Version - HHH000412: Hibernate ORM core version 5.6.7.Final
17:35:55.541 WARN  org.hibernate.orm.deprecation - HHH90000012: Recognized obsolete hibernate namespace http://hibernate.sourceforge.net/hibernate-configuration. Use namespace http://www.hibernate.org/dtd/hibernate-configuration instead.  Support for obsolete DTD/XSD namespaces may be removed at any time.
17:35:55.756 INFO  o.h.annotations.common.Version - HCANN000001: Hibernate Commons Annotations {5.1.2.Final}
17:35:55.858 WARN  o.hibernate.orm.connections.pooling - HHH10001002: Using Hibernate built-in connection pool (not for production use!)
17:35:55.862 INFO  o.hibernate.orm.connections.pooling - HHH10001005: using driver [org.postgresql.Driver] at URL [jdbc:postgresql://localhost:5432/finalproject]
17:35:55.862 INFO  o.hibernate.orm.connections.pooling - HHH10001001: Connection properties: {password=****, pool_size=1, user=omid}
17:35:55.863 INFO  o.hibernate.orm.connections.pooling - HHH10001003: Autocommit mode: false
17:35:55.865 INFO  o.h.e.j.c.i.DriverManagerConnectionProviderImpl - HHH000115: Hibernate connection pool size: 20 (min=1)
17:35:55.946 INFO  org.hibernate.dialect.Dialect - HHH000400: Using dialect: org.hibernate.dialect.PostgreSQLDialect
17:35:56.507 INFO  org.hibernate.orm.connections.access - HHH10001501: Connection obtained from JdbcConnectionAccess [org.hibernate.engine.jdbc.env.internal.JdbcEnvironmentInitiator$ConnectionProviderJdbcConnectionAccess@3c9c6245] for (non-JTA) DDL execution was not in auto-commit mode; the Connection 'local transaction' will be committed and the Connection will be set into auto-commit mode.
17:35:56.557 INFO  o.h.e.t.j.p.i.JtaPlatformInitiator - HHH000490: Using JtaPlatform implementation: [org.hibernate.engine.transaction.jta.platform.internal.NoJtaPlatform]
17:35:56.640 INFO  org.example.panels.StartPanel - User root Logged in successfully 
17:36:24.631 INFO  org.hibernate.Version - HHH000412: Hibernate ORM core version 5.6.7.Final
17:36:24.757 WARN  org.hibernate.orm.deprecation - HHH90000012: Recognized obsolete hibernate namespace http://hibernate.sourceforge.net/hibernate-configuration. Use namespace http://www.hibernate.org/dtd/hibernate-configuration instead.  Support for obsolete DTD/XSD namespaces may be removed at any time.
17:36:24.993 INFO  o.h.annotations.common.Version - HCANN000001: Hibernate Commons Annotations {5.1.2.Final}
17:36:25.102 WARN  o.hibernate.orm.connections.pooling - HHH10001002: Using Hibernate built-in connection pool (not for production use!)
17:36:25.106 INFO  o.hibernate.orm.connections.pooling - HHH10001005: using driver [org.postgresql.Driver] at URL [jdbc:postgresql://localhost:5432/finalproject]
17:36:25.106 INFO  o.hibernate.orm.connections.pooling - HHH10001001: Connection properties: {password=****, pool_size=1, user=omid}
17:36:25.107 INFO  o.hibernate.orm.connections.pooling - HHH10001003: Autocommit mode: false
17:36:25.109 INFO  o.h.e.j.c.i.DriverManagerConnectionProviderImpl - HHH000115: Hibernate connection pool size: 20 (min=1)
17:36:25.201 INFO  org.hibernate.dialect.Dialect - HHH000400: Using dialect: org.hibernate.dialect.PostgreSQLDialect
17:36:25.739 INFO  org.hibernate.orm.connections.access - HHH10001501: Connection obtained from JdbcConnectionAccess [org.hibernate.engine.jdbc.env.internal.JdbcEnvironmentInitiator$ConnectionProviderJdbcConnectionAccess@5584d9c6] for (non-JTA) DDL execution was not in auto-commit mode; the Connection 'local transaction' will be committed and the Connection will be set into auto-commit mode.
17:36:25.783 INFO  o.h.e.t.j.p.i.JtaPlatformInitiator - HHH000490: Using JtaPlatform implementation: [org.hibernate.engine.transaction.jta.platform.internal.NoJtaPlatform]
17:36:25.871 INFO  org.example.panels.StartPanel - User root Logged in successfully 
17:37:40.776 INFO  org.hibernate.Version - HHH000412: Hibernate ORM core version 5.6.7.Final
17:37:40.901 WARN  org.hibernate.orm.deprecation - HHH90000012: Recognized obsolete hibernate namespace http://hibernate.sourceforge.net/hibernate-configuration. Use namespace http://www.hibernate.org/dtd/hibernate-configuration instead.  Support for obsolete DTD/XSD namespaces may be removed at any time.
17:37:41.105 INFO  o.h.annotations.common.Version - HCANN000001: Hibernate Commons Annotations {5.1.2.Final}
17:37:41.215 WARN  o.hibernate.orm.connections.pooling - HHH10001002: Using Hibernate built-in connection pool (not for production use!)
17:37:41.219 INFO  o.hibernate.orm.connections.pooling - HHH10001005: using driver [org.postgresql.Driver] at URL [jdbc:postgresql://localhost:5432/finalproject]
17:37:41.221 INFO  o.hibernate.orm.connections.pooling - HHH10001001: Connection properties: {password=****, pool_size=1, user=omid}
17:37:41.221 INFO  o.hibernate.orm.connections.pooling - HHH10001003: Autocommit mode: false
17:37:41.223 INFO  o.h.e.j.c.i.DriverManagerConnectionProviderImpl - HHH000115: Hibernate connection pool size: 20 (min=1)
17:37:41.330 INFO  org.hibernate.dialect.Dialect - HHH000400: Using dialect: org.hibernate.dialect.PostgreSQLDialect
17:37:41.881 INFO  org.hibernate.orm.connections.access - HHH10001501: Connection obtained from JdbcConnectionAccess [org.hibernate.engine.jdbc.env.internal.JdbcEnvironmentInitiator$ConnectionProviderJdbcConnectionAccess@5584d9c6] for (non-JTA) DDL execution was not in auto-commit mode; the Connection 'local transaction' will be committed and the Connection will be set into auto-commit mode.
17:37:41.926 INFO  o.h.e.t.j.p.i.JtaPlatformInitiator - HHH000490: Using JtaPlatform implementation: [org.hibernate.engine.transaction.jta.platform.internal.NoJtaPlatform]
17:37:41.995 INFO  org.example.panels.StartPanel - User root Logged in successfully 
17:38:49.231 INFO  org.hibernate.Version - HHH000412: Hibernate ORM core version 5.6.7.Final
17:38:49.402 WARN  org.hibernate.orm.deprecation - HHH90000012: Recognized obsolete hibernate namespace http://hibernate.sourceforge.net/hibernate-configuration. Use namespace http://www.hibernate.org/dtd/hibernate-configuration instead.  Support for obsolete DTD/XSD namespaces may be removed at any time.
17:38:49.679 INFO  o.h.annotations.common.Version - HCANN000001: Hibernate Commons Annotations {5.1.2.Final}
17:38:49.830 WARN  o.hibernate.orm.connections.pooling - HHH10001002: Using Hibernate built-in connection pool (not for production use!)
17:38:49.834 INFO  o.hibernate.orm.connections.pooling - HHH10001005: using driver [org.postgresql.Driver] at URL [jdbc:postgresql://localhost:5432/finalproject]
17:38:49.834 INFO  o.hibernate.orm.connections.pooling - HHH10001001: Connection properties: {password=****, pool_size=1, user=omid}
17:38:49.834 INFO  o.hibernate.orm.connections.pooling - HHH10001003: Autocommit mode: false
17:38:49.837 INFO  o.h.e.j.c.i.DriverManagerConnectionProviderImpl - HHH000115: Hibernate connection pool size: 20 (min=1)
17:38:49.969 INFO  org.hibernate.dialect.Dialect - HHH000400: Using dialect: org.hibernate.dialect.PostgreSQLDialect
17:38:50.580 INFO  org.hibernate.orm.connections.access - HHH10001501: Connection obtained from JdbcConnectionAccess [org.hibernate.engine.jdbc.env.internal.JdbcEnvironmentInitiator$ConnectionProviderJdbcConnectionAccess@45ab3bdd] for (non-JTA) DDL execution was not in auto-commit mode; the Connection 'local transaction' will be committed and the Connection will be set into auto-commit mode.
17:38:50.627 INFO  o.h.e.t.j.p.i.JtaPlatformInitiator - HHH000490: Using JtaPlatform implementation: [org.hibernate.engine.transaction.jta.platform.internal.NoJtaPlatform]
17:38:50.731 INFO  org.example.panels.StartPanel - User root Logged in successfully 
17:40:07.303 INFO  org.hibernate.Version - HHH000412: Hibernate ORM core version 5.6.7.Final
17:40:07.430 WARN  org.hibernate.orm.deprecation - HHH90000012: Recognized obsolete hibernate namespace http://hibernate.sourceforge.net/hibernate-configuration. Use namespace http://www.hibernate.org/dtd/hibernate-configuration instead.  Support for obsolete DTD/XSD namespaces may be removed at any time.
17:40:07.655 INFO  o.h.annotations.common.Version - HCANN000001: Hibernate Commons Annotations {5.1.2.Final}
17:40:07.755 WARN  o.hibernate.orm.connections.pooling - HHH10001002: Using Hibernate built-in connection pool (not for production use!)
17:40:07.760 INFO  o.hibernate.orm.connections.pooling - HHH10001005: using driver [org.postgresql.Driver] at URL [jdbc:postgresql://localhost:5432/finalproject]
17:40:07.760 INFO  o.hibernate.orm.connections.pooling - HHH10001001: Connection properties: {password=****, pool_size=1, user=omid}
17:40:07.761 INFO  o.hibernate.orm.connections.pooling - HHH10001003: Autocommit mode: false
17:40:07.763 INFO  o.h.e.j.c.i.DriverManagerConnectionProviderImpl - HHH000115: Hibernate connection pool size: 20 (min=1)
17:40:07.853 INFO  org.hibernate.dialect.Dialect - HHH000400: Using dialect: org.hibernate.dialect.PostgreSQLDialect
17:40:08.363 INFO  org.hibernate.orm.connections.access - HHH10001501: Connection obtained from JdbcConnectionAccess [org.hibernate.engine.jdbc.env.internal.JdbcEnvironmentInitiator$ConnectionProviderJdbcConnectionAccess@5584d9c6] for (non-JTA) DDL execution was not in auto-commit mode; the Connection 'local transaction' will be committed and the Connection will be set into auto-commit mode.
17:40:08.408 INFO  o.h.e.t.j.p.i.JtaPlatformInitiator - HHH000490: Using JtaPlatform implementation: [org.hibernate.engine.transaction.jta.platform.internal.NoJtaPlatform]
17:40:08.495 INFO  org.example.panels.StartPanel - User root Logged in successfully 
17:44:18.750 INFO  org.hibernate.Version - HHH000412: Hibernate ORM core version 5.6.7.Final
17:44:18.909 WARN  org.hibernate.orm.deprecation - HHH90000012: Recognized obsolete hibernate namespace http://hibernate.sourceforge.net/hibernate-configuration. Use namespace http://www.hibernate.org/dtd/hibernate-configuration instead.  Support for obsolete DTD/XSD namespaces may be removed at any time.
17:44:19.164 INFO  o.h.annotations.common.Version - HCANN000001: Hibernate Commons Annotations {5.1.2.Final}
17:44:19.267 WARN  o.hibernate.orm.connections.pooling - HHH10001002: Using Hibernate built-in connection pool (not for production use!)
17:44:19.271 INFO  o.hibernate.orm.connections.pooling - HHH10001005: using driver [org.postgresql.Driver] at URL [jdbc:postgresql://localhost:5432/finalproject]
17:44:19.271 INFO  o.hibernate.orm.connections.pooling - HHH10001001: Connection properties: {password=****, pool_size=1, user=omid}
17:44:19.271 INFO  o.hibernate.orm.connections.pooling - HHH10001003: Autocommit mode: false
17:44:19.273 INFO  o.h.e.j.c.i.DriverManagerConnectionProviderImpl - HHH000115: Hibernate connection pool size: 20 (min=1)
17:44:19.381 INFO  org.hibernate.dialect.Dialect - HHH000400: Using dialect: org.hibernate.dialect.PostgreSQLDialect
17:44:20.039 INFO  org.hibernate.orm.connections.access - HHH10001501: Connection obtained from JdbcConnectionAccess [org.hibernate.engine.jdbc.env.internal.JdbcEnvironmentInitiator$ConnectionProviderJdbcConnectionAccess@5584d9c6] for (non-JTA) DDL execution was not in auto-commit mode; the Connection 'local transaction' will be committed and the Connection will be set into auto-commit mode.
17:44:20.093 INFO  o.h.e.t.j.p.i.JtaPlatformInitiator - HHH000490: Using JtaPlatform implementation: [org.hibernate.engine.transaction.jta.platform.internal.NoJtaPlatform]
17:44:20.184 INFO  org.example.panels.StartPanel - User root Logged in successfully 
17:46:11.475 INFO  org.hibernate.Version - HHH000412: Hibernate ORM core version 5.6.7.Final
17:46:11.624 WARN  org.hibernate.orm.deprecation - HHH90000012: Recognized obsolete hibernate namespace http://hibernate.sourceforge.net/hibernate-configuration. Use namespace http://www.hibernate.org/dtd/hibernate-configuration instead.  Support for obsolete DTD/XSD namespaces may be removed at any time.
17:46:11.866 INFO  o.h.annotations.common.Version - HCANN000001: Hibernate Commons Annotations {5.1.2.Final}
17:46:11.959 WARN  o.hibernate.orm.connections.pooling - HHH10001002: Using Hibernate built-in connection pool (not for production use!)
17:46:11.963 INFO  o.hibernate.orm.connections.pooling - HHH10001005: using driver [org.postgresql.Driver] at URL [jdbc:postgresql://localhost:5432/finalproject]
17:46:11.964 INFO  o.hibernate.orm.connections.pooling - HHH10001001: Connection properties: {password=****, pool_size=1, user=omid}
17:46:11.964 INFO  o.hibernate.orm.connections.pooling - HHH10001003: Autocommit mode: false
17:46:11.966 INFO  o.h.e.j.c.i.DriverManagerConnectionProviderImpl - HHH000115: Hibernate connection pool size: 20 (min=1)
17:46:12.037 INFO  org.hibernate.dialect.Dialect - HHH000400: Using dialect: org.hibernate.dialect.PostgreSQLDialect
17:46:12.567 INFO  org.hibernate.orm.connections.access - HHH10001501: Connection obtained from JdbcConnectionAccess [org.hibernate.engine.jdbc.env.internal.JdbcEnvironmentInitiator$ConnectionProviderJdbcConnectionAccess@5584d9c6] for (non-JTA) DDL execution was not in auto-commit mode; the Connection 'local transaction' will be committed and the Connection will be set into auto-commit mode.
17:46:12.607 INFO  o.h.e.t.j.p.i.JtaPlatformInitiator - HHH000490: Using JtaPlatform implementation: [org.hibernate.engine.transaction.jta.platform.internal.NoJtaPlatform]
17:46:12.672 INFO  org.example.panels.StartPanel - User root Logged in successfully 
17:46:38.640 INFO  org.hibernate.Version - HHH000412: Hibernate ORM core version 5.6.7.Final
17:46:38.796 WARN  org.hibernate.orm.deprecation - HHH90000012: Recognized obsolete hibernate namespace http://hibernate.sourceforge.net/hibernate-configuration. Use namespace http://www.hibernate.org/dtd/hibernate-configuration instead.  Support for obsolete DTD/XSD namespaces may be removed at any time.
17:46:39.030 INFO  o.h.annotations.common.Version - HCANN000001: Hibernate Commons Annotations {5.1.2.Final}
17:46:39.145 WARN  o.hibernate.orm.connections.pooling - HHH10001002: Using Hibernate built-in connection pool (not for production use!)
17:46:39.150 INFO  o.hibernate.orm.connections.pooling - HHH10001005: using driver [org.postgresql.Driver] at URL [jdbc:postgresql://localhost:5432/finalproject]
17:46:39.150 INFO  o.hibernate.orm.connections.pooling - HHH10001001: Connection properties: {password=****, pool_size=1, user=omid}
17:46:39.150 INFO  o.hibernate.orm.connections.pooling - HHH10001003: Autocommit mode: false
17:46:39.153 INFO  o.h.e.j.c.i.DriverManagerConnectionProviderImpl - HHH000115: Hibernate connection pool size: 20 (min=1)
17:46:39.277 INFO  org.hibernate.dialect.Dialect - HHH000400: Using dialect: org.hibernate.dialect.PostgreSQLDialect
17:46:39.839 INFO  org.hibernate.orm.connections.access - HHH10001501: Connection obtained from JdbcConnectionAccess [org.hibernate.engine.jdbc.env.internal.JdbcEnvironmentInitiator$ConnectionProviderJdbcConnectionAccess@2f10f633] for (non-JTA) DDL execution was not in auto-commit mode; the Connection 'local transaction' will be committed and the Connection will be set into auto-commit mode.
17:46:39.890 INFO  o.h.e.t.j.p.i.JtaPlatformInitiator - HHH000490: Using JtaPlatform implementation: [org.hibernate.engine.transaction.jta.platform.internal.NoJtaPlatform]
17:46:39.986 INFO  org.example.panels.StartPanel - User root Logged in successfully 
17:52:41.154 INFO  org.hibernate.Version - HHH000412: Hibernate ORM core version 5.6.7.Final
17:52:41.302 WARN  org.hibernate.orm.deprecation - HHH90000012: Recognized obsolete hibernate namespace http://hibernate.sourceforge.net/hibernate-configuration. Use namespace http://www.hibernate.org/dtd/hibernate-configuration instead.  Support for obsolete DTD/XSD namespaces may be removed at any time.
17:52:41.532 INFO  o.h.annotations.common.Version - HCANN000001: Hibernate Commons Annotations {5.1.2.Final}
17:52:41.635 WARN  o.hibernate.orm.connections.pooling - HHH10001002: Using Hibernate built-in connection pool (not for production use!)
17:52:41.639 INFO  o.hibernate.orm.connections.pooling - HHH10001005: using driver [org.postgresql.Driver] at URL [jdbc:postgresql://localhost:5432/finalproject]
17:52:41.639 INFO  o.hibernate.orm.connections.pooling - HHH10001001: Connection properties: {password=****, pool_size=1, user=omid}
17:52:41.640 INFO  o.hibernate.orm.connections.pooling - HHH10001003: Autocommit mode: false
17:52:41.642 INFO  o.h.e.j.c.i.DriverManagerConnectionProviderImpl - HHH000115: Hibernate connection pool size: 20 (min=1)
17:52:41.735 INFO  org.hibernate.dialect.Dialect - HHH000400: Using dialect: org.hibernate.dialect.PostgreSQLDialect
17:52:42.335 INFO  org.hibernate.orm.connections.access - HHH10001501: Connection obtained from JdbcConnectionAccess [org.hibernate.engine.jdbc.env.internal.JdbcEnvironmentInitiator$ConnectionProviderJdbcConnectionAccess@5584d9c6] for (non-JTA) DDL execution was not in auto-commit mode; the Connection 'local transaction' will be committed and the Connection will be set into auto-commit mode.
17:52:42.400 INFO  o.h.e.t.j.p.i.JtaPlatformInitiator - HHH000490: Using JtaPlatform implementation: [org.hibernate.engine.transaction.jta.platform.internal.NoJtaPlatform]
17:52:42.488 INFO  org.example.panels.StartPanel - User root Logged in successfully 
17:57:15.372 INFO  org.hibernate.Version - HHH000412: Hibernate ORM core version 5.6.7.Final
17:57:15.529 WARN  org.hibernate.orm.deprecation - HHH90000012: Recognized obsolete hibernate namespace http://hibernate.sourceforge.net/hibernate-configuration. Use namespace http://www.hibernate.org/dtd/hibernate-configuration instead.  Support for obsolete DTD/XSD namespaces may be removed at any time.
17:57:15.808 INFO  o.h.annotations.common.Version - HCANN000001: Hibernate Commons Annotations {5.1.2.Final}
17:57:15.914 WARN  o.hibernate.orm.connections.pooling - HHH10001002: Using Hibernate built-in connection pool (not for production use!)
17:57:15.919 INFO  o.hibernate.orm.connections.pooling - HHH10001005: using driver [org.postgresql.Driver] at URL [jdbc:postgresql://localhost:5432/finalproject]
17:57:15.920 INFO  o.hibernate.orm.connections.pooling - HHH10001001: Connection properties: {password=****, pool_size=1, user=omid}
17:57:15.920 INFO  o.hibernate.orm.connections.pooling - HHH10001003: Autocommit mode: false
17:57:15.922 INFO  o.h.e.j.c.i.DriverManagerConnectionProviderImpl - HHH000115: Hibernate connection pool size: 20 (min=1)
17:57:16.023 INFO  org.hibernate.dialect.Dialect - HHH000400: Using dialect: org.hibernate.dialect.PostgreSQLDialect
17:57:16.693 INFO  org.hibernate.orm.connections.access - HHH10001501: Connection obtained from JdbcConnectionAccess [org.hibernate.engine.jdbc.env.internal.JdbcEnvironmentInitiator$ConnectionProviderJdbcConnectionAccess@3c9c6245] for (non-JTA) DDL execution was not in auto-commit mode; the Connection 'local transaction' will be committed and the Connection will be set into auto-commit mode.
17:57:16.740 INFO  o.h.e.t.j.p.i.JtaPlatformInitiator - HHH000490: Using JtaPlatform implementation: [org.hibernate.engine.transaction.jta.platform.internal.NoJtaPlatform]
17:57:16.825 INFO  org.example.panels.StartPanel - User root Logged in successfully 
18:21:19.299 INFO  org.hibernate.Version - HHH000412: Hibernate ORM core version 5.6.7.Final
18:21:19.473 WARN  org.hibernate.orm.deprecation - HHH90000012: Recognized obsolete hibernate namespace http://hibernate.sourceforge.net/hibernate-configuration. Use namespace http://www.hibernate.org/dtd/hibernate-configuration instead.  Support for obsolete DTD/XSD namespaces may be removed at any time.
18:21:19.737 INFO  o.h.annotations.common.Version - HCANN000001: Hibernate Commons Annotations {5.1.2.Final}
18:21:19.831 WARN  o.hibernate.orm.connections.pooling - HHH10001002: Using Hibernate built-in connection pool (not for production use!)
18:21:19.837 INFO  o.hibernate.orm.connections.pooling - HHH10001005: using driver [org.postgresql.Driver] at URL [jdbc:postgresql://localhost:5432/finalproject]
18:21:19.837 INFO  o.hibernate.orm.connections.pooling - HHH10001001: Connection properties: {password=****, pool_size=1, user=omid}
18:21:19.837 INFO  o.hibernate.orm.connections.pooling - HHH10001003: Autocommit mode: false
18:21:19.841 INFO  o.h.e.j.c.i.DriverManagerConnectionProviderImpl - HHH000115: Hibernate connection pool size: 20 (min=1)
18:21:19.946 INFO  org.hibernate.dialect.Dialect - HHH000400: Using dialect: org.hibernate.dialect.PostgreSQLDialect
18:21:20.614 INFO  org.hibernate.orm.connections.access - HHH10001501: Connection obtained from JdbcConnectionAccess [org.hibernate.engine.jdbc.env.internal.JdbcEnvironmentInitiator$ConnectionProviderJdbcConnectionAccess@5584d9c6] for (non-JTA) DDL execution was not in auto-commit mode; the Connection 'local transaction' will be committed and the Connection will be set into auto-commit mode.
18:21:20.674 INFO  o.h.e.t.j.p.i.JtaPlatformInitiator - HHH000490: Using JtaPlatform implementation: [org.hibernate.engine.transaction.jta.platform.internal.NoJtaPlatform]
18:21:20.776 INFO  org.example.panels.StartPanel - User root Logged in successfully 
18:21:37.930 INFO  org.hibernate.Version - HHH000412: Hibernate ORM core version 5.6.7.Final
18:21:38.092 WARN  org.hibernate.orm.deprecation - HHH90000012: Recognized obsolete hibernate namespace http://hibernate.sourceforge.net/hibernate-configuration. Use namespace http://www.hibernate.org/dtd/hibernate-configuration instead.  Support for obsolete DTD/XSD namespaces may be removed at any time.
18:21:38.359 INFO  o.h.annotations.common.Version - HCANN000001: Hibernate Commons Annotations {5.1.2.Final}
18:21:38.472 WARN  o.hibernate.orm.connections.pooling - HHH10001002: Using Hibernate built-in connection pool (not for production use!)
18:21:38.476 INFO  o.hibernate.orm.connections.pooling - HHH10001005: using driver [org.postgresql.Driver] at URL [jdbc:postgresql://localhost:5432/finalproject]
18:21:38.477 INFO  o.hibernate.orm.connections.pooling - HHH10001001: Connection properties: {password=****, pool_size=1, user=omid}
18:21:38.477 INFO  o.hibernate.orm.connections.pooling - HHH10001003: Autocommit mode: false
18:21:38.479 INFO  o.h.e.j.c.i.DriverManagerConnectionProviderImpl - HHH000115: Hibernate connection pool size: 20 (min=1)
18:21:38.577 INFO  org.hibernate.dialect.Dialect - HHH000400: Using dialect: org.hibernate.dialect.PostgreSQLDialect
18:21:39.156 INFO  org.hibernate.orm.connections.access - HHH10001501: Connection obtained from JdbcConnectionAccess [org.hibernate.engine.jdbc.env.internal.JdbcEnvironmentInitiator$ConnectionProviderJdbcConnectionAccess@5584d9c6] for (non-JTA) DDL execution was not in auto-commit mode; the Connection 'local transaction' will be committed and the Connection will be set into auto-commit mode.
18:21:39.209 INFO  o.h.e.t.j.p.i.JtaPlatformInitiator - HHH000490: Using JtaPlatform implementation: [org.hibernate.engine.transaction.jta.platform.internal.NoJtaPlatform]
18:21:39.317 INFO  org.example.panels.StartPanel - User root Logged in successfully 
18:24:22.363 INFO  org.hibernate.Version - HHH000412: Hibernate ORM core version 5.6.7.Final
18:24:22.488 WARN  org.hibernate.orm.deprecation - HHH90000012: Recognized obsolete hibernate namespace http://hibernate.sourceforge.net/hibernate-configuration. Use namespace http://www.hibernate.org/dtd/hibernate-configuration instead.  Support for obsolete DTD/XSD namespaces may be removed at any time.
18:24:22.733 INFO  o.h.annotations.common.Version - HCANN000001: Hibernate Commons Annotations {5.1.2.Final}
18:24:22.832 WARN  o.hibernate.orm.connections.pooling - HHH10001002: Using Hibernate built-in connection pool (not for production use!)
18:24:22.836 INFO  o.hibernate.orm.connections.pooling - HHH10001005: using driver [org.postgresql.Driver] at URL [jdbc:postgresql://localhost:5432/finalproject]
18:24:22.837 INFO  o.hibernate.orm.connections.pooling - HHH10001001: Connection properties: {password=****, pool_size=1, user=omid}
18:24:22.837 INFO  o.hibernate.orm.connections.pooling - HHH10001003: Autocommit mode: false
18:24:22.839 INFO  o.h.e.j.c.i.DriverManagerConnectionProviderImpl - HHH000115: Hibernate connection pool size: 20 (min=1)
18:24:22.911 INFO  org.hibernate.dialect.Dialect - HHH000400: Using dialect: org.hibernate.dialect.PostgreSQLDialect
18:24:23.454 INFO  org.hibernate.orm.connections.access - HHH10001501: Connection obtained from JdbcConnectionAccess [org.hibernate.engine.jdbc.env.internal.JdbcEnvironmentInitiator$ConnectionProviderJdbcConnectionAccess@5584d9c6] for (non-JTA) DDL execution was not in auto-commit mode; the Connection 'local transaction' will be committed and the Connection will be set into auto-commit mode.
18:24:23.492 INFO  o.h.e.t.j.p.i.JtaPlatformInitiator - HHH000490: Using JtaPlatform implementation: [org.hibernate.engine.transaction.jta.platform.internal.NoJtaPlatform]
18:24:23.556 INFO  org.example.panels.StartPanel - User root Logged in successfully 
18:25:06.443 INFO  org.hibernate.Version - HHH000412: Hibernate ORM core version 5.6.7.Final
18:25:06.565 WARN  org.hibernate.orm.deprecation - HHH90000012: Recognized obsolete hibernate namespace http://hibernate.sourceforge.net/hibernate-configuration. Use namespace http://www.hibernate.org/dtd/hibernate-configuration instead.  Support for obsolete DTD/XSD namespaces may be removed at any time.
18:25:06.762 INFO  o.h.annotations.common.Version - HCANN000001: Hibernate Commons Annotations {5.1.2.Final}
18:25:06.838 WARN  o.hibernate.orm.connections.pooling - HHH10001002: Using Hibernate built-in connection pool (not for production use!)
18:25:06.842 INFO  o.hibernate.orm.connections.pooling - HHH10001005: using driver [org.postgresql.Driver] at URL [jdbc:postgresql://localhost:5432/finalproject]
18:25:06.842 INFO  o.hibernate.orm.connections.pooling - HHH10001001: Connection properties: {password=****, pool_size=1, user=omid}
18:25:06.842 INFO  o.hibernate.orm.connections.pooling - HHH10001003: Autocommit mode: false
18:25:06.844 INFO  o.h.e.j.c.i.DriverManagerConnectionProviderImpl - HHH000115: Hibernate connection pool size: 20 (min=1)
18:25:06.919 INFO  org.hibernate.dialect.Dialect - HHH000400: Using dialect: org.hibernate.dialect.PostgreSQLDialect
18:25:07.402 INFO  org.hibernate.orm.connections.access - HHH10001501: Connection obtained from JdbcConnectionAccess [org.hibernate.engine.jdbc.env.internal.JdbcEnvironmentInitiator$ConnectionProviderJdbcConnectionAccess@5584d9c6] for (non-JTA) DDL execution was not in auto-commit mode; the Connection 'local transaction' will be committed and the Connection will be set into auto-commit mode.
18:25:07.466 INFO  o.h.e.t.j.p.i.JtaPlatformInitiator - HHH000490: Using JtaPlatform implementation: [org.hibernate.engine.transaction.jta.platform.internal.NoJtaPlatform]
18:25:07.554 INFO  org.example.panels.StartPanel - User root Logged in successfully 
18:44:11.274 INFO  org.hibernate.Version - HHH000412: Hibernate ORM core version 5.6.7.Final
18:44:11.428 WARN  org.hibernate.orm.deprecation - HHH90000012: Recognized obsolete hibernate namespace http://hibernate.sourceforge.net/hibernate-configuration. Use namespace http://www.hibernate.org/dtd/hibernate-configuration instead.  Support for obsolete DTD/XSD namespaces may be removed at any time.
18:44:11.697 INFO  o.h.annotations.common.Version - HCANN000001: Hibernate Commons Annotations {5.1.2.Final}
18:44:11.814 WARN  o.hibernate.orm.connections.pooling - HHH10001002: Using Hibernate built-in connection pool (not for production use!)
18:44:11.819 INFO  o.hibernate.orm.connections.pooling - HHH10001005: using driver [org.postgresql.Driver] at URL [jdbc:postgresql://localhost:5432/finalproject]
18:44:11.820 INFO  o.hibernate.orm.connections.pooling - HHH10001001: Connection properties: {password=****, pool_size=1, user=omid}
18:44:11.820 INFO  o.hibernate.orm.connections.pooling - HHH10001003: Autocommit mode: false
18:44:11.822 INFO  o.h.e.j.c.i.DriverManagerConnectionProviderImpl - HHH000115: Hibernate connection pool size: 20 (min=1)
18:44:11.929 INFO  org.hibernate.dialect.Dialect - HHH000400: Using dialect: org.hibernate.dialect.PostgreSQLDialect
18:44:12.590 INFO  org.hibernate.orm.connections.access - HHH10001501: Connection obtained from JdbcConnectionAccess [org.hibernate.engine.jdbc.env.internal.JdbcEnvironmentInitiator$ConnectionProviderJdbcConnectionAccess@5584d9c6] for (non-JTA) DDL execution was not in auto-commit mode; the Connection 'local transaction' will be committed and the Connection will be set into auto-commit mode.
18:44:12.649 INFO  o.h.e.t.j.p.i.JtaPlatformInitiator - HHH000490: Using JtaPlatform implementation: [org.hibernate.engine.transaction.jta.platform.internal.NoJtaPlatform]
18:44:12.743 INFO  org.example.panels.StartPanel - User root Logged in successfully 
18:46:48.704 INFO  org.hibernate.Version - HHH000412: Hibernate ORM core version 5.6.7.Final
18:46:48.903 WARN  org.hibernate.orm.deprecation - HHH90000012: Recognized obsolete hibernate namespace http://hibernate.sourceforge.net/hibernate-configuration. Use namespace http://www.hibernate.org/dtd/hibernate-configuration instead.  Support for obsolete DTD/XSD namespaces may be removed at any time.
18:46:49.184 INFO  o.h.annotations.common.Version - HCANN000001: Hibernate Commons Annotations {5.1.2.Final}
18:46:49.284 WARN  o.hibernate.orm.connections.pooling - HHH10001002: Using Hibernate built-in connection pool (not for production use!)
18:46:49.288 INFO  o.hibernate.orm.connections.pooling - HHH10001005: using driver [org.postgresql.Driver] at URL [jdbc:postgresql://localhost:5432/finalproject]
18:46:49.288 INFO  o.hibernate.orm.connections.pooling - HHH10001001: Connection properties: {password=****, pool_size=1, user=omid}
18:46:49.288 INFO  o.hibernate.orm.connections.pooling - HHH10001003: Autocommit mode: false
18:46:49.291 INFO  o.h.e.j.c.i.DriverManagerConnectionProviderImpl - HHH000115: Hibernate connection pool size: 20 (min=1)
18:46:49.361 INFO  org.hibernate.dialect.Dialect - HHH000400: Using dialect: org.hibernate.dialect.PostgreSQLDialect
18:46:49.892 INFO  org.hibernate.orm.connections.access - HHH10001501: Connection obtained from JdbcConnectionAccess [org.hibernate.engine.jdbc.env.internal.JdbcEnvironmentInitiator$ConnectionProviderJdbcConnectionAccess@5584d9c6] for (non-JTA) DDL execution was not in auto-commit mode; the Connection 'local transaction' will be committed and the Connection will be set into auto-commit mode.
18:46:49.931 INFO  o.h.e.t.j.p.i.JtaPlatformInitiator - HHH000490: Using JtaPlatform implementation: [org.hibernate.engine.transaction.jta.platform.internal.NoJtaPlatform]
18:46:50.003 INFO  org.example.panels.StartPanel - User root Logged in successfully 
18:48:34.633 INFO  org.example.panels.AdminPanel - services org.example.entity.Services@236eccd1 added into database 
18:58:20.819 INFO  org.hibernate.Version - HHH000412: Hibernate ORM core version 5.6.7.Final
18:58:20.966 WARN  org.hibernate.orm.deprecation - HHH90000012: Recognized obsolete hibernate namespace http://hibernate.sourceforge.net/hibernate-configuration. Use namespace http://www.hibernate.org/dtd/hibernate-configuration instead.  Support for obsolete DTD/XSD namespaces may be removed at any time.
18:58:21.164 INFO  o.h.annotations.common.Version - HCANN000001: Hibernate Commons Annotations {5.1.2.Final}
18:58:21.255 WARN  o.hibernate.orm.connections.pooling - HHH10001002: Using Hibernate built-in connection pool (not for production use!)
18:58:21.259 INFO  o.hibernate.orm.connections.pooling - HHH10001005: using driver [org.postgresql.Driver] at URL [jdbc:postgresql://localhost:5432/finalproject]
18:58:21.260 INFO  o.hibernate.orm.connections.pooling - HHH10001001: Connection properties: {password=****, pool_size=1, user=omid}
18:58:21.260 INFO  o.hibernate.orm.connections.pooling - HHH10001003: Autocommit mode: false
18:58:21.262 INFO  o.h.e.j.c.i.DriverManagerConnectionProviderImpl - HHH000115: Hibernate connection pool size: 20 (min=1)
18:58:21.333 INFO  org.hibernate.dialect.Dialect - HHH000400: Using dialect: org.hibernate.dialect.PostgreSQLDialect
18:58:21.861 INFO  org.hibernate.orm.connections.access - HHH10001501: Connection obtained from JdbcConnectionAccess [org.hibernate.engine.jdbc.env.internal.JdbcEnvironmentInitiator$ConnectionProviderJdbcConnectionAccess@5584d9c6] for (non-JTA) DDL execution was not in auto-commit mode; the Connection 'local transaction' will be committed and the Connection will be set into auto-commit mode.
18:58:21.908 INFO  o.h.e.t.j.p.i.JtaPlatformInitiator - HHH000490: Using JtaPlatform implementation: [org.hibernate.engine.transaction.jta.platform.internal.NoJtaPlatform]
18:58:21.992 INFO  org.example.panels.StartPanel - User root Logged in successfully 
18:59:48.661 INFO  org.hibernate.Version - HHH000412: Hibernate ORM core version 5.6.7.Final
18:59:48.783 WARN  org.hibernate.orm.deprecation - HHH90000012: Recognized obsolete hibernate namespace http://hibernate.sourceforge.net/hibernate-configuration. Use namespace http://www.hibernate.org/dtd/hibernate-configuration instead.  Support for obsolete DTD/XSD namespaces may be removed at any time.
18:59:48.990 INFO  o.h.annotations.common.Version - HCANN000001: Hibernate Commons Annotations {5.1.2.Final}
18:59:49.089 WARN  o.hibernate.orm.connections.pooling - HHH10001002: Using Hibernate built-in connection pool (not for production use!)
18:59:49.093 INFO  o.hibernate.orm.connections.pooling - HHH10001005: using driver [org.postgresql.Driver] at URL [jdbc:postgresql://localhost:5432/finalproject]
18:59:49.093 INFO  o.hibernate.orm.connections.pooling - HHH10001001: Connection properties: {password=****, pool_size=1, user=omid}
18:59:49.093 INFO  o.hibernate.orm.connections.pooling - HHH10001003: Autocommit mode: false
18:59:49.095 INFO  o.h.e.j.c.i.DriverManagerConnectionProviderImpl - HHH000115: Hibernate connection pool size: 20 (min=1)
18:59:49.163 INFO  org.hibernate.dialect.Dialect - HHH000400: Using dialect: org.hibernate.dialect.PostgreSQLDialect
18:59:49.653 INFO  org.hibernate.orm.connections.access - HHH10001501: Connection obtained from JdbcConnectionAccess [org.hibernate.engine.jdbc.env.internal.JdbcEnvironmentInitiator$ConnectionProviderJdbcConnectionAccess@5584d9c6] for (non-JTA) DDL execution was not in auto-commit mode; the Connection 'local transaction' will be committed and the Connection will be set into auto-commit mode.
18:59:49.701 INFO  o.h.e.t.j.p.i.JtaPlatformInitiator - HHH000490: Using JtaPlatform implementation: [org.hibernate.engine.transaction.jta.platform.internal.NoJtaPlatform]
18:59:49.771 INFO  org.example.panels.StartPanel - User root Logged in successfully 
19:04:21.563 INFO  org.hibernate.Version - HHH000412: Hibernate ORM core version 5.6.7.Final
19:04:21.715 WARN  org.hibernate.orm.deprecation - HHH90000012: Recognized obsolete hibernate namespace http://hibernate.sourceforge.net/hibernate-configuration. Use namespace http://www.hibernate.org/dtd/hibernate-configuration instead.  Support for obsolete DTD/XSD namespaces may be removed at any time.
19:04:21.967 INFO  o.h.annotations.common.Version - HCANN000001: Hibernate Commons Annotations {5.1.2.Final}
19:04:22.085 WARN  o.hibernate.orm.connections.pooling - HHH10001002: Using Hibernate built-in connection pool (not for production use!)
19:04:22.090 INFO  o.hibernate.orm.connections.pooling - HHH10001005: using driver [org.postgresql.Driver] at URL [jdbc:postgresql://localhost:5432/finalproject]
19:04:22.091 INFO  o.hibernate.orm.connections.pooling - HHH10001001: Connection properties: {password=****, pool_size=1, user=omid}
19:04:22.091 INFO  o.hibernate.orm.connections.pooling - HHH10001003: Autocommit mode: false
19:04:22.094 INFO  o.h.e.j.c.i.DriverManagerConnectionProviderImpl - HHH000115: Hibernate connection pool size: 20 (min=1)
19:04:22.194 INFO  org.hibernate.dialect.Dialect - HHH000400: Using dialect: org.hibernate.dialect.PostgreSQLDialect
19:04:22.754 INFO  org.hibernate.orm.connections.access - HHH10001501: Connection obtained from JdbcConnectionAccess [org.hibernate.engine.jdbc.env.internal.JdbcEnvironmentInitiator$ConnectionProviderJdbcConnectionAccess@5584d9c6] for (non-JTA) DDL execution was not in auto-commit mode; the Connection 'local transaction' will be committed and the Connection will be set into auto-commit mode.
19:04:22.796 INFO  o.h.e.t.j.p.i.JtaPlatformInitiator - HHH000490: Using JtaPlatform implementation: [org.hibernate.engine.transaction.jta.platform.internal.NoJtaPlatform]
19:04:22.863 INFO  org.example.panels.StartPanel - User root Logged in successfully 
19:04:50.577 INFO  org.hibernate.Version - HHH000412: Hibernate ORM core version 5.6.7.Final
19:04:50.726 WARN  org.hibernate.orm.deprecation - HHH90000012: Recognized obsolete hibernate namespace http://hibernate.sourceforge.net/hibernate-configuration. Use namespace http://www.hibernate.org/dtd/hibernate-configuration instead.  Support for obsolete DTD/XSD namespaces may be removed at any time.
19:04:50.932 INFO  o.h.annotations.common.Version - HCANN000001: Hibernate Commons Annotations {5.1.2.Final}
19:04:51.029 WARN  o.hibernate.orm.connections.pooling - HHH10001002: Using Hibernate built-in connection pool (not for production use!)
19:04:51.033 INFO  o.hibernate.orm.connections.pooling - HHH10001005: using driver [org.postgresql.Driver] at URL [jdbc:postgresql://localhost:5432/finalproject]
19:04:51.033 INFO  o.hibernate.orm.connections.pooling - HHH10001001: Connection properties: {password=****, pool_size=1, user=omid}
19:04:51.033 INFO  o.hibernate.orm.connections.pooling - HHH10001003: Autocommit mode: false
19:04:51.035 INFO  o.h.e.j.c.i.DriverManagerConnectionProviderImpl - HHH000115: Hibernate connection pool size: 20 (min=1)
19:04:51.108 INFO  org.hibernate.dialect.Dialect - HHH000400: Using dialect: org.hibernate.dialect.PostgreSQLDialect
19:04:51.660 INFO  org.hibernate.orm.connections.access - HHH10001501: Connection obtained from JdbcConnectionAccess [org.hibernate.engine.jdbc.env.internal.JdbcEnvironmentInitiator$ConnectionProviderJdbcConnectionAccess@5584d9c6] for (non-JTA) DDL execution was not in auto-commit mode; the Connection 'local transaction' will be committed and the Connection will be set into auto-commit mode.
19:04:51.708 INFO  o.h.e.t.j.p.i.JtaPlatformInitiator - HHH000490: Using JtaPlatform implementation: [org.hibernate.engine.transaction.jta.platform.internal.NoJtaPlatform]
19:04:51.786 INFO  org.example.panels.StartPanel - User root Logged in successfully 
19:04:59.983 INFO  org.hibernate.Version - HHH000412: Hibernate ORM core version 5.6.7.Final
19:05:00.114 WARN  org.hibernate.orm.deprecation - HHH90000012: Recognized obsolete hibernate namespace http://hibernate.sourceforge.net/hibernate-configuration. Use namespace http://www.hibernate.org/dtd/hibernate-configuration instead.  Support for obsolete DTD/XSD namespaces may be removed at any time.
19:05:00.318 INFO  o.h.annotations.common.Version - HCANN000001: Hibernate Commons Annotations {5.1.2.Final}
19:05:00.409 WARN  o.hibernate.orm.connections.pooling - HHH10001002: Using Hibernate built-in connection pool (not for production use!)
19:05:00.412 INFO  o.hibernate.orm.connections.pooling - HHH10001005: using driver [org.postgresql.Driver] at URL [jdbc:postgresql://localhost:5432/finalproject]
19:05:00.413 INFO  o.hibernate.orm.connections.pooling - HHH10001001: Connection properties: {password=****, pool_size=1, user=omid}
19:05:00.413 INFO  o.hibernate.orm.connections.pooling - HHH10001003: Autocommit mode: false
19:05:00.415 INFO  o.h.e.j.c.i.DriverManagerConnectionProviderImpl - HHH000115: Hibernate connection pool size: 20 (min=1)
19:05:00.497 INFO  org.hibernate.dialect.Dialect - HHH000400: Using dialect: org.hibernate.dialect.PostgreSQLDialect
19:05:01.037 INFO  org.hibernate.orm.connections.access - HHH10001501: Connection obtained from JdbcConnectionAccess [org.hibernate.engine.jdbc.env.internal.JdbcEnvironmentInitiator$ConnectionProviderJdbcConnectionAccess@3c9c6245] for (non-JTA) DDL execution was not in auto-commit mode; the Connection 'local transaction' will be committed and the Connection will be set into auto-commit mode.
19:05:01.075 INFO  o.h.e.t.j.p.i.JtaPlatformInitiator - HHH000490: Using JtaPlatform implementation: [org.hibernate.engine.transaction.jta.platform.internal.NoJtaPlatform]
19:05:01.137 INFO  org.example.panels.StartPanel - User root Logged in successfully 
19:05:27.332 INFO  org.hibernate.Version - HHH000412: Hibernate ORM core version 5.6.7.Final
19:05:27.506 WARN  org.hibernate.orm.deprecation - HHH90000012: Recognized obsolete hibernate namespace http://hibernate.sourceforge.net/hibernate-configuration. Use namespace http://www.hibernate.org/dtd/hibernate-configuration instead.  Support for obsolete DTD/XSD namespaces may be removed at any time.
19:05:27.779 INFO  o.h.annotations.common.Version - HCANN000001: Hibernate Commons Annotations {5.1.2.Final}
19:05:27.891 WARN  o.hibernate.orm.connections.pooling - HHH10001002: Using Hibernate built-in connection pool (not for production use!)
19:05:27.895 INFO  o.hibernate.orm.connections.pooling - HHH10001005: using driver [org.postgresql.Driver] at URL [jdbc:postgresql://localhost:5432/finalproject]
19:05:27.896 INFO  o.hibernate.orm.connections.pooling - HHH10001001: Connection properties: {password=****, pool_size=1, user=omid}
19:05:27.896 INFO  o.hibernate.orm.connections.pooling - HHH10001003: Autocommit mode: false
19:05:27.899 INFO  o.h.e.j.c.i.DriverManagerConnectionProviderImpl - HHH000115: Hibernate connection pool size: 20 (min=1)
19:05:27.988 INFO  org.hibernate.dialect.Dialect - HHH000400: Using dialect: org.hibernate.dialect.PostgreSQLDialect
19:05:28.604 INFO  org.hibernate.orm.connections.access - HHH10001501: Connection obtained from JdbcConnectionAccess [org.hibernate.engine.jdbc.env.internal.JdbcEnvironmentInitiator$ConnectionProviderJdbcConnectionAccess@3c9c6245] for (non-JTA) DDL execution was not in auto-commit mode; the Connection 'local transaction' will be committed and the Connection will be set into auto-commit mode.
19:05:28.652 INFO  o.h.e.t.j.p.i.JtaPlatformInitiator - HHH000490: Using JtaPlatform implementation: [org.hibernate.engine.transaction.jta.platform.internal.NoJtaPlatform]
19:05:28.744 INFO  org.example.panels.StartPanel - User root Logged in successfully 
19:12:17.699 INFO  org.hibernate.Version - HHH000412: Hibernate ORM core version 5.6.7.Final
19:12:17.852 WARN  org.hibernate.orm.deprecation - HHH90000012: Recognized obsolete hibernate namespace http://hibernate.sourceforge.net/hibernate-configuration. Use namespace http://www.hibernate.org/dtd/hibernate-configuration instead.  Support for obsolete DTD/XSD namespaces may be removed at any time.
19:12:18.134 INFO  o.h.annotations.common.Version - HCANN000001: Hibernate Commons Annotations {5.1.2.Final}
19:12:18.269 WARN  o.hibernate.orm.connections.pooling - HHH10001002: Using Hibernate built-in connection pool (not for production use!)
19:12:18.274 INFO  o.hibernate.orm.connections.pooling - HHH10001005: using driver [org.postgresql.Driver] at URL [jdbc:postgresql://localhost:5432/finalproject]
19:12:18.275 INFO  o.hibernate.orm.connections.pooling - HHH10001001: Connection properties: {password=****, pool_size=1, user=omid}
19:12:18.275 INFO  o.hibernate.orm.connections.pooling - HHH10001003: Autocommit mode: false
19:12:18.277 INFO  o.h.e.j.c.i.DriverManagerConnectionProviderImpl - HHH000115: Hibernate connection pool size: 20 (min=1)
19:12:18.395 INFO  org.hibernate.dialect.Dialect - HHH000400: Using dialect: org.hibernate.dialect.PostgreSQLDialect
19:12:19.008 INFO  org.hibernate.orm.connections.access - HHH10001501: Connection obtained from JdbcConnectionAccess [org.hibernate.engine.jdbc.env.internal.JdbcEnvironmentInitiator$ConnectionProviderJdbcConnectionAccess@5584d9c6] for (non-JTA) DDL execution was not in auto-commit mode; the Connection 'local transaction' will be committed and the Connection will be set into auto-commit mode.
19:12:19.070 INFO  o.h.e.t.j.p.i.JtaPlatformInitiator - HHH000490: Using JtaPlatform implementation: [org.hibernate.engine.transaction.jta.platform.internal.NoJtaPlatform]
19:12:19.161 INFO  org.example.panels.StartPanel - User root Logged in successfully 
19:13:22.792 INFO  org.hibernate.Version - HHH000412: Hibernate ORM core version 5.6.7.Final
19:13:22.930 WARN  org.hibernate.orm.deprecation - HHH90000012: Recognized obsolete hibernate namespace http://hibernate.sourceforge.net/hibernate-configuration. Use namespace http://www.hibernate.org/dtd/hibernate-configuration instead.  Support for obsolete DTD/XSD namespaces may be removed at any time.
19:13:23.126 INFO  o.h.annotations.common.Version - HCANN000001: Hibernate Commons Annotations {5.1.2.Final}
19:13:23.228 WARN  o.hibernate.orm.connections.pooling - HHH10001002: Using Hibernate built-in connection pool (not for production use!)
19:13:23.232 INFO  o.hibernate.orm.connections.pooling - HHH10001005: using driver [org.postgresql.Driver] at URL [jdbc:postgresql://localhost:5432/finalproject]
19:13:23.232 INFO  o.hibernate.orm.connections.pooling - HHH10001001: Connection properties: {password=****, pool_size=1, user=omid}
19:13:23.233 INFO  o.hibernate.orm.connections.pooling - HHH10001003: Autocommit mode: false
19:13:23.234 INFO  o.h.e.j.c.i.DriverManagerConnectionProviderImpl - HHH000115: Hibernate connection pool size: 20 (min=1)
19:13:23.316 INFO  org.hibernate.dialect.Dialect - HHH000400: Using dialect: org.hibernate.dialect.PostgreSQLDialect
19:13:23.834 INFO  org.hibernate.orm.connections.access - HHH10001501: Connection obtained from JdbcConnectionAccess [org.hibernate.engine.jdbc.env.internal.JdbcEnvironmentInitiator$ConnectionProviderJdbcConnectionAccess@5584d9c6] for (non-JTA) DDL execution was not in auto-commit mode; the Connection 'local transaction' will be committed and the Connection will be set into auto-commit mode.
19:13:23.882 INFO  o.h.e.t.j.p.i.JtaPlatformInitiator - HHH000490: Using JtaPlatform implementation: [org.hibernate.engine.transaction.jta.platform.internal.NoJtaPlatform]
19:13:23.964 INFO  org.example.panels.StartPanel - User root Logged in successfully 
19:13:55.651 INFO  org.hibernate.Version - HHH000412: Hibernate ORM core version 5.6.7.Final
19:13:55.811 WARN  org.hibernate.orm.deprecation - HHH90000012: Recognized obsolete hibernate namespace http://hibernate.sourceforge.net/hibernate-configuration. Use namespace http://www.hibernate.org/dtd/hibernate-configuration instead.  Support for obsolete DTD/XSD namespaces may be removed at any time.
19:13:56.072 INFO  o.h.annotations.common.Version - HCANN000001: Hibernate Commons Annotations {5.1.2.Final}
19:13:56.183 WARN  o.hibernate.orm.connections.pooling - HHH10001002: Using Hibernate built-in connection pool (not for production use!)
19:13:56.187 INFO  o.hibernate.orm.connections.pooling - HHH10001005: using driver [org.postgresql.Driver] at URL [jdbc:postgresql://localhost:5432/finalproject]
19:13:56.187 INFO  o.hibernate.orm.connections.pooling - HHH10001001: Connection properties: {password=****, pool_size=1, user=omid}
19:13:56.188 INFO  o.hibernate.orm.connections.pooling - HHH10001003: Autocommit mode: false
19:13:56.190 INFO  o.h.e.j.c.i.DriverManagerConnectionProviderImpl - HHH000115: Hibernate connection pool size: 20 (min=1)
19:13:56.284 INFO  org.hibernate.dialect.Dialect - HHH000400: Using dialect: org.hibernate.dialect.PostgreSQLDialect
19:13:56.919 INFO  org.hibernate.orm.connections.access - HHH10001501: Connection obtained from JdbcConnectionAccess [org.hibernate.engine.jdbc.env.internal.JdbcEnvironmentInitiator$ConnectionProviderJdbcConnectionAccess@5584d9c6] for (non-JTA) DDL execution was not in auto-commit mode; the Connection 'local transaction' will be committed and the Connection will be set into auto-commit mode.
19:13:56.973 INFO  o.h.e.t.j.p.i.JtaPlatformInitiator - HHH000490: Using JtaPlatform implementation: [org.hibernate.engine.transaction.jta.platform.internal.NoJtaPlatform]
19:13:57.061 INFO  org.example.panels.StartPanel - User root Logged in successfully 
19:14:34.955 INFO  org.hibernate.Version - HHH000412: Hibernate ORM core version 5.6.7.Final
19:14:35.144 WARN  org.hibernate.orm.deprecation - HHH90000012: Recognized obsolete hibernate namespace http://hibernate.sourceforge.net/hibernate-configuration. Use namespace http://www.hibernate.org/dtd/hibernate-configuration instead.  Support for obsolete DTD/XSD namespaces may be removed at any time.
19:14:35.461 INFO  o.h.annotations.common.Version - HCANN000001: Hibernate Commons Annotations {5.1.2.Final}
19:14:35.600 WARN  o.hibernate.orm.connections.pooling - HHH10001002: Using Hibernate built-in connection pool (not for production use!)
19:14:35.605 INFO  o.hibernate.orm.connections.pooling - HHH10001005: using driver [org.postgresql.Driver] at URL [jdbc:postgresql://localhost:5432/finalproject]
19:14:35.605 INFO  o.hibernate.orm.connections.pooling - HHH10001001: Connection properties: {password=****, pool_size=1, user=omid}
19:14:35.606 INFO  o.hibernate.orm.connections.pooling - HHH10001003: Autocommit mode: false
19:14:35.608 INFO  o.h.e.j.c.i.DriverManagerConnectionProviderImpl - HHH000115: Hibernate connection pool size: 20 (min=1)
19:14:35.760 INFO  org.hibernate.dialect.Dialect - HHH000400: Using dialect: org.hibernate.dialect.PostgreSQLDialect
19:14:36.522 INFO  org.hibernate.orm.connections.access - HHH10001501: Connection obtained from JdbcConnectionAccess [org.hibernate.engine.jdbc.env.internal.JdbcEnvironmentInitiator$ConnectionProviderJdbcConnectionAccess@45ab3bdd] for (non-JTA) DDL execution was not in auto-commit mode; the Connection 'local transaction' will be committed and the Connection will be set into auto-commit mode.
19:14:36.577 INFO  o.h.e.t.j.p.i.JtaPlatformInitiator - HHH000490: Using JtaPlatform implementation: [org.hibernate.engine.transaction.jta.platform.internal.NoJtaPlatform]
19:14:36.670 INFO  org.example.panels.StartPanel - User root Logged in successfully 
19:15:05.349 INFO  org.hibernate.Version - HHH000412: Hibernate ORM core version 5.6.7.Final
19:15:05.481 WARN  org.hibernate.orm.deprecation - HHH90000012: Recognized obsolete hibernate namespace http://hibernate.sourceforge.net/hibernate-configuration. Use namespace http://www.hibernate.org/dtd/hibernate-configuration instead.  Support for obsolete DTD/XSD namespaces may be removed at any time.
19:15:05.700 INFO  o.h.annotations.common.Version - HCANN000001: Hibernate Commons Annotations {5.1.2.Final}
19:15:05.797 WARN  o.hibernate.orm.connections.pooling - HHH10001002: Using Hibernate built-in connection pool (not for production use!)
19:15:05.801 INFO  o.hibernate.orm.connections.pooling - HHH10001005: using driver [org.postgresql.Driver] at URL [jdbc:postgresql://localhost:5432/finalproject]
19:15:05.801 INFO  o.hibernate.orm.connections.pooling - HHH10001001: Connection properties: {password=****, pool_size=1, user=omid}
19:15:05.801 INFO  o.hibernate.orm.connections.pooling - HHH10001003: Autocommit mode: false
19:15:05.803 INFO  o.h.e.j.c.i.DriverManagerConnectionProviderImpl - HHH000115: Hibernate connection pool size: 20 (min=1)
19:15:05.882 INFO  org.hibernate.dialect.Dialect - HHH000400: Using dialect: org.hibernate.dialect.PostgreSQLDialect
19:15:06.403 INFO  org.hibernate.orm.connections.access - HHH10001501: Connection obtained from JdbcConnectionAccess [org.hibernate.engine.jdbc.env.internal.JdbcEnvironmentInitiator$ConnectionProviderJdbcConnectionAccess@3c9c6245] for (non-JTA) DDL execution was not in auto-commit mode; the Connection 'local transaction' will be committed and the Connection will be set into auto-commit mode.
19:15:06.443 INFO  o.h.e.t.j.p.i.JtaPlatformInitiator - HHH000490: Using JtaPlatform implementation: [org.hibernate.engine.transaction.jta.platform.internal.NoJtaPlatform]
19:15:06.523 INFO  org.example.panels.StartPanel - User root Logged in successfully 
19:23:59.466 INFO  org.hibernate.Version - HHH000412: Hibernate ORM core version 5.6.7.Final
19:23:59.590 WARN  org.hibernate.orm.deprecation - HHH90000012: Recognized obsolete hibernate namespace http://hibernate.sourceforge.net/hibernate-configuration. Use namespace http://www.hibernate.org/dtd/hibernate-configuration instead.  Support for obsolete DTD/XSD namespaces may be removed at any time.
19:23:59.804 INFO  o.h.annotations.common.Version - HCANN000001: Hibernate Commons Annotations {5.1.2.Final}
19:23:59.890 WARN  o.hibernate.orm.connections.pooling - HHH10001002: Using Hibernate built-in connection pool (not for production use!)
19:23:59.894 INFO  o.hibernate.orm.connections.pooling - HHH10001005: using driver [org.postgresql.Driver] at URL [jdbc:postgresql://localhost:5432/finalproject]
19:23:59.894 INFO  o.hibernate.orm.connections.pooling - HHH10001001: Connection properties: {password=****, pool_size=1, user=omid}
19:23:59.895 INFO  o.hibernate.orm.connections.pooling - HHH10001003: Autocommit mode: false
19:23:59.896 INFO  o.h.e.j.c.i.DriverManagerConnectionProviderImpl - HHH000115: Hibernate connection pool size: 20 (min=1)
19:23:59.986 INFO  org.hibernate.dialect.Dialect - HHH000400: Using dialect: org.hibernate.dialect.PostgreSQLDialect
19:24:00.501 INFO  org.hibernate.orm.connections.access - HHH10001501: Connection obtained from JdbcConnectionAccess [org.hibernate.engine.jdbc.env.internal.JdbcEnvironmentInitiator$ConnectionProviderJdbcConnectionAccess@5584d9c6] for (non-JTA) DDL execution was not in auto-commit mode; the Connection 'local transaction' will be committed and the Connection will be set into auto-commit mode.
19:24:00.542 INFO  o.h.e.t.j.p.i.JtaPlatformInitiator - HHH000490: Using JtaPlatform implementation: [org.hibernate.engine.transaction.jta.platform.internal.NoJtaPlatform]
19:24:00.610 INFO  org.example.panels.StartPanel - User root Logged in successfully 
19:25:44.444 INFO  org.hibernate.Version - HHH000412: Hibernate ORM core version 5.6.7.Final
19:25:44.628 WARN  org.hibernate.orm.deprecation - HHH90000012: Recognized obsolete hibernate namespace http://hibernate.sourceforge.net/hibernate-configuration. Use namespace http://www.hibernate.org/dtd/hibernate-configuration instead.  Support for obsolete DTD/XSD namespaces may be removed at any time.
19:25:44.940 INFO  o.h.annotations.common.Version - HCANN000001: Hibernate Commons Annotations {5.1.2.Final}
19:25:45.085 WARN  o.hibernate.orm.connections.pooling - HHH10001002: Using Hibernate built-in connection pool (not for production use!)
19:25:45.089 INFO  o.hibernate.orm.connections.pooling - HHH10001005: using driver [org.postgresql.Driver] at URL [jdbc:postgresql://localhost:5432/finalproject]
19:25:45.090 INFO  o.hibernate.orm.connections.pooling - HHH10001001: Connection properties: {password=****, pool_size=1, user=omid}
19:25:45.090 INFO  o.hibernate.orm.connections.pooling - HHH10001003: Autocommit mode: false
19:25:45.093 INFO  o.h.e.j.c.i.DriverManagerConnectionProviderImpl - HHH000115: Hibernate connection pool size: 20 (min=1)
19:25:45.227 INFO  org.hibernate.dialect.Dialect - HHH000400: Using dialect: org.hibernate.dialect.PostgreSQLDialect
19:25:45.933 INFO  org.hibernate.orm.connections.access - HHH10001501: Connection obtained from JdbcConnectionAccess [org.hibernate.engine.jdbc.env.internal.JdbcEnvironmentInitiator$ConnectionProviderJdbcConnectionAccess@45ab3bdd] for (non-JTA) DDL execution was not in auto-commit mode; the Connection 'local transaction' will be committed and the Connection will be set into auto-commit mode.
19:25:45.992 INFO  o.h.e.t.j.p.i.JtaPlatformInitiator - HHH000490: Using JtaPlatform implementation: [org.hibernate.engine.transaction.jta.platform.internal.NoJtaPlatform]
19:25:46.099 INFO  org.example.panels.StartPanel - User root Logged in successfully 
19:26:57.568 INFO  org.hibernate.Version - HHH000412: Hibernate ORM core version 5.6.7.Final
19:26:57.757 WARN  org.hibernate.orm.deprecation - HHH90000012: Recognized obsolete hibernate namespace http://hibernate.sourceforge.net/hibernate-configuration. Use namespace http://www.hibernate.org/dtd/hibernate-configuration instead.  Support for obsolete DTD/XSD namespaces may be removed at any time.
19:26:58.038 INFO  o.h.annotations.common.Version - HCANN000001: Hibernate Commons Annotations {5.1.2.Final}
19:26:58.200 WARN  o.hibernate.orm.connections.pooling - HHH10001002: Using Hibernate built-in connection pool (not for production use!)
19:26:58.205 INFO  o.hibernate.orm.connections.pooling - HHH10001005: using driver [org.postgresql.Driver] at URL [jdbc:postgresql://localhost:5432/finalproject]
19:26:58.205 INFO  o.hibernate.orm.connections.pooling - HHH10001001: Connection properties: {password=****, pool_size=1, user=omid}
19:26:58.206 INFO  o.hibernate.orm.connections.pooling - HHH10001003: Autocommit mode: false
19:26:58.209 INFO  o.h.e.j.c.i.DriverManagerConnectionProviderImpl - HHH000115: Hibernate connection pool size: 20 (min=1)
19:26:58.353 INFO  org.hibernate.dialect.Dialect - HHH000400: Using dialect: org.hibernate.dialect.PostgreSQLDialect
19:26:59.086 INFO  org.hibernate.orm.connections.access - HHH10001501: Connection obtained from JdbcConnectionAccess [org.hibernate.engine.jdbc.env.internal.JdbcEnvironmentInitiator$ConnectionProviderJdbcConnectionAccess@45ab3bdd] for (non-JTA) DDL execution was not in auto-commit mode; the Connection 'local transaction' will be committed and the Connection will be set into auto-commit mode.
19:26:59.142 INFO  o.h.e.t.j.p.i.JtaPlatformInitiator - HHH000490: Using JtaPlatform implementation: [org.hibernate.engine.transaction.jta.platform.internal.NoJtaPlatform]
19:26:59.265 INFO  org.example.panels.StartPanel - User root Logged in successfully 
19:28:11.622 INFO  org.hibernate.Version - HHH000412: Hibernate ORM core version 5.6.7.Final
19:28:11.752 WARN  org.hibernate.orm.deprecation - HHH90000012: Recognized obsolete hibernate namespace http://hibernate.sourceforge.net/hibernate-configuration. Use namespace http://www.hibernate.org/dtd/hibernate-configuration instead.  Support for obsolete DTD/XSD namespaces may be removed at any time.
19:28:11.965 INFO  o.h.annotations.common.Version - HCANN000001: Hibernate Commons Annotations {5.1.2.Final}
19:28:12.061 WARN  o.hibernate.orm.connections.pooling - HHH10001002: Using Hibernate built-in connection pool (not for production use!)
19:28:12.064 INFO  o.hibernate.orm.connections.pooling - HHH10001005: using driver [org.postgresql.Driver] at URL [jdbc:postgresql://localhost:5432/finalproject]
19:28:12.065 INFO  o.hibernate.orm.connections.pooling - HHH10001001: Connection properties: {password=****, pool_size=1, user=omid}
19:28:12.065 INFO  o.hibernate.orm.connections.pooling - HHH10001003: Autocommit mode: false
19:28:12.066 INFO  o.h.e.j.c.i.DriverManagerConnectionProviderImpl - HHH000115: Hibernate connection pool size: 20 (min=1)
19:28:12.147 INFO  org.hibernate.dialect.Dialect - HHH000400: Using dialect: org.hibernate.dialect.PostgreSQLDialect
19:28:12.638 INFO  org.hibernate.orm.connections.access - HHH10001501: Connection obtained from JdbcConnectionAccess [org.hibernate.engine.jdbc.env.internal.JdbcEnvironmentInitiator$ConnectionProviderJdbcConnectionAccess@3c9c6245] for (non-JTA) DDL execution was not in auto-commit mode; the Connection 'local transaction' will be committed and the Connection will be set into auto-commit mode.
19:28:12.684 INFO  o.h.e.t.j.p.i.JtaPlatformInitiator - HHH000490: Using JtaPlatform implementation: [org.hibernate.engine.transaction.jta.platform.internal.NoJtaPlatform]
19:28:12.768 INFO  org.example.panels.StartPanel - User root Logged in successfully 
19:30:41.094 INFO  org.hibernate.Version - HHH000412: Hibernate ORM core version 5.6.7.Final
19:30:41.281 WARN  org.hibernate.orm.deprecation - HHH90000012: Recognized obsolete hibernate namespace http://hibernate.sourceforge.net/hibernate-configuration. Use namespace http://www.hibernate.org/dtd/hibernate-configuration instead.  Support for obsolete DTD/XSD namespaces may be removed at any time.
19:30:41.563 INFO  o.h.annotations.common.Version - HCANN000001: Hibernate Commons Annotations {5.1.2.Final}
19:30:41.683 WARN  o.hibernate.orm.connections.pooling - HHH10001002: Using Hibernate built-in connection pool (not for production use!)
19:30:41.687 INFO  o.hibernate.orm.connections.pooling - HHH10001005: using driver [org.postgresql.Driver] at URL [jdbc:postgresql://localhost:5432/finalproject]
19:30:41.687 INFO  o.hibernate.orm.connections.pooling - HHH10001001: Connection properties: {password=****, pool_size=1, user=omid}
19:30:41.688 INFO  o.hibernate.orm.connections.pooling - HHH10001003: Autocommit mode: false
19:30:41.690 INFO  o.h.e.j.c.i.DriverManagerConnectionProviderImpl - HHH000115: Hibernate connection pool size: 20 (min=1)
19:30:41.791 INFO  org.hibernate.dialect.Dialect - HHH000400: Using dialect: org.hibernate.dialect.PostgreSQLDialect
19:30:42.392 INFO  org.hibernate.orm.connections.access - HHH10001501: Connection obtained from JdbcConnectionAccess [org.hibernate.engine.jdbc.env.internal.JdbcEnvironmentInitiator$ConnectionProviderJdbcConnectionAccess@5584d9c6] for (non-JTA) DDL execution was not in auto-commit mode; the Connection 'local transaction' will be committed and the Connection will be set into auto-commit mode.
19:30:42.450 INFO  o.h.e.t.j.p.i.JtaPlatformInitiator - HHH000490: Using JtaPlatform implementation: [org.hibernate.engine.transaction.jta.platform.internal.NoJtaPlatform]
19:30:42.539 INFO  org.example.panels.StartPanel - User root Logged in successfully 
19:32:52.172 INFO  org.hibernate.Version - HHH000412: Hibernate ORM core version 5.6.7.Final
19:32:52.316 WARN  org.hibernate.orm.deprecation - HHH90000012: Recognized obsolete hibernate namespace http://hibernate.sourceforge.net/hibernate-configuration. Use namespace http://www.hibernate.org/dtd/hibernate-configuration instead.  Support for obsolete DTD/XSD namespaces may be removed at any time.
19:32:52.549 INFO  o.h.annotations.common.Version - HCANN000001: Hibernate Commons Annotations {5.1.2.Final}
19:32:52.650 WARN  o.hibernate.orm.connections.pooling - HHH10001002: Using Hibernate built-in connection pool (not for production use!)
19:32:52.653 INFO  o.hibernate.orm.connections.pooling - HHH10001005: using driver [org.postgresql.Driver] at URL [jdbc:postgresql://localhost:5432/finalproject]
19:32:52.654 INFO  o.hibernate.orm.connections.pooling - HHH10001001: Connection properties: {password=****, pool_size=1, user=omid}
19:32:52.654 INFO  o.hibernate.orm.connections.pooling - HHH10001003: Autocommit mode: false
19:32:52.655 INFO  o.h.e.j.c.i.DriverManagerConnectionProviderImpl - HHH000115: Hibernate connection pool size: 20 (min=1)
19:32:52.740 INFO  org.hibernate.dialect.Dialect - HHH000400: Using dialect: org.hibernate.dialect.PostgreSQLDialect
19:32:53.249 INFO  org.hibernate.orm.connections.access - HHH10001501: Connection obtained from JdbcConnectionAccess [org.hibernate.engine.jdbc.env.internal.JdbcEnvironmentInitiator$ConnectionProviderJdbcConnectionAccess@5584d9c6] for (non-JTA) DDL execution was not in auto-commit mode; the Connection 'local transaction' will be committed and the Connection will be set into auto-commit mode.
19:32:53.289 INFO  o.h.e.t.j.p.i.JtaPlatformInitiator - HHH000490: Using JtaPlatform implementation: [org.hibernate.engine.transaction.jta.platform.internal.NoJtaPlatform]
19:32:53.353 INFO  org.example.panels.StartPanel - User root Logged in successfully 
19:33:24.928 INFO  org.hibernate.Version - HHH000412: Hibernate ORM core version 5.6.7.Final
19:33:25.129 WARN  org.hibernate.orm.deprecation - HHH90000012: Recognized obsolete hibernate namespace http://hibernate.sourceforge.net/hibernate-configuration. Use namespace http://www.hibernate.org/dtd/hibernate-configuration instead.  Support for obsolete DTD/XSD namespaces may be removed at any time.
19:33:25.528 INFO  o.h.annotations.common.Version - HCANN000001: Hibernate Commons Annotations {5.1.2.Final}
19:33:25.652 WARN  o.hibernate.orm.connections.pooling - HHH10001002: Using Hibernate built-in connection pool (not for production use!)
19:33:25.657 INFO  o.hibernate.orm.connections.pooling - HHH10001005: using driver [org.postgresql.Driver] at URL [jdbc:postgresql://localhost:5432/finalproject]
19:33:25.657 INFO  o.hibernate.orm.connections.pooling - HHH10001001: Connection properties: {password=****, pool_size=1, user=omid}
19:33:25.658 INFO  o.hibernate.orm.connections.pooling - HHH10001003: Autocommit mode: false
19:33:25.660 INFO  o.h.e.j.c.i.DriverManagerConnectionProviderImpl - HHH000115: Hibernate connection pool size: 20 (min=1)
19:33:25.794 INFO  org.hibernate.dialect.Dialect - HHH000400: Using dialect: org.hibernate.dialect.PostgreSQLDialect
19:33:26.555 INFO  org.hibernate.orm.connections.access - HHH10001501: Connection obtained from JdbcConnectionAccess [org.hibernate.engine.jdbc.env.internal.JdbcEnvironmentInitiator$ConnectionProviderJdbcConnectionAccess@45ab3bdd] for (non-JTA) DDL execution was not in auto-commit mode; the Connection 'local transaction' will be committed and the Connection will be set into auto-commit mode.
19:33:26.620 INFO  o.h.e.t.j.p.i.JtaPlatformInitiator - HHH000490: Using JtaPlatform implementation: [org.hibernate.engine.transaction.jta.platform.internal.NoJtaPlatform]
19:33:26.729 INFO  org.example.panels.StartPanel - User root Logged in successfully 
19:34:49.895 INFO  org.hibernate.Version - HHH000412: Hibernate ORM core version 5.6.7.Final
19:34:50.088 WARN  org.hibernate.orm.deprecation - HHH90000012: Recognized obsolete hibernate namespace http://hibernate.sourceforge.net/hibernate-configuration. Use namespace http://www.hibernate.org/dtd/hibernate-configuration instead.  Support for obsolete DTD/XSD namespaces may be removed at any time.
19:34:50.419 INFO  o.h.annotations.common.Version - HCANN000001: Hibernate Commons Annotations {5.1.2.Final}
19:34:50.565 WARN  o.hibernate.orm.connections.pooling - HHH10001002: Using Hibernate built-in connection pool (not for production use!)
19:34:50.571 INFO  o.hibernate.orm.connections.pooling - HHH10001005: using driver [org.postgresql.Driver] at URL [jdbc:postgresql://localhost:5432/finalproject]
19:34:50.571 INFO  o.hibernate.orm.connections.pooling - HHH10001001: Connection properties: {password=****, pool_size=1, user=omid}
19:34:50.571 INFO  o.hibernate.orm.connections.pooling - HHH10001003: Autocommit mode: false
19:34:50.574 INFO  o.h.e.j.c.i.DriverManagerConnectionProviderImpl - HHH000115: Hibernate connection pool size: 20 (min=1)
19:34:50.731 INFO  org.hibernate.dialect.Dialect - HHH000400: Using dialect: org.hibernate.dialect.PostgreSQLDialect
19:34:51.455 INFO  org.hibernate.orm.connections.access - HHH10001501: Connection obtained from JdbcConnectionAccess [org.hibernate.engine.jdbc.env.internal.JdbcEnvironmentInitiator$ConnectionProviderJdbcConnectionAccess@2f10f633] for (non-JTA) DDL execution was not in auto-commit mode; the Connection 'local transaction' will be committed and the Connection will be set into auto-commit mode.
19:34:51.513 INFO  o.h.e.t.j.p.i.JtaPlatformInitiator - HHH000490: Using JtaPlatform implementation: [org.hibernate.engine.transaction.jta.platform.internal.NoJtaPlatform]
19:34:51.631 INFO  org.example.panels.StartPanel - User root Logged in successfully 
19:36:35.002 INFO  org.hibernate.Version - HHH000412: Hibernate ORM core version 5.6.7.Final
19:36:35.139 WARN  org.hibernate.orm.deprecation - HHH90000012: Recognized obsolete hibernate namespace http://hibernate.sourceforge.net/hibernate-configuration. Use namespace http://www.hibernate.org/dtd/hibernate-configuration instead.  Support for obsolete DTD/XSD namespaces may be removed at any time.
19:36:35.370 INFO  o.h.annotations.common.Version - HCANN000001: Hibernate Commons Annotations {5.1.2.Final}
19:36:35.473 WARN  o.hibernate.orm.connections.pooling - HHH10001002: Using Hibernate built-in connection pool (not for production use!)
19:36:35.477 INFO  o.hibernate.orm.connections.pooling - HHH10001005: using driver [org.postgresql.Driver] at URL [jdbc:postgresql://localhost:5432/finalproject]
19:36:35.477 INFO  o.hibernate.orm.connections.pooling - HHH10001001: Connection properties: {password=****, pool_size=1, user=omid}
19:36:35.477 INFO  o.hibernate.orm.connections.pooling - HHH10001003: Autocommit mode: false
19:36:35.479 INFO  o.h.e.j.c.i.DriverManagerConnectionProviderImpl - HHH000115: Hibernate connection pool size: 20 (min=1)
19:36:35.576 INFO  org.hibernate.dialect.Dialect - HHH000400: Using dialect: org.hibernate.dialect.PostgreSQLDialect
19:36:36.100 INFO  org.hibernate.orm.connections.access - HHH10001501: Connection obtained from JdbcConnectionAccess [org.hibernate.engine.jdbc.env.internal.JdbcEnvironmentInitiator$ConnectionProviderJdbcConnectionAccess@5584d9c6] for (non-JTA) DDL execution was not in auto-commit mode; the Connection 'local transaction' will be committed and the Connection will be set into auto-commit mode.
19:36:36.149 INFO  o.h.e.t.j.p.i.JtaPlatformInitiator - HHH000490: Using JtaPlatform implementation: [org.hibernate.engine.transaction.jta.platform.internal.NoJtaPlatform]
19:36:36.227 INFO  org.example.panels.StartPanel - User root Logged in successfully 
19:37:33.146 INFO  org.hibernate.Version - HHH000412: Hibernate ORM core version 5.6.7.Final
19:37:33.312 WARN  org.hibernate.orm.deprecation - HHH90000012: Recognized obsolete hibernate namespace http://hibernate.sourceforge.net/hibernate-configuration. Use namespace http://www.hibernate.org/dtd/hibernate-configuration instead.  Support for obsolete DTD/XSD namespaces may be removed at any time.
19:37:33.597 INFO  o.h.annotations.common.Version - HCANN000001: Hibernate Commons Annotations {5.1.2.Final}
19:37:33.720 WARN  o.hibernate.orm.connections.pooling - HHH10001002: Using Hibernate built-in connection pool (not for production use!)
19:37:33.725 INFO  o.hibernate.orm.connections.pooling - HHH10001005: using driver [org.postgresql.Driver] at URL [jdbc:postgresql://localhost:5432/finalproject]
19:37:33.725 INFO  o.hibernate.orm.connections.pooling - HHH10001001: Connection properties: {password=****, pool_size=1, user=omid}
19:37:33.725 INFO  o.hibernate.orm.connections.pooling - HHH10001003: Autocommit mode: false
19:37:33.727 INFO  o.h.e.j.c.i.DriverManagerConnectionProviderImpl - HHH000115: Hibernate connection pool size: 20 (min=1)
19:37:33.824 INFO  org.hibernate.dialect.Dialect - HHH000400: Using dialect: org.hibernate.dialect.PostgreSQLDialect
19:37:34.434 INFO  org.hibernate.orm.connections.access - HHH10001501: Connection obtained from JdbcConnectionAccess [org.hibernate.engine.jdbc.env.internal.JdbcEnvironmentInitiator$ConnectionProviderJdbcConnectionAccess@5584d9c6] for (non-JTA) DDL execution was not in auto-commit mode; the Connection 'local transaction' will be committed and the Connection will be set into auto-commit mode.
19:37:34.491 INFO  o.h.e.t.j.p.i.JtaPlatformInitiator - HHH000490: Using JtaPlatform implementation: [org.hibernate.engine.transaction.jta.platform.internal.NoJtaPlatform]
19:37:34.586 INFO  org.example.panels.StartPanel - User root Logged in successfully 
19:41:22.865 INFO  org.hibernate.Version - HHH000412: Hibernate ORM core version 5.6.7.Final
19:41:22.992 WARN  org.hibernate.orm.deprecation - HHH90000012: Recognized obsolete hibernate namespace http://hibernate.sourceforge.net/hibernate-configuration. Use namespace http://www.hibernate.org/dtd/hibernate-configuration instead.  Support for obsolete DTD/XSD namespaces may be removed at any time.
19:41:23.253 INFO  o.h.annotations.common.Version - HCANN000001: Hibernate Commons Annotations {5.1.2.Final}
19:41:23.370 WARN  o.hibernate.orm.connections.pooling - HHH10001002: Using Hibernate built-in connection pool (not for production use!)
19:41:23.374 INFO  o.hibernate.orm.connections.pooling - HHH10001005: using driver [org.postgresql.Driver] at URL [jdbc:postgresql://localhost:5432/finalproject]
19:41:23.375 INFO  o.hibernate.orm.connections.pooling - HHH10001001: Connection properties: {password=****, pool_size=1, user=omid}
19:41:23.375 INFO  o.hibernate.orm.connections.pooling - HHH10001003: Autocommit mode: false
19:41:23.377 INFO  o.h.e.j.c.i.DriverManagerConnectionProviderImpl - HHH000115: Hibernate connection pool size: 20 (min=1)
19:41:23.480 INFO  org.hibernate.dialect.Dialect - HHH000400: Using dialect: org.hibernate.dialect.PostgreSQLDialect
19:41:23.951 INFO  org.hibernate.orm.connections.access - HHH10001501: Connection obtained from JdbcConnectionAccess [org.hibernate.engine.jdbc.env.internal.JdbcEnvironmentInitiator$ConnectionProviderJdbcConnectionAccess@3c9c6245] for (non-JTA) DDL execution was not in auto-commit mode; the Connection 'local transaction' will be committed and the Connection will be set into auto-commit mode.
19:41:23.994 INFO  o.h.e.t.j.p.i.JtaPlatformInitiator - HHH000490: Using JtaPlatform implementation: [org.hibernate.engine.transaction.jta.platform.internal.NoJtaPlatform]
19:41:24.068 INFO  org.example.panels.StartPanel - User root Logged in successfully 
19:42:53.501 INFO  org.hibernate.Version - HHH000412: Hibernate ORM core version 5.6.7.Final
19:42:53.635 WARN  org.hibernate.orm.deprecation - HHH90000012: Recognized obsolete hibernate namespace http://hibernate.sourceforge.net/hibernate-configuration. Use namespace http://www.hibernate.org/dtd/hibernate-configuration instead.  Support for obsolete DTD/XSD namespaces may be removed at any time.
19:42:53.851 INFO  o.h.annotations.common.Version - HCANN000001: Hibernate Commons Annotations {5.1.2.Final}
19:42:53.933 WARN  o.hibernate.orm.connections.pooling - HHH10001002: Using Hibernate built-in connection pool (not for production use!)
19:42:53.937 INFO  o.hibernate.orm.connections.pooling - HHH10001005: using driver [org.postgresql.Driver] at URL [jdbc:postgresql://localhost:5432/finalproject]
19:42:53.937 INFO  o.hibernate.orm.connections.pooling - HHH10001001: Connection properties: {password=****, pool_size=1, user=omid}
19:42:53.937 INFO  o.hibernate.orm.connections.pooling - HHH10001003: Autocommit mode: false
19:42:53.939 INFO  o.h.e.j.c.i.DriverManagerConnectionProviderImpl - HHH000115: Hibernate connection pool size: 20 (min=1)
19:42:54.018 INFO  org.hibernate.dialect.Dialect - HHH000400: Using dialect: org.hibernate.dialect.PostgreSQLDialect
19:42:54.510 INFO  org.hibernate.orm.connections.access - HHH10001501: Connection obtained from JdbcConnectionAccess [org.hibernate.engine.jdbc.env.internal.JdbcEnvironmentInitiator$ConnectionProviderJdbcConnectionAccess@5584d9c6] for (non-JTA) DDL execution was not in auto-commit mode; the Connection 'local transaction' will be committed and the Connection will be set into auto-commit mode.
19:42:54.553 INFO  o.h.e.t.j.p.i.JtaPlatformInitiator - HHH000490: Using JtaPlatform implementation: [org.hibernate.engine.transaction.jta.platform.internal.NoJtaPlatform]
19:42:54.627 INFO  org.example.panels.StartPanel - User root Logged in successfully 
19:43:22.767 INFO  org.hibernate.Version - HHH000412: Hibernate ORM core version 5.6.7.Final
19:43:22.912 WARN  org.hibernate.orm.deprecation - HHH90000012: Recognized obsolete hibernate namespace http://hibernate.sourceforge.net/hibernate-configuration. Use namespace http://www.hibernate.org/dtd/hibernate-configuration instead.  Support for obsolete DTD/XSD namespaces may be removed at any time.
19:43:23.120 INFO  o.h.annotations.common.Version - HCANN000001: Hibernate Commons Annotations {5.1.2.Final}
19:43:23.206 WARN  o.hibernate.orm.connections.pooling - HHH10001002: Using Hibernate built-in connection pool (not for production use!)
19:43:23.210 INFO  o.hibernate.orm.connections.pooling - HHH10001005: using driver [org.postgresql.Driver] at URL [jdbc:postgresql://localhost:5432/finalproject]
19:43:23.210 INFO  o.hibernate.orm.connections.pooling - HHH10001001: Connection properties: {password=****, pool_size=1, user=omid}
19:43:23.211 INFO  o.hibernate.orm.connections.pooling - HHH10001003: Autocommit mode: false
19:43:23.213 INFO  o.h.e.j.c.i.DriverManagerConnectionProviderImpl - HHH000115: Hibernate connection pool size: 20 (min=1)
19:43:23.289 INFO  org.hibernate.dialect.Dialect - HHH000400: Using dialect: org.hibernate.dialect.PostgreSQLDialect
19:43:23.797 INFO  org.hibernate.orm.connections.access - HHH10001501: Connection obtained from JdbcConnectionAccess [org.hibernate.engine.jdbc.env.internal.JdbcEnvironmentInitiator$ConnectionProviderJdbcConnectionAccess@3c9c6245] for (non-JTA) DDL execution was not in auto-commit mode; the Connection 'local transaction' will be committed and the Connection will be set into auto-commit mode.
19:43:23.846 INFO  o.h.e.t.j.p.i.JtaPlatformInitiator - HHH000490: Using JtaPlatform implementation: [org.hibernate.engine.transaction.jta.platform.internal.NoJtaPlatform]
19:43:23.923 INFO  org.example.panels.StartPanel - User root Logged in successfully 
19:44:24.340 INFO  org.hibernate.Version - HHH000412: Hibernate ORM core version 5.6.7.Final
19:44:24.464 WARN  org.hibernate.orm.deprecation - HHH90000012: Recognized obsolete hibernate namespace http://hibernate.sourceforge.net/hibernate-configuration. Use namespace http://www.hibernate.org/dtd/hibernate-configuration instead.  Support for obsolete DTD/XSD namespaces may be removed at any time.
19:44:24.681 INFO  o.h.annotations.common.Version - HCANN000001: Hibernate Commons Annotations {5.1.2.Final}
19:44:24.767 WARN  o.hibernate.orm.connections.pooling - HHH10001002: Using Hibernate built-in connection pool (not for production use!)
19:44:24.771 INFO  o.hibernate.orm.connections.pooling - HHH10001005: using driver [org.postgresql.Driver] at URL [jdbc:postgresql://localhost:5432/finalproject]
19:44:24.771 INFO  o.hibernate.orm.connections.pooling - HHH10001001: Connection properties: {password=****, pool_size=1, user=omid}
19:44:24.772 INFO  o.hibernate.orm.connections.pooling - HHH10001003: Autocommit mode: false
19:44:24.773 INFO  o.h.e.j.c.i.DriverManagerConnectionProviderImpl - HHH000115: Hibernate connection pool size: 20 (min=1)
19:44:24.847 INFO  org.hibernate.dialect.Dialect - HHH000400: Using dialect: org.hibernate.dialect.PostgreSQLDialect
19:44:25.383 INFO  org.hibernate.orm.connections.access - HHH10001501: Connection obtained from JdbcConnectionAccess [org.hibernate.engine.jdbc.env.internal.JdbcEnvironmentInitiator$ConnectionProviderJdbcConnectionAccess@5584d9c6] for (non-JTA) DDL execution was not in auto-commit mode; the Connection 'local transaction' will be committed and the Connection will be set into auto-commit mode.
19:44:25.428 INFO  o.h.e.t.j.p.i.JtaPlatformInitiator - HHH000490: Using JtaPlatform implementation: [org.hibernate.engine.transaction.jta.platform.internal.NoJtaPlatform]
19:44:25.526 INFO  org.example.panels.StartPanel - User root Logged in successfully 
19:44:59.207 INFO  org.hibernate.Version - HHH000412: Hibernate ORM core version 5.6.7.Final
19:44:59.332 WARN  org.hibernate.orm.deprecation - HHH90000012: Recognized obsolete hibernate namespace http://hibernate.sourceforge.net/hibernate-configuration. Use namespace http://www.hibernate.org/dtd/hibernate-configuration instead.  Support for obsolete DTD/XSD namespaces may be removed at any time.
19:44:59.558 INFO  o.h.annotations.common.Version - HCANN000001: Hibernate Commons Annotations {5.1.2.Final}
19:44:59.651 WARN  o.hibernate.orm.connections.pooling - HHH10001002: Using Hibernate built-in connection pool (not for production use!)
19:44:59.654 INFO  o.hibernate.orm.connections.pooling - HHH10001005: using driver [org.postgresql.Driver] at URL [jdbc:postgresql://localhost:5432/finalproject]
19:44:59.655 INFO  o.hibernate.orm.connections.pooling - HHH10001001: Connection properties: {password=****, pool_size=1, user=omid}
19:44:59.655 INFO  o.hibernate.orm.connections.pooling - HHH10001003: Autocommit mode: false
19:44:59.657 INFO  o.h.e.j.c.i.DriverManagerConnectionProviderImpl - HHH000115: Hibernate connection pool size: 20 (min=1)
19:44:59.739 INFO  org.hibernate.dialect.Dialect - HHH000400: Using dialect: org.hibernate.dialect.PostgreSQLDialect
19:45:00.274 INFO  org.hibernate.orm.connections.access - HHH10001501: Connection obtained from JdbcConnectionAccess [org.hibernate.engine.jdbc.env.internal.JdbcEnvironmentInitiator$ConnectionProviderJdbcConnectionAccess@5584d9c6] for (non-JTA) DDL execution was not in auto-commit mode; the Connection 'local transaction' will be committed and the Connection will be set into auto-commit mode.
19:45:00.316 INFO  o.h.e.t.j.p.i.JtaPlatformInitiator - HHH000490: Using JtaPlatform implementation: [org.hibernate.engine.transaction.jta.platform.internal.NoJtaPlatform]
19:45:00.382 INFO  org.example.panels.StartPanel - User root Logged in successfully 
21:21:18.220 INFO  org.hibernate.Version - HHH000412: Hibernate ORM core version 5.6.7.Final
21:21:18.366 WARN  org.hibernate.orm.deprecation - HHH90000012: Recognized obsolete hibernate namespace http://hibernate.sourceforge.net/hibernate-configuration. Use namespace http://www.hibernate.org/dtd/hibernate-configuration instead.  Support for obsolete DTD/XSD namespaces may be removed at any time.
21:21:18.586 INFO  o.h.annotations.common.Version - HCANN000001: Hibernate Commons Annotations {5.1.2.Final}
21:21:18.691 WARN  o.hibernate.orm.connections.pooling - HHH10001002: Using Hibernate built-in connection pool (not for production use!)
21:21:18.695 INFO  o.hibernate.orm.connections.pooling - HHH10001005: using driver [org.postgresql.Driver] at URL [jdbc:postgresql://localhost:5432/finalproject]
21:21:18.696 INFO  o.hibernate.orm.connections.pooling - HHH10001001: Connection properties: {password=****, pool_size=1, user=omid}
21:21:18.696 INFO  o.hibernate.orm.connections.pooling - HHH10001003: Autocommit mode: false
21:21:18.698 INFO  o.h.e.j.c.i.DriverManagerConnectionProviderImpl - HHH000115: Hibernate connection pool size: 20 (min=1)
21:21:18.770 INFO  org.hibernate.dialect.Dialect - HHH000400: Using dialect: org.hibernate.dialect.PostgreSQLDialect
21:21:19.303 INFO  org.hibernate.orm.connections.access - HHH10001501: Connection obtained from JdbcConnectionAccess [org.hibernate.engine.jdbc.env.internal.JdbcEnvironmentInitiator$ConnectionProviderJdbcConnectionAccess@5584d9c6] for (non-JTA) DDL execution was not in auto-commit mode; the Connection 'local transaction' will be committed and the Connection will be set into auto-commit mode.
21:21:19.342 INFO  o.h.e.t.j.p.i.JtaPlatformInitiator - HHH000490: Using JtaPlatform implementation: [org.hibernate.engine.transaction.jta.platform.internal.NoJtaPlatform]
21:21:19.413 INFO  org.example.panels.StartPanel - User root Logged in successfully 
21:33:24.609 INFO  org.hibernate.Version - HHH000412: Hibernate ORM core version 5.6.7.Final
21:33:24.768 WARN  org.hibernate.orm.deprecation - HHH90000012: Recognized obsolete hibernate namespace http://hibernate.sourceforge.net/hibernate-configuration. Use namespace http://www.hibernate.org/dtd/hibernate-configuration instead.  Support for obsolete DTD/XSD namespaces may be removed at any time.
21:33:25.006 INFO  o.h.annotations.common.Version - HCANN000001: Hibernate Commons Annotations {5.1.2.Final}
21:33:25.108 WARN  o.hibernate.orm.connections.pooling - HHH10001002: Using Hibernate built-in connection pool (not for production use!)
21:33:25.112 INFO  o.hibernate.orm.connections.pooling - HHH10001005: using driver [org.postgresql.Driver] at URL [jdbc:postgresql://localhost:5432/finalproject]
21:33:25.112 INFO  o.hibernate.orm.connections.pooling - HHH10001001: Connection properties: {password=****, pool_size=1, user=omid}
21:33:25.112 INFO  o.hibernate.orm.connections.pooling - HHH10001003: Autocommit mode: false
21:33:25.114 INFO  o.h.e.j.c.i.DriverManagerConnectionProviderImpl - HHH000115: Hibernate connection pool size: 20 (min=1)
21:33:25.213 INFO  org.hibernate.dialect.Dialect - HHH000400: Using dialect: org.hibernate.dialect.PostgreSQLDialect
21:33:25.760 INFO  org.hibernate.orm.connections.access - HHH10001501: Connection obtained from JdbcConnectionAccess [org.hibernate.engine.jdbc.env.internal.JdbcEnvironmentInitiator$ConnectionProviderJdbcConnectionAccess@45ab3bdd] for (non-JTA) DDL execution was not in auto-commit mode; the Connection 'local transaction' will be committed and the Connection will be set into auto-commit mode.
21:33:25.811 INFO  o.h.e.t.j.p.i.JtaPlatformInitiator - HHH000490: Using JtaPlatform implementation: [org.hibernate.engine.transaction.jta.platform.internal.NoJtaPlatform]
21:33:25.895 INFO  org.example.panels.StartPanel - User root Logged in successfully 
21:37:47.927 INFO  org.hibernate.Version - HHH000412: Hibernate ORM core version 5.6.7.Final
21:37:48.176 WARN  org.hibernate.orm.deprecation - HHH90000012: Recognized obsolete hibernate namespace http://hibernate.sourceforge.net/hibernate-configuration. Use namespace http://www.hibernate.org/dtd/hibernate-configuration instead.  Support for obsolete DTD/XSD namespaces may be removed at any time.
21:37:48.476 INFO  o.h.annotations.common.Version - HCANN000001: Hibernate Commons Annotations {5.1.2.Final}
21:37:48.638 WARN  o.hibernate.orm.connections.pooling - HHH10001002: Using Hibernate built-in connection pool (not for production use!)
21:37:48.644 INFO  o.hibernate.orm.connections.pooling - HHH10001005: using driver [org.postgresql.Driver] at URL [jdbc:postgresql://localhost:5432/finalproject]
21:37:48.644 INFO  o.hibernate.orm.connections.pooling - HHH10001001: Connection properties: {password=****, pool_size=1, user=omid}
21:37:48.645 INFO  o.hibernate.orm.connections.pooling - HHH10001003: Autocommit mode: false
21:37:48.648 INFO  o.h.e.j.c.i.DriverManagerConnectionProviderImpl - HHH000115: Hibernate connection pool size: 20 (min=1)
21:37:48.794 INFO  org.hibernate.dialect.Dialect - HHH000400: Using dialect: org.hibernate.dialect.PostgreSQLDialect
21:37:49.586 INFO  org.hibernate.orm.connections.access - HHH10001501: Connection obtained from JdbcConnectionAccess [org.hibernate.engine.jdbc.env.internal.JdbcEnvironmentInitiator$ConnectionProviderJdbcConnectionAccess@2f10f633] for (non-JTA) DDL execution was not in auto-commit mode; the Connection 'local transaction' will be committed and the Connection will be set into auto-commit mode.
21:37:49.643 INFO  o.h.e.t.j.p.i.JtaPlatformInitiator - HHH000490: Using JtaPlatform implementation: [org.hibernate.engine.transaction.jta.platform.internal.NoJtaPlatform]
21:37:49.735 ERROR org.example.panels.StartPanel - wrong username or password
21:37:54.275 INFO  org.example.panels.StartPanel - User root Logged in successfully 
23:37:00.478 INFO  org.hibernate.Version - HHH000412: Hibernate ORM core version 5.6.7.Final
23:37:00.606 WARN  org.hibernate.orm.deprecation - HHH90000012: Recognized obsolete hibernate namespace http://hibernate.sourceforge.net/hibernate-configuration. Use namespace http://www.hibernate.org/dtd/hibernate-configuration instead.  Support for obsolete DTD/XSD namespaces may be removed at any time.
23:37:00.821 INFO  o.h.annotations.common.Version - HCANN000001: Hibernate Commons Annotations {5.1.2.Final}
23:37:00.917 WARN  o.hibernate.orm.connections.pooling - HHH10001002: Using Hibernate built-in connection pool (not for production use!)
23:37:00.922 INFO  o.hibernate.orm.connections.pooling - HHH10001005: using driver [org.postgresql.Driver] at URL [jdbc:postgresql://localhost:5432/finalproject]
23:37:00.922 INFO  o.hibernate.orm.connections.pooling - HHH10001001: Connection properties: {password=****, pool_size=1, user=omid}
23:37:00.922 INFO  o.hibernate.orm.connections.pooling - HHH10001003: Autocommit mode: false
23:37:00.924 INFO  o.h.e.j.c.i.DriverManagerConnectionProviderImpl - HHH000115: Hibernate connection pool size: 20 (min=1)
23:37:01.005 INFO  org.hibernate.dialect.Dialect - HHH000400: Using dialect: org.hibernate.dialect.PostgreSQLDialect
23:37:01.555 INFO  org.hibernate.orm.connections.access - HHH10001501: Connection obtained from JdbcConnectionAccess [org.hibernate.engine.jdbc.env.internal.JdbcEnvironmentInitiator$ConnectionProviderJdbcConnectionAccess@286090c] for (non-JTA) DDL execution was not in auto-commit mode; the Connection 'local transaction' will be committed and the Connection will be set into auto-commit mode.
23:37:01.587 INFO  o.h.e.t.j.p.i.JtaPlatformInitiator - HHH000490: Using JtaPlatform implementation: [org.hibernate.engine.transaction.jta.platform.internal.NoJtaPlatform]
23:37:01.654 INFO  org.example.panels.StartPanel - User root Logged in successfully 
23:37:26.670 WARN  o.h.e.jdbc.spi.SqlExceptionHelper - SQL Error: 0, SQLState: 23505
23:37:26.671 ERROR o.h.e.jdbc.spi.SqlExceptionHelper - ERROR: duplicate key value violates unique constraint "services_pkey"
  Detail: Key (id)=(1) already exists.
23:39:22.788 INFO  org.hibernate.Version - HHH000412: Hibernate ORM core version 5.6.7.Final
23:39:22.918 WARN  org.hibernate.orm.deprecation - HHH90000012: Recognized obsolete hibernate namespace http://hibernate.sourceforge.net/hibernate-configuration. Use namespace http://www.hibernate.org/dtd/hibernate-configuration instead.  Support for obsolete DTD/XSD namespaces may be removed at any time.
23:39:23.147 INFO  o.h.annotations.common.Version - HCANN000001: Hibernate Commons Annotations {5.1.2.Final}
23:39:23.254 WARN  o.hibernate.orm.connections.pooling - HHH10001002: Using Hibernate built-in connection pool (not for production use!)
23:39:23.258 INFO  o.hibernate.orm.connections.pooling - HHH10001005: using driver [org.postgresql.Driver] at URL [jdbc:postgresql://localhost:5432/finalproject]
23:39:23.259 INFO  o.hibernate.orm.connections.pooling - HHH10001001: Connection properties: {password=****, pool_size=1, user=omid}
23:39:23.259 INFO  o.hibernate.orm.connections.pooling - HHH10001003: Autocommit mode: false
23:39:23.261 INFO  o.h.e.j.c.i.DriverManagerConnectionProviderImpl - HHH000115: Hibernate connection pool size: 20 (min=1)
23:39:23.340 INFO  org.hibernate.dialect.Dialect - HHH000400: Using dialect: org.hibernate.dialect.PostgreSQLDialect
23:39:23.800 INFO  org.hibernate.orm.connections.access - HHH10001501: Connection obtained from JdbcConnectionAccess [org.hibernate.engine.jdbc.env.internal.JdbcEnvironmentInitiator$ConnectionProviderJdbcConnectionAccess@31120021] for (non-JTA) DDL execution was not in auto-commit mode; the Connection 'local transaction' will be committed and the Connection will be set into auto-commit mode.
23:39:23.844 INFO  o.h.e.t.j.p.i.JtaPlatformInitiator - HHH000490: Using JtaPlatform implementation: [org.hibernate.engine.transaction.jta.platform.internal.NoJtaPlatform]
23:39:23.940 INFO  org.example.panels.StartPanel - User root Logged in successfully 
23:39:33.979 WARN  o.h.e.jdbc.spi.SqlExceptionHelper - SQL Error: 0, SQLState: 23505
23:39:33.980 ERROR o.h.e.jdbc.spi.SqlExceptionHelper - ERROR: duplicate key value violates unique constraint "services_pkey"
  Detail: Key (id)=(2) already exists.
23:40:53.654 INFO  org.hibernate.Version - HHH000412: Hibernate ORM core version 5.6.7.Final
23:40:53.810 WARN  org.hibernate.orm.deprecation - HHH90000012: Recognized obsolete hibernate namespace http://hibernate.sourceforge.net/hibernate-configuration. Use namespace http://www.hibernate.org/dtd/hibernate-configuration instead.  Support for obsolete DTD/XSD namespaces may be removed at any time.
23:40:54.027 INFO  o.h.annotations.common.Version - HCANN000001: Hibernate Commons Annotations {5.1.2.Final}
23:40:54.115 WARN  o.hibernate.orm.connections.pooling - HHH10001002: Using Hibernate built-in connection pool (not for production use!)
23:40:54.118 INFO  o.hibernate.orm.connections.pooling - HHH10001005: using driver [org.postgresql.Driver] at URL [jdbc:postgresql://localhost:5432/finalproject]
23:40:54.118 INFO  o.hibernate.orm.connections.pooling - HHH10001001: Connection properties: {password=****, pool_size=1, user=omid}
23:40:54.118 INFO  o.hibernate.orm.connections.pooling - HHH10001003: Autocommit mode: false
23:40:54.120 INFO  o.h.e.j.c.i.DriverManagerConnectionProviderImpl - HHH000115: Hibernate connection pool size: 20 (min=1)
23:40:54.207 INFO  org.hibernate.dialect.Dialect - HHH000400: Using dialect: org.hibernate.dialect.PostgreSQLDialect
23:40:54.729 INFO  org.hibernate.orm.connections.access - HHH10001501: Connection obtained from JdbcConnectionAccess [org.hibernate.engine.jdbc.env.internal.JdbcEnvironmentInitiator$ConnectionProviderJdbcConnectionAccess@286090c] for (non-JTA) DDL execution was not in auto-commit mode; the Connection 'local transaction' will be committed and the Connection will be set into auto-commit mode.
23:40:54.767 INFO  o.h.e.t.j.p.i.JtaPlatformInitiator - HHH000490: Using JtaPlatform implementation: [org.hibernate.engine.transaction.jta.platform.internal.NoJtaPlatform]
23:40:54.847 INFO  org.example.panels.StartPanel - User root Logged in successfully 
23:41:44.403 INFO  org.hibernate.Version - HHH000412: Hibernate ORM core version 5.6.7.Final
23:41:44.534 WARN  org.hibernate.orm.deprecation - HHH90000012: Recognized obsolete hibernate namespace http://hibernate.sourceforge.net/hibernate-configuration. Use namespace http://www.hibernate.org/dtd/hibernate-configuration instead.  Support for obsolete DTD/XSD namespaces may be removed at any time.
23:41:44.742 INFO  o.h.annotations.common.Version - HCANN000001: Hibernate Commons Annotations {5.1.2.Final}
23:41:44.826 WARN  o.hibernate.orm.connections.pooling - HHH10001002: Using Hibernate built-in connection pool (not for production use!)
23:41:44.830 INFO  o.hibernate.orm.connections.pooling - HHH10001005: using driver [org.postgresql.Driver] at URL [jdbc:postgresql://localhost:5432/finalproject]
23:41:44.830 INFO  o.hibernate.orm.connections.pooling - HHH10001001: Connection properties: {password=****, pool_size=1, user=omid}
23:41:44.830 INFO  o.hibernate.orm.connections.pooling - HHH10001003: Autocommit mode: false
23:41:44.832 INFO  o.h.e.j.c.i.DriverManagerConnectionProviderImpl - HHH000115: Hibernate connection pool size: 20 (min=1)
23:41:44.913 INFO  org.hibernate.dialect.Dialect - HHH000400: Using dialect: org.hibernate.dialect.PostgreSQLDialect
23:41:45.415 INFO  org.hibernate.orm.connections.access - HHH10001501: Connection obtained from JdbcConnectionAccess [org.hibernate.engine.jdbc.env.internal.JdbcEnvironmentInitiator$ConnectionProviderJdbcConnectionAccess@31120021] for (non-JTA) DDL execution was not in auto-commit mode; the Connection 'local transaction' will be committed and the Connection will be set into auto-commit mode.
23:41:45.457 INFO  o.h.e.t.j.p.i.JtaPlatformInitiator - HHH000490: Using JtaPlatform implementation: [org.hibernate.engine.transaction.jta.platform.internal.NoJtaPlatform]
23:41:45.529 INFO  org.example.panels.StartPanel - User root Logged in successfully 
23:41:54.935 INFO  org.example.panels.AdminPanel - services org.example.entity.Services@6e829e50 added into database 
23:51:52.215 INFO  org.hibernate.Version - HHH000412: Hibernate ORM core version 5.6.7.Final
23:51:52.347 WARN  org.hibernate.orm.deprecation - HHH90000012: Recognized obsolete hibernate namespace http://hibernate.sourceforge.net/hibernate-configuration. Use namespace http://www.hibernate.org/dtd/hibernate-configuration instead.  Support for obsolete DTD/XSD namespaces may be removed at any time.
23:51:52.546 INFO  o.h.annotations.common.Version - HCANN000001: Hibernate Commons Annotations {5.1.2.Final}
23:51:52.626 WARN  o.hibernate.orm.connections.pooling - HHH10001002: Using Hibernate built-in connection pool (not for production use!)
23:51:52.630 INFO  o.hibernate.orm.connections.pooling - HHH10001005: using driver [org.postgresql.Driver] at URL [jdbc:postgresql://localhost:5432/finalproject]
23:51:52.630 INFO  o.hibernate.orm.connections.pooling - HHH10001001: Connection properties: {password=****, pool_size=1, user=omid}
23:51:52.630 INFO  o.hibernate.orm.connections.pooling - HHH10001003: Autocommit mode: false
23:51:52.632 INFO  o.h.e.j.c.i.DriverManagerConnectionProviderImpl - HHH000115: Hibernate connection pool size: 20 (min=1)
23:51:52.705 INFO  org.hibernate.dialect.Dialect - HHH000400: Using dialect: org.hibernate.dialect.PostgreSQLDialect
23:51:53.263 INFO  org.hibernate.orm.connections.access - HHH10001501: Connection obtained from JdbcConnectionAccess [org.hibernate.engine.jdbc.env.internal.JdbcEnvironmentInitiator$ConnectionProviderJdbcConnectionAccess@286090c] for (non-JTA) DDL execution was not in auto-commit mode; the Connection 'local transaction' will be committed and the Connection will be set into auto-commit mode.
23:51:53.297 INFO  o.h.e.t.j.p.i.JtaPlatformInitiator - HHH000490: Using JtaPlatform implementation: [org.hibernate.engine.transaction.jta.platform.internal.NoJtaPlatform]
23:51:53.381 INFO  org.example.panels.StartPanel - User root Logged in successfully 
23:52:21.035 INFO  org.hibernate.Version - HHH000412: Hibernate ORM core version 5.6.7.Final
23:52:21.164 WARN  org.hibernate.orm.deprecation - HHH90000012: Recognized obsolete hibernate namespace http://hibernate.sourceforge.net/hibernate-configuration. Use namespace http://www.hibernate.org/dtd/hibernate-configuration instead.  Support for obsolete DTD/XSD namespaces may be removed at any time.
23:52:21.390 INFO  o.h.annotations.common.Version - HCANN000001: Hibernate Commons Annotations {5.1.2.Final}
23:52:21.487 WARN  o.hibernate.orm.connections.pooling - HHH10001002: Using Hibernate built-in connection pool (not for production use!)
23:52:21.492 INFO  o.hibernate.orm.connections.pooling - HHH10001005: using driver [org.postgresql.Driver] at URL [jdbc:postgresql://localhost:5432/finalproject]
23:52:21.492 INFO  o.hibernate.orm.connections.pooling - HHH10001001: Connection properties: {password=****, pool_size=1, user=omid}
23:52:21.492 INFO  o.hibernate.orm.connections.pooling - HHH10001003: Autocommit mode: false
23:52:21.494 INFO  o.h.e.j.c.i.DriverManagerConnectionProviderImpl - HHH000115: Hibernate connection pool size: 20 (min=1)
23:52:21.566 INFO  org.hibernate.dialect.Dialect - HHH000400: Using dialect: org.hibernate.dialect.PostgreSQLDialect
23:52:22.077 INFO  org.hibernate.orm.connections.access - HHH10001501: Connection obtained from JdbcConnectionAccess [org.hibernate.engine.jdbc.env.internal.JdbcEnvironmentInitiator$ConnectionProviderJdbcConnectionAccess@286090c] for (non-JTA) DDL execution was not in auto-commit mode; the Connection 'local transaction' will be committed and the Connection will be set into auto-commit mode.
23:52:22.117 INFO  o.h.e.t.j.p.i.JtaPlatformInitiator - HHH000490: Using JtaPlatform implementation: [org.hibernate.engine.transaction.jta.platform.internal.NoJtaPlatform]
23:52:22.182 INFO  org.example.panels.StartPanel - User root Logged in successfully 
23:53:02.022 INFO  org.hibernate.Version - HHH000412: Hibernate ORM core version 5.6.7.Final
23:53:02.215 WARN  org.hibernate.orm.deprecation - HHH90000012: Recognized obsolete hibernate namespace http://hibernate.sourceforge.net/hibernate-configuration. Use namespace http://www.hibernate.org/dtd/hibernate-configuration instead.  Support for obsolete DTD/XSD namespaces may be removed at any time.
23:53:02.497 INFO  o.h.annotations.common.Version - HCANN000001: Hibernate Commons Annotations {5.1.2.Final}
23:53:02.622 WARN  o.hibernate.orm.connections.pooling - HHH10001002: Using Hibernate built-in connection pool (not for production use!)
23:53:02.626 INFO  o.hibernate.orm.connections.pooling - HHH10001005: using driver [org.postgresql.Driver] at URL [jdbc:postgresql://localhost:5432/finalproject]
23:53:02.626 INFO  o.hibernate.orm.connections.pooling - HHH10001001: Connection properties: {password=****, pool_size=1, user=omid}
23:53:02.627 INFO  o.hibernate.orm.connections.pooling - HHH10001003: Autocommit mode: false
23:53:02.629 INFO  o.h.e.j.c.i.DriverManagerConnectionProviderImpl - HHH000115: Hibernate connection pool size: 20 (min=1)
23:53:02.728 INFO  org.hibernate.dialect.Dialect - HHH000400: Using dialect: org.hibernate.dialect.PostgreSQLDialect
23:53:03.317 INFO  org.hibernate.orm.connections.access - HHH10001501: Connection obtained from JdbcConnectionAccess [org.hibernate.engine.jdbc.env.internal.JdbcEnvironmentInitiator$ConnectionProviderJdbcConnectionAccess@286090c] for (non-JTA) DDL execution was not in auto-commit mode; the Connection 'local transaction' will be committed and the Connection will be set into auto-commit mode.
23:53:03.370 INFO  o.h.e.t.j.p.i.JtaPlatformInitiator - HHH000490: Using JtaPlatform implementation: [org.hibernate.engine.transaction.jta.platform.internal.NoJtaPlatform]
23:53:03.472 INFO  org.example.panels.StartPanel - User root Logged in successfully 
23:53:36.766 INFO  org.hibernate.Version - HHH000412: Hibernate ORM core version 5.6.7.Final
23:53:36.907 WARN  org.hibernate.orm.deprecation - HHH90000012: Recognized obsolete hibernate namespace http://hibernate.sourceforge.net/hibernate-configuration. Use namespace http://www.hibernate.org/dtd/hibernate-configuration instead.  Support for obsolete DTD/XSD namespaces may be removed at any time.
23:53:37.106 INFO  o.h.annotations.common.Version - HCANN000001: Hibernate Commons Annotations {5.1.2.Final}
23:53:37.198 WARN  o.hibernate.orm.connections.pooling - HHH10001002: Using Hibernate built-in connection pool (not for production use!)
23:53:37.202 INFO  o.hibernate.orm.connections.pooling - HHH10001005: using driver [org.postgresql.Driver] at URL [jdbc:postgresql://localhost:5432/finalproject]
23:53:37.203 INFO  o.hibernate.orm.connections.pooling - HHH10001001: Connection properties: {password=****, pool_size=1, user=omid}
23:53:37.203 INFO  o.hibernate.orm.connections.pooling - HHH10001003: Autocommit mode: false
23:53:37.205 INFO  o.h.e.j.c.i.DriverManagerConnectionProviderImpl - HHH000115: Hibernate connection pool size: 20 (min=1)
23:53:37.289 INFO  org.hibernate.dialect.Dialect - HHH000400: Using dialect: org.hibernate.dialect.PostgreSQLDialect
23:53:37.787 INFO  org.hibernate.orm.connections.access - HHH10001501: Connection obtained from JdbcConnectionAccess [org.hibernate.engine.jdbc.env.internal.JdbcEnvironmentInitiator$ConnectionProviderJdbcConnectionAccess@286090c] for (non-JTA) DDL execution was not in auto-commit mode; the Connection 'local transaction' will be committed and the Connection will be set into auto-commit mode.
23:53:37.828 INFO  o.h.e.t.j.p.i.JtaPlatformInitiator - HHH000490: Using JtaPlatform implementation: [org.hibernate.engine.transaction.jta.platform.internal.NoJtaPlatform]
23:53:37.894 INFO  org.example.panels.StartPanel - User root Logged in successfully 
23:54:01.183 INFO  org.hibernate.Version - HHH000412: Hibernate ORM core version 5.6.7.Final
23:54:01.333 WARN  org.hibernate.orm.deprecation - HHH90000012: Recognized obsolete hibernate namespace http://hibernate.sourceforge.net/hibernate-configuration. Use namespace http://www.hibernate.org/dtd/hibernate-configuration instead.  Support for obsolete DTD/XSD namespaces may be removed at any time.
23:54:01.590 INFO  o.h.annotations.common.Version - HCANN000001: Hibernate Commons Annotations {5.1.2.Final}
23:54:01.713 WARN  o.hibernate.orm.connections.pooling - HHH10001002: Using Hibernate built-in connection pool (not for production use!)
23:54:01.717 INFO  o.hibernate.orm.connections.pooling - HHH10001005: using driver [org.postgresql.Driver] at URL [jdbc:postgresql://localhost:5432/finalproject]
23:54:01.718 INFO  o.hibernate.orm.connections.pooling - HHH10001001: Connection properties: {password=****, pool_size=1, user=omid}
23:54:01.718 INFO  o.hibernate.orm.connections.pooling - HHH10001003: Autocommit mode: false
23:54:01.720 INFO  o.h.e.j.c.i.DriverManagerConnectionProviderImpl - HHH000115: Hibernate connection pool size: 20 (min=1)
23:54:01.817 INFO  org.hibernate.dialect.Dialect - HHH000400: Using dialect: org.hibernate.dialect.PostgreSQLDialect
23:54:02.372 INFO  org.hibernate.orm.connections.access - HHH10001501: Connection obtained from JdbcConnectionAccess [org.hibernate.engine.jdbc.env.internal.JdbcEnvironmentInitiator$ConnectionProviderJdbcConnectionAccess@286090c] for (non-JTA) DDL execution was not in auto-commit mode; the Connection 'local transaction' will be committed and the Connection will be set into auto-commit mode.
23:54:02.427 INFO  o.h.e.t.j.p.i.JtaPlatformInitiator - HHH000490: Using JtaPlatform implementation: [org.hibernate.engine.transaction.jta.platform.internal.NoJtaPlatform]
23:54:02.520 INFO  org.example.panels.StartPanel - User root Logged in successfully 
23:55:17.141 INFO  org.hibernate.Version - HHH000412: Hibernate ORM core version 5.6.7.Final
23:55:17.258 WARN  org.hibernate.orm.deprecation - HHH90000012: Recognized obsolete hibernate namespace http://hibernate.sourceforge.net/hibernate-configuration. Use namespace http://www.hibernate.org/dtd/hibernate-configuration instead.  Support for obsolete DTD/XSD namespaces may be removed at any time.
23:55:17.458 INFO  o.h.annotations.common.Version - HCANN000001: Hibernate Commons Annotations {5.1.2.Final}
23:55:17.552 WARN  o.hibernate.orm.connections.pooling - HHH10001002: Using Hibernate built-in connection pool (not for production use!)
23:55:17.555 INFO  o.hibernate.orm.connections.pooling - HHH10001005: using driver [org.postgresql.Driver] at URL [jdbc:postgresql://localhost:5432/finalproject]
23:55:17.556 INFO  o.hibernate.orm.connections.pooling - HHH10001001: Connection properties: {password=****, pool_size=1, user=omid}
23:55:17.556 INFO  o.hibernate.orm.connections.pooling - HHH10001003: Autocommit mode: false
23:55:17.557 INFO  o.h.e.j.c.i.DriverManagerConnectionProviderImpl - HHH000115: Hibernate connection pool size: 20 (min=1)
23:55:17.636 INFO  org.hibernate.dialect.Dialect - HHH000400: Using dialect: org.hibernate.dialect.PostgreSQLDialect
23:55:18.140 INFO  org.hibernate.orm.connections.access - HHH10001501: Connection obtained from JdbcConnectionAccess [org.hibernate.engine.jdbc.env.internal.JdbcEnvironmentInitiator$ConnectionProviderJdbcConnectionAccess@31120021] for (non-JTA) DDL execution was not in auto-commit mode; the Connection 'local transaction' will be committed and the Connection will be set into auto-commit mode.
23:55:18.186 INFO  o.h.e.t.j.p.i.JtaPlatformInitiator - HHH000490: Using JtaPlatform implementation: [org.hibernate.engine.transaction.jta.platform.internal.NoJtaPlatform]
23:55:18.256 INFO  org.example.panels.StartPanel - User root Logged in successfully 
23:55:27.084 INFO  org.example.panels.AdminPanel - services org.example.entity.Services@83bb0f added into database 
23:59:18.367 INFO  org.hibernate.Version - HHH000412: Hibernate ORM core version 5.6.7.Final
23:59:18.519 WARN  org.hibernate.orm.deprecation - HHH90000012: Recognized obsolete hibernate namespace http://hibernate.sourceforge.net/hibernate-configuration. Use namespace http://www.hibernate.org/dtd/hibernate-configuration instead.  Support for obsolete DTD/XSD namespaces may be removed at any time.
23:59:18.786 INFO  o.h.annotations.common.Version - HCANN000001: Hibernate Commons Annotations {5.1.2.Final}
23:59:18.913 WARN  o.hibernate.orm.connections.pooling - HHH10001002: Using Hibernate built-in connection pool (not for production use!)
23:59:18.918 INFO  o.hibernate.orm.connections.pooling - HHH10001005: using driver [org.postgresql.Driver] at URL [jdbc:postgresql://localhost:5432/finalproject]
23:59:18.918 INFO  o.hibernate.orm.connections.pooling - HHH10001001: Connection properties: {password=****, pool_size=1, user=omid}
23:59:18.918 INFO  o.hibernate.orm.connections.pooling - HHH10001003: Autocommit mode: false
23:59:18.921 INFO  o.h.e.j.c.i.DriverManagerConnectionProviderImpl - HHH000115: Hibernate connection pool size: 20 (min=1)
23:59:19.050 INFO  org.hibernate.dialect.Dialect - HHH000400: Using dialect: org.hibernate.dialect.PostgreSQLDialect
23:59:19.633 INFO  org.hibernate.orm.connections.access - HHH10001501: Connection obtained from JdbcConnectionAccess [org.hibernate.engine.jdbc.env.internal.JdbcEnvironmentInitiator$ConnectionProviderJdbcConnectionAccess@3e8b3b79] for (non-JTA) DDL execution was not in auto-commit mode; the Connection 'local transaction' will be committed and the Connection will be set into auto-commit mode.
23:59:19.672 INFO  o.h.e.t.j.p.i.JtaPlatformInitiator - HHH000490: Using JtaPlatform implementation: [org.hibernate.engine.transaction.jta.platform.internal.NoJtaPlatform]
23:59:19.751 INFO  org.example.panels.StartPanel - User root Logged in successfully 
00:01:13.395 INFO  org.hibernate.Version - HHH000412: Hibernate ORM core version 5.6.7.Final
00:01:13.543 WARN  org.hibernate.orm.deprecation - HHH90000012: Recognized obsolete hibernate namespace http://hibernate.sourceforge.net/hibernate-configuration. Use namespace http://www.hibernate.org/dtd/hibernate-configuration instead.  Support for obsolete DTD/XSD namespaces may be removed at any time.
00:01:13.786 INFO  o.h.annotations.common.Version - HCANN000001: Hibernate Commons Annotations {5.1.2.Final}
00:01:13.892 WARN  o.hibernate.orm.connections.pooling - HHH10001002: Using Hibernate built-in connection pool (not for production use!)
00:01:13.895 INFO  o.hibernate.orm.connections.pooling - HHH10001005: using driver [org.postgresql.Driver] at URL [jdbc:postgresql://localhost:5432/finalproject]
00:01:13.896 INFO  o.hibernate.orm.connections.pooling - HHH10001001: Connection properties: {password=****, pool_size=1, user=omid}
00:01:13.896 INFO  o.hibernate.orm.connections.pooling - HHH10001003: Autocommit mode: false
00:01:13.898 INFO  o.h.e.j.c.i.DriverManagerConnectionProviderImpl - HHH000115: Hibernate connection pool size: 20 (min=1)
00:01:14.039 INFO  org.hibernate.dialect.Dialect - HHH000400: Using dialect: org.hibernate.dialect.PostgreSQLDialect
00:01:14.667 INFO  org.hibernate.orm.connections.access - HHH10001501: Connection obtained from JdbcConnectionAccess [org.hibernate.engine.jdbc.env.internal.JdbcEnvironmentInitiator$ConnectionProviderJdbcConnectionAccess@3d0cac1f] for (non-JTA) DDL execution was not in auto-commit mode; the Connection 'local transaction' will be committed and the Connection will be set into auto-commit mode.
00:01:14.721 INFO  o.h.e.t.j.p.i.JtaPlatformInitiator - HHH000490: Using JtaPlatform implementation: [org.hibernate.engine.transaction.jta.platform.internal.NoJtaPlatform]
00:01:14.810 INFO  org.example.panels.StartPanel - User root Logged in successfully 
00:02:55.999 INFO  org.hibernate.Version - HHH000412: Hibernate ORM core version 5.6.7.Final
00:02:56.163 WARN  org.hibernate.orm.deprecation - HHH90000012: Recognized obsolete hibernate namespace http://hibernate.sourceforge.net/hibernate-configuration. Use namespace http://www.hibernate.org/dtd/hibernate-configuration instead.  Support for obsolete DTD/XSD namespaces may be removed at any time.
00:02:56.438 INFO  o.h.annotations.common.Version - HCANN000001: Hibernate Commons Annotations {5.1.2.Final}
00:02:56.566 WARN  o.hibernate.orm.connections.pooling - HHH10001002: Using Hibernate built-in connection pool (not for production use!)
00:02:56.578 INFO  o.hibernate.orm.connections.pooling - HHH10001005: using driver [org.postgresql.Driver] at URL [jdbc:postgresql://localhost:5432/finalproject]
00:02:56.578 INFO  o.hibernate.orm.connections.pooling - HHH10001001: Connection properties: {password=****, pool_size=1, user=omid}
00:02:56.579 INFO  o.hibernate.orm.connections.pooling - HHH10001003: Autocommit mode: false
00:02:56.582 INFO  o.h.e.j.c.i.DriverManagerConnectionProviderImpl - HHH000115: Hibernate connection pool size: 20 (min=1)
00:02:56.683 INFO  org.hibernate.dialect.Dialect - HHH000400: Using dialect: org.hibernate.dialect.PostgreSQLDialect
00:02:57.290 INFO  org.hibernate.orm.connections.access - HHH10001501: Connection obtained from JdbcConnectionAccess [org.hibernate.engine.jdbc.env.internal.JdbcEnvironmentInitiator$ConnectionProviderJdbcConnectionAccess@31120021] for (non-JTA) DDL execution was not in auto-commit mode; the Connection 'local transaction' will be committed and the Connection will be set into auto-commit mode.
00:02:57.336 INFO  o.h.e.t.j.p.i.JtaPlatformInitiator - HHH000490: Using JtaPlatform implementation: [org.hibernate.engine.transaction.jta.platform.internal.NoJtaPlatform]
00:02:57.436 INFO  org.example.panels.StartPanel - User root Logged in successfully 
12:30:23.902 INFO  org.hibernate.Version - HHH000412: Hibernate ORM core version 5.6.7.Final
12:30:24.287 WARN  org.hibernate.orm.deprecation - HHH90000012: Recognized obsolete hibernate namespace http://hibernate.sourceforge.net/hibernate-configuration. Use namespace http://www.hibernate.org/dtd/hibernate-configuration instead.  Support for obsolete DTD/XSD namespaces may be removed at any time.
12:30:24.815 INFO  o.h.annotations.common.Version - HCANN000001: Hibernate Commons Annotations {5.1.2.Final}
12:30:24.987 WARN  o.hibernate.orm.connections.pooling - HHH10001002: Using Hibernate built-in connection pool (not for production use!)
12:30:25.002 INFO  o.hibernate.orm.connections.pooling - HHH10001005: using driver [org.postgresql.Driver] at URL [jdbc:postgresql://localhost:5432/finalproject]
12:30:25.002 INFO  o.hibernate.orm.connections.pooling - HHH10001001: Connection properties: {password=****, pool_size=1, user=omid}
12:30:25.002 INFO  o.hibernate.orm.connections.pooling - HHH10001003: Autocommit mode: false
12:30:25.005 INFO  o.h.e.j.c.i.DriverManagerConnectionProviderImpl - HHH000115: Hibernate connection pool size: 20 (min=1)
12:30:25.270 INFO  org.hibernate.dialect.Dialect - HHH000400: Using dialect: org.hibernate.dialect.PostgreSQLDialect
12:30:26.498 INFO  org.hibernate.orm.connections.access - HHH10001501: Connection obtained from JdbcConnectionAccess [org.hibernate.engine.jdbc.env.internal.JdbcEnvironmentInitiator$ConnectionProviderJdbcConnectionAccess@31120021] for (non-JTA) DDL execution was not in auto-commit mode; the Connection 'local transaction' will be committed and the Connection will be set into auto-commit mode.
12:30:26.603 INFO  o.h.e.t.j.p.i.JtaPlatformInitiator - HHH000490: Using JtaPlatform implementation: [org.hibernate.engine.transaction.jta.platform.internal.NoJtaPlatform]
12:30:26.844 INFO  org.example.panels.StartPanel - User root Logged in successfully 
12:34:02.393 INFO  org.hibernate.Version - HHH000412: Hibernate ORM core version 5.6.7.Final
12:34:02.749 WARN  org.hibernate.orm.deprecation - HHH90000012: Recognized obsolete hibernate namespace http://hibernate.sourceforge.net/hibernate-configuration. Use namespace http://www.hibernate.org/dtd/hibernate-configuration instead.  Support for obsolete DTD/XSD namespaces may be removed at any time.
12:34:03.305 INFO  o.h.annotations.common.Version - HCANN000001: Hibernate Commons Annotations {5.1.2.Final}
12:34:03.605 WARN  o.hibernate.orm.connections.pooling - HHH10001002: Using Hibernate built-in connection pool (not for production use!)
12:34:03.620 INFO  o.hibernate.orm.connections.pooling - HHH10001005: using driver [org.postgresql.Driver] at URL [jdbc:postgresql://localhost:5432/finalproject]
12:34:03.620 INFO  o.hibernate.orm.connections.pooling - HHH10001001: Connection properties: {password=****, pool_size=1, user=omid}
12:34:03.621 INFO  o.hibernate.orm.connections.pooling - HHH10001003: Autocommit mode: false
12:34:03.627 INFO  o.h.e.j.c.i.DriverManagerConnectionProviderImpl - HHH000115: Hibernate connection pool size: 20 (min=1)
12:34:03.821 INFO  org.hibernate.dialect.Dialect - HHH000400: Using dialect: org.hibernate.dialect.PostgreSQLDialect
12:34:05.246 INFO  org.hibernate.orm.connections.access - HHH10001501: Connection obtained from JdbcConnectionAccess [org.hibernate.engine.jdbc.env.internal.JdbcEnvironmentInitiator$ConnectionProviderJdbcConnectionAccess@31120021] for (non-JTA) DDL execution was not in auto-commit mode; the Connection 'local transaction' will be committed and the Connection will be set into auto-commit mode.
12:34:05.311 INFO  o.h.e.t.j.p.i.JtaPlatformInitiator - HHH000490: Using JtaPlatform implementation: [org.hibernate.engine.transaction.jta.platform.internal.NoJtaPlatform]
12:34:05.412 INFO  org.example.panels.StartPanel - User root Logged in successfully 
12:35:49.678 INFO  org.hibernate.Version - HHH000412: Hibernate ORM core version 5.6.7.Final
12:35:49.859 WARN  org.hibernate.orm.deprecation - HHH90000012: Recognized obsolete hibernate namespace http://hibernate.sourceforge.net/hibernate-configuration. Use namespace http://www.hibernate.org/dtd/hibernate-configuration instead.  Support for obsolete DTD/XSD namespaces may be removed at any time.
12:35:50.154 INFO  o.h.annotations.common.Version - HCANN000001: Hibernate Commons Annotations {5.1.2.Final}
12:35:50.281 WARN  o.hibernate.orm.connections.pooling - HHH10001002: Using Hibernate built-in connection pool (not for production use!)
12:35:50.285 INFO  o.hibernate.orm.connections.pooling - HHH10001005: using driver [org.postgresql.Driver] at URL [jdbc:postgresql://localhost:5432/finalproject]
12:35:50.285 INFO  o.hibernate.orm.connections.pooling - HHH10001001: Connection properties: {password=****, pool_size=1, user=omid}
12:35:50.286 INFO  o.hibernate.orm.connections.pooling - HHH10001003: Autocommit mode: false
12:35:50.288 INFO  o.h.e.j.c.i.DriverManagerConnectionProviderImpl - HHH000115: Hibernate connection pool size: 20 (min=1)
12:35:50.407 INFO  org.hibernate.dialect.Dialect - HHH000400: Using dialect: org.hibernate.dialect.PostgreSQLDialect
12:35:51.292 INFO  org.hibernate.orm.connections.access - HHH10001501: Connection obtained from JdbcConnectionAccess [org.hibernate.engine.jdbc.env.internal.JdbcEnvironmentInitiator$ConnectionProviderJdbcConnectionAccess@286090c] for (non-JTA) DDL execution was not in auto-commit mode; the Connection 'local transaction' will be committed and the Connection will be set into auto-commit mode.
12:35:51.351 INFO  o.h.e.t.j.p.i.JtaPlatformInitiator - HHH000490: Using JtaPlatform implementation: [org.hibernate.engine.transaction.jta.platform.internal.NoJtaPlatform]
12:35:51.516 INFO  org.example.panels.StartPanel - User root Logged in successfully 
12:36:42.745 INFO  org.hibernate.Version - HHH000412: Hibernate ORM core version 5.6.7.Final
12:36:42.942 WARN  org.hibernate.orm.deprecation - HHH90000012: Recognized obsolete hibernate namespace http://hibernate.sourceforge.net/hibernate-configuration. Use namespace http://www.hibernate.org/dtd/hibernate-configuration instead.  Support for obsolete DTD/XSD namespaces may be removed at any time.
12:36:43.267 INFO  o.h.annotations.common.Version - HCANN000001: Hibernate Commons Annotations {5.1.2.Final}
12:36:43.439 WARN  o.hibernate.orm.connections.pooling - HHH10001002: Using Hibernate built-in connection pool (not for production use!)
12:36:43.445 INFO  o.hibernate.orm.connections.pooling - HHH10001005: using driver [org.postgresql.Driver] at URL [jdbc:postgresql://localhost:5432/finalproject]
12:36:43.446 INFO  o.hibernate.orm.connections.pooling - HHH10001001: Connection properties: {password=****, pool_size=1, user=omid}
12:36:43.446 INFO  o.hibernate.orm.connections.pooling - HHH10001003: Autocommit mode: false
12:36:43.448 INFO  o.h.e.j.c.i.DriverManagerConnectionProviderImpl - HHH000115: Hibernate connection pool size: 20 (min=1)
12:36:43.610 INFO  org.hibernate.dialect.Dialect - HHH000400: Using dialect: org.hibernate.dialect.PostgreSQLDialect
12:36:44.424 INFO  org.hibernate.orm.connections.access - HHH10001501: Connection obtained from JdbcConnectionAccess [org.hibernate.engine.jdbc.env.internal.JdbcEnvironmentInitiator$ConnectionProviderJdbcConnectionAccess@286090c] for (non-JTA) DDL execution was not in auto-commit mode; the Connection 'local transaction' will be committed and the Connection will be set into auto-commit mode.
12:36:44.470 INFO  o.h.e.t.j.p.i.JtaPlatformInitiator - HHH000490: Using JtaPlatform implementation: [org.hibernate.engine.transaction.jta.platform.internal.NoJtaPlatform]
12:36:44.564 INFO  org.example.panels.StartPanel - User root Logged in successfully 
12:38:26.444 INFO  org.hibernate.Version - HHH000412: Hibernate ORM core version 5.6.7.Final
12:38:26.669 WARN  org.hibernate.orm.deprecation - HHH90000012: Recognized obsolete hibernate namespace http://hibernate.sourceforge.net/hibernate-configuration. Use namespace http://www.hibernate.org/dtd/hibernate-configuration instead.  Support for obsolete DTD/XSD namespaces may be removed at any time.
12:38:27.114 INFO  o.h.annotations.common.Version - HCANN000001: Hibernate Commons Annotations {5.1.2.Final}
12:38:27.347 WARN  o.hibernate.orm.connections.pooling - HHH10001002: Using Hibernate built-in connection pool (not for production use!)
12:38:27.354 INFO  o.hibernate.orm.connections.pooling - HHH10001005: using driver [org.postgresql.Driver] at URL [jdbc:postgresql://localhost:5432/finalproject]
12:38:27.355 INFO  o.hibernate.orm.connections.pooling - HHH10001001: Connection properties: {password=****, pool_size=1, user=omid}
12:38:27.355 INFO  o.hibernate.orm.connections.pooling - HHH10001003: Autocommit mode: false
12:38:27.360 INFO  o.h.e.j.c.i.DriverManagerConnectionProviderImpl - HHH000115: Hibernate connection pool size: 20 (min=1)
12:38:27.532 INFO  org.hibernate.dialect.Dialect - HHH000400: Using dialect: org.hibernate.dialect.PostgreSQLDialect
12:38:28.433 INFO  org.hibernate.orm.connections.access - HHH10001501: Connection obtained from JdbcConnectionAccess [org.hibernate.engine.jdbc.env.internal.JdbcEnvironmentInitiator$ConnectionProviderJdbcConnectionAccess@3e8b3b79] for (non-JTA) DDL execution was not in auto-commit mode; the Connection 'local transaction' will be committed and the Connection will be set into auto-commit mode.
12:38:28.502 INFO  o.h.e.t.j.p.i.JtaPlatformInitiator - HHH000490: Using JtaPlatform implementation: [org.hibernate.engine.transaction.jta.platform.internal.NoJtaPlatform]
12:38:28.651 INFO  org.example.panels.StartPanel - User root Logged in successfully 
12:39:33.984 INFO  org.hibernate.Version - HHH000412: Hibernate ORM core version 5.6.7.Final
12:39:34.186 WARN  org.hibernate.orm.deprecation - HHH90000012: Recognized obsolete hibernate namespace http://hibernate.sourceforge.net/hibernate-configuration. Use namespace http://www.hibernate.org/dtd/hibernate-configuration instead.  Support for obsolete DTD/XSD namespaces may be removed at any time.
12:39:34.546 INFO  o.h.annotations.common.Version - HCANN000001: Hibernate Commons Annotations {5.1.2.Final}
12:39:34.661 WARN  o.hibernate.orm.connections.pooling - HHH10001002: Using Hibernate built-in connection pool (not for production use!)
12:39:34.665 INFO  o.hibernate.orm.connections.pooling - HHH10001005: using driver [org.postgresql.Driver] at URL [jdbc:postgresql://localhost:5432/finalproject]
12:39:34.666 INFO  o.hibernate.orm.connections.pooling - HHH10001001: Connection properties: {password=****, pool_size=1, user=omid}
12:39:34.666 INFO  o.hibernate.orm.connections.pooling - HHH10001003: Autocommit mode: false
12:39:34.668 INFO  o.h.e.j.c.i.DriverManagerConnectionProviderImpl - HHH000115: Hibernate connection pool size: 20 (min=1)
12:39:34.797 INFO  org.hibernate.dialect.Dialect - HHH000400: Using dialect: org.hibernate.dialect.PostgreSQLDialect
12:39:35.702 INFO  org.hibernate.orm.connections.access - HHH10001501: Connection obtained from JdbcConnectionAccess [org.hibernate.engine.jdbc.env.internal.JdbcEnvironmentInitiator$ConnectionProviderJdbcConnectionAccess@31120021] for (non-JTA) DDL execution was not in auto-commit mode; the Connection 'local transaction' will be committed and the Connection will be set into auto-commit mode.
12:39:35.750 INFO  o.h.e.t.j.p.i.JtaPlatformInitiator - HHH000490: Using JtaPlatform implementation: [org.hibernate.engine.transaction.jta.platform.internal.NoJtaPlatform]
12:39:35.848 INFO  org.example.panels.StartPanel - User root Logged in successfully 
12:40:45.245 INFO  org.hibernate.Version - HHH000412: Hibernate ORM core version 5.6.7.Final
12:40:45.474 WARN  org.hibernate.orm.deprecation - HHH90000012: Recognized obsolete hibernate namespace http://hibernate.sourceforge.net/hibernate-configuration. Use namespace http://www.hibernate.org/dtd/hibernate-configuration instead.  Support for obsolete DTD/XSD namespaces may be removed at any time.
12:40:45.870 INFO  o.h.annotations.common.Version - HCANN000001: Hibernate Commons Annotations {5.1.2.Final}
12:40:46.011 WARN  o.hibernate.orm.connections.pooling - HHH10001002: Using Hibernate built-in connection pool (not for production use!)
12:40:46.016 INFO  o.hibernate.orm.connections.pooling - HHH10001005: using driver [org.postgresql.Driver] at URL [jdbc:postgresql://localhost:5432/finalproject]
12:40:46.016 INFO  o.hibernate.orm.connections.pooling - HHH10001001: Connection properties: {password=****, pool_size=1, user=omid}
12:40:46.016 INFO  o.hibernate.orm.connections.pooling - HHH10001003: Autocommit mode: false
12:40:46.019 INFO  o.h.e.j.c.i.DriverManagerConnectionProviderImpl - HHH000115: Hibernate connection pool size: 20 (min=1)
12:40:46.157 INFO  org.hibernate.dialect.Dialect - HHH000400: Using dialect: org.hibernate.dialect.PostgreSQLDialect
12:40:46.945 INFO  org.hibernate.orm.connections.access - HHH10001501: Connection obtained from JdbcConnectionAccess [org.hibernate.engine.jdbc.env.internal.JdbcEnvironmentInitiator$ConnectionProviderJdbcConnectionAccess@286090c] for (non-JTA) DDL execution was not in auto-commit mode; the Connection 'local transaction' will be committed and the Connection will be set into auto-commit mode.
12:40:46.997 INFO  o.h.e.t.j.p.i.JtaPlatformInitiator - HHH000490: Using JtaPlatform implementation: [org.hibernate.engine.transaction.jta.platform.internal.NoJtaPlatform]
12:40:47.092 INFO  org.example.panels.StartPanel - User root Logged in successfully 
16:53:28.986 INFO  org.hibernate.Version - HHH000412: Hibernate ORM core version 5.6.7.Final
16:53:29.277 WARN  org.hibernate.orm.deprecation - HHH90000012: Recognized obsolete hibernate namespace http://hibernate.sourceforge.net/hibernate-configuration. Use namespace http://www.hibernate.org/dtd/hibernate-configuration instead.  Support for obsolete DTD/XSD namespaces may be removed at any time.
16:53:29.646 INFO  o.h.annotations.common.Version - HCANN000001: Hibernate Commons Annotations {5.1.2.Final}
16:53:29.765 WARN  o.hibernate.orm.connections.pooling - HHH10001002: Using Hibernate built-in connection pool (not for production use!)
16:53:29.778 INFO  o.hibernate.orm.connections.pooling - HHH10001005: using driver [org.postgresql.Driver] at URL [jdbc:postgresql://localhost:5432/finalproject]
16:53:29.779 INFO  o.hibernate.orm.connections.pooling - HHH10001001: Connection properties: {password=****, pool_size=1, user=omid}
16:53:29.779 INFO  o.hibernate.orm.connections.pooling - HHH10001003: Autocommit mode: false
16:53:29.781 INFO  o.h.e.j.c.i.DriverManagerConnectionProviderImpl - HHH000115: Hibernate connection pool size: 20 (min=1)
16:53:29.919 INFO  org.hibernate.dialect.Dialect - HHH000400: Using dialect: org.hibernate.dialect.PostgreSQLDialect
16:53:30.637 INFO  org.hibernate.orm.connections.access - HHH10001501: Connection obtained from JdbcConnectionAccess [org.hibernate.engine.jdbc.env.internal.JdbcEnvironmentInitiator$ConnectionProviderJdbcConnectionAccess@2740e316] for (non-JTA) DDL execution was not in auto-commit mode; the Connection 'local transaction' will be committed and the Connection will be set into auto-commit mode.
16:53:30.707 INFO  o.h.e.t.j.p.i.JtaPlatformInitiator - HHH000490: Using JtaPlatform implementation: [org.hibernate.engine.transaction.jta.platform.internal.NoJtaPlatform]
16:53:39.792 INFO  org.example.panels.StartPanel - Expert skhfa created successfully
16:59:12.359 INFO  org.hibernate.Version - HHH000412: Hibernate ORM core version 5.6.7.Final
16:59:12.525 WARN  org.hibernate.orm.deprecation - HHH90000012: Recognized obsolete hibernate namespace http://hibernate.sourceforge.net/hibernate-configuration. Use namespace http://www.hibernate.org/dtd/hibernate-configuration instead.  Support for obsolete DTD/XSD namespaces may be removed at any time.
16:59:12.807 INFO  o.h.annotations.common.Version - HCANN000001: Hibernate Commons Annotations {5.1.2.Final}
16:59:12.914 WARN  o.hibernate.orm.connections.pooling - HHH10001002: Using Hibernate built-in connection pool (not for production use!)
16:59:12.924 INFO  o.hibernate.orm.connections.pooling - HHH10001005: using driver [org.postgresql.Driver] at URL [jdbc:postgresql://localhost:5432/finalproject]
16:59:12.925 INFO  o.hibernate.orm.connections.pooling - HHH10001001: Connection properties: {password=****, pool_size=1, user=omid}
16:59:12.926 INFO  o.hibernate.orm.connections.pooling - HHH10001003: Autocommit mode: false
16:59:12.929 INFO  o.h.e.j.c.i.DriverManagerConnectionProviderImpl - HHH000115: Hibernate connection pool size: 20 (min=1)
16:59:13.026 INFO  org.hibernate.dialect.Dialect - HHH000400: Using dialect: org.hibernate.dialect.PostgreSQLDialect
16:59:13.629 INFO  org.hibernate.orm.connections.access - HHH10001501: Connection obtained from JdbcConnectionAccess [org.hibernate.engine.jdbc.env.internal.JdbcEnvironmentInitiator$ConnectionProviderJdbcConnectionAccess@47768e74] for (non-JTA) DDL execution was not in auto-commit mode; the Connection 'local transaction' will be committed and the Connection will be set into auto-commit mode.
16:59:13.674 INFO  o.h.e.t.j.p.i.JtaPlatformInitiator - HHH000490: Using JtaPlatform implementation: [org.hibernate.engine.transaction.jta.platform.internal.NoJtaPlatform]
16:59:42.060 INFO  org.hibernate.Version - HHH000412: Hibernate ORM core version 5.6.7.Final
16:59:42.210 WARN  org.hibernate.orm.deprecation - HHH90000012: Recognized obsolete hibernate namespace http://hibernate.sourceforge.net/hibernate-configuration. Use namespace http://www.hibernate.org/dtd/hibernate-configuration instead.  Support for obsolete DTD/XSD namespaces may be removed at any time.
16:59:42.411 INFO  o.h.annotations.common.Version - HCANN000001: Hibernate Commons Annotations {5.1.2.Final}
16:59:42.486 WARN  o.hibernate.orm.connections.pooling - HHH10001002: Using Hibernate built-in connection pool (not for production use!)
16:59:42.490 INFO  o.hibernate.orm.connections.pooling - HHH10001005: using driver [org.postgresql.Driver] at URL [jdbc:postgresql://localhost:5432/finalproject]
16:59:42.490 INFO  o.hibernate.orm.connections.pooling - HHH10001001: Connection properties: {password=****, pool_size=1, user=omid}
16:59:42.490 INFO  o.hibernate.orm.connections.pooling - HHH10001003: Autocommit mode: false
16:59:42.492 INFO  o.h.e.j.c.i.DriverManagerConnectionProviderImpl - HHH000115: Hibernate connection pool size: 20 (min=1)
16:59:42.578 INFO  org.hibernate.dialect.Dialect - HHH000400: Using dialect: org.hibernate.dialect.PostgreSQLDialect
16:59:43.080 INFO  org.hibernate.orm.connections.access - HHH10001501: Connection obtained from JdbcConnectionAccess [org.hibernate.engine.jdbc.env.internal.JdbcEnvironmentInitiator$ConnectionProviderJdbcConnectionAccess@47768e74] for (non-JTA) DDL execution was not in auto-commit mode; the Connection 'local transaction' will be committed and the Connection will be set into auto-commit mode.
16:59:43.119 INFO  o.h.e.t.j.p.i.JtaPlatformInitiator - HHH000490: Using JtaPlatform implementation: [org.hibernate.engine.transaction.jta.platform.internal.NoJtaPlatform]
17:01:33.371 INFO  org.hibernate.Version - HHH000412: Hibernate ORM core version 5.6.7.Final
17:01:33.554 WARN  org.hibernate.orm.deprecation - HHH90000012: Recognized obsolete hibernate namespace http://hibernate.sourceforge.net/hibernate-configuration. Use namespace http://www.hibernate.org/dtd/hibernate-configuration instead.  Support for obsolete DTD/XSD namespaces may be removed at any time.
17:01:33.876 INFO  o.h.annotations.common.Version - HCANN000001: Hibernate Commons Annotations {5.1.2.Final}
17:01:34.028 WARN  o.hibernate.orm.connections.pooling - HHH10001002: Using Hibernate built-in connection pool (not for production use!)
17:01:34.033 INFO  o.hibernate.orm.connections.pooling - HHH10001005: using driver [org.postgresql.Driver] at URL [jdbc:postgresql://localhost:5432/finalproject]
17:01:34.033 INFO  o.hibernate.orm.connections.pooling - HHH10001001: Connection properties: {password=****, pool_size=1, user=omid}
17:01:34.033 INFO  o.hibernate.orm.connections.pooling - HHH10001003: Autocommit mode: false
17:01:34.038 INFO  o.h.e.j.c.i.DriverManagerConnectionProviderImpl - HHH000115: Hibernate connection pool size: 20 (min=1)
17:01:34.180 INFO  org.hibernate.dialect.Dialect - HHH000400: Using dialect: org.hibernate.dialect.PostgreSQLDialect
17:01:34.911 INFO  org.hibernate.orm.connections.access - HHH10001501: Connection obtained from JdbcConnectionAccess [org.hibernate.engine.jdbc.env.internal.JdbcEnvironmentInitiator$ConnectionProviderJdbcConnectionAccess@7102ac3e] for (non-JTA) DDL execution was not in auto-commit mode; the Connection 'local transaction' will be committed and the Connection will be set into auto-commit mode.
17:01:34.974 INFO  o.h.e.t.j.p.i.JtaPlatformInitiator - HHH000490: Using JtaPlatform implementation: [org.hibernate.engine.transaction.jta.platform.internal.NoJtaPlatform]
17:07:56.777 INFO  org.hibernate.Version - HHH000412: Hibernate ORM core version 5.6.7.Final
17:07:56.978 WARN  org.hibernate.orm.deprecation - HHH90000012: Recognized obsolete hibernate namespace http://hibernate.sourceforge.net/hibernate-configuration. Use namespace http://www.hibernate.org/dtd/hibernate-configuration instead.  Support for obsolete DTD/XSD namespaces may be removed at any time.
17:07:57.364 INFO  o.h.annotations.common.Version - HCANN000001: Hibernate Commons Annotations {5.1.2.Final}
17:07:57.535 WARN  o.hibernate.orm.connections.pooling - HHH10001002: Using Hibernate built-in connection pool (not for production use!)
17:07:57.541 INFO  o.hibernate.orm.connections.pooling - HHH10001005: using driver [org.postgresql.Driver] at URL [jdbc:postgresql://localhost:5432/finalproject]
17:07:57.541 INFO  o.hibernate.orm.connections.pooling - HHH10001001: Connection properties: {password=****, pool_size=1, user=omid}
17:07:57.542 INFO  o.hibernate.orm.connections.pooling - HHH10001003: Autocommit mode: false
17:07:57.546 INFO  o.h.e.j.c.i.DriverManagerConnectionProviderImpl - HHH000115: Hibernate connection pool size: 20 (min=1)
17:07:57.721 INFO  org.hibernate.dialect.Dialect - HHH000400: Using dialect: org.hibernate.dialect.PostgreSQLDialect
17:07:57.937 WARN  org.hibernate.cfg.AnnotationBinder - HHH000139: Illegal use of @Table in a subclass of a SINGLE_TABLE hierarchy: org.example.entity.Expert
17:07:58.769 INFO  org.hibernate.orm.connections.access - HHH10001501: Connection obtained from JdbcConnectionAccess [org.hibernate.engine.jdbc.env.internal.JdbcEnvironmentInitiator$ConnectionProviderJdbcConnectionAccess@2bfaba70] for (non-JTA) DDL execution was not in auto-commit mode; the Connection 'local transaction' will be committed and the Connection will be set into auto-commit mode.
17:07:58.871 WARN  o.h.t.s.i.ExceptionHandlerLoggedImpl - GenerationTarget encountered exception accepting command : Error executing DDL "alter table users add column DTYPE varchar(31) not null" via JDBC Statement
org.hibernate.tool.schema.spi.CommandAcceptanceException: Error executing DDL "alter table users add column DTYPE varchar(31) not null" via JDBC Statement
	at org.hibernate.tool.schema.internal.exec.GenerationTargetToDatabase.accept(GenerationTargetToDatabase.java:67)
	at org.hibernate.tool.schema.internal.AbstractSchemaMigrator.applySqlString(AbstractSchemaMigrator.java:581)
	at org.hibernate.tool.schema.internal.AbstractSchemaMigrator.applySqlStrings(AbstractSchemaMigrator.java:602)
	at org.hibernate.tool.schema.internal.AbstractSchemaMigrator.migrateTable(AbstractSchemaMigrator.java:314)
	at org.hibernate.tool.schema.internal.GroupedSchemaMigratorImpl.performTablesMigration(GroupedSchemaMigratorImpl.java:78)
	at org.hibernate.tool.schema.internal.AbstractSchemaMigrator.performMigration(AbstractSchemaMigrator.java:220)
	at org.hibernate.tool.schema.internal.AbstractSchemaMigrator.doMigration(AbstractSchemaMigrator.java:123)
	at org.hibernate.tool.schema.spi.SchemaManagementToolCoordinator.performDatabaseAction(SchemaManagementToolCoordinator.java:196)
	at org.hibernate.tool.schema.spi.SchemaManagementToolCoordinator.process(SchemaManagementToolCoordinator.java:85)
	at org.hibernate.internal.SessionFactoryImpl.<init>(SessionFactoryImpl.java:335)
	at org.hibernate.boot.internal.SessionFactoryBuilderImpl.build(SessionFactoryBuilderImpl.java:471)
	at org.hibernate.boot.internal.MetadataImpl.buildSessionFactory(MetadataImpl.java:200)
	at org.example.DataBaseConnection.SingleTonConnection$LazyHolder.<clinit>(SingleTonConnection.java:28)
	at org.example.DataBaseConnection.SingleTonConnection.getInstance(SingleTonConnection.java:32)
	at org.example.repository.ServicesRepository.allServices(ServicesRepository.java:14)
	at org.example.services.ServicesService.showAllServices(ServicesService.java:20)
	at org.example.panels.AdminPanel.showAllServices(AdminPanel.java:125)
	at org.example.panels.StartPanel.selectService(StartPanel.java:115)
	at org.example.panels.StartPanel.register(StartPanel.java:93)
	at org.example.panels.StartPanel.select(StartPanel.java:63)
	at org.example.Run.execute(Run.java:9)
	at org.example.Main.main(Main.java:10)
Caused by: org.postgresql.util.PSQLException: ERROR: column "dtype" of relation "users" contains null values
	at org.postgresql.core.v3.QueryExecutorImpl.receiveErrorResponse(QueryExecutorImpl.java:2676)
	at org.postgresql.core.v3.QueryExecutorImpl.processResults(QueryExecutorImpl.java:2366)
	at org.postgresql.core.v3.QueryExecutorImpl.execute(QueryExecutorImpl.java:356)
	at org.postgresql.jdbc.PgStatement.executeInternal(PgStatement.java:496)
	at org.postgresql.jdbc.PgStatement.execute(PgStatement.java:413)
	at org.postgresql.jdbc.PgStatement.executeWithFlags(PgStatement.java:333)
	at org.postgresql.jdbc.PgStatement.executeCachedSql(PgStatement.java:319)
	at org.postgresql.jdbc.PgStatement.executeWithFlags(PgStatement.java:295)
	at org.postgresql.jdbc.PgStatement.execute(PgStatement.java:290)
	at org.hibernate.tool.schema.internal.exec.GenerationTargetToDatabase.accept(GenerationTargetToDatabase.java:54)
	... 21 common frames omitted
17:07:58.979 INFO  o.h.e.t.j.p.i.JtaPlatformInitiator - HHH000490: Using JtaPlatform implementation: [org.hibernate.engine.transaction.jta.platform.internal.NoJtaPlatform]
17:22:38.563 INFO  org.hibernate.Version - HHH000412: Hibernate ORM core version 5.6.7.Final
17:22:38.683 WARN  org.hibernate.orm.deprecation - HHH90000012: Recognized obsolete hibernate namespace http://hibernate.sourceforge.net/hibernate-configuration. Use namespace http://www.hibernate.org/dtd/hibernate-configuration instead.  Support for obsolete DTD/XSD namespaces may be removed at any time.
17:22:38.890 INFO  o.h.annotations.common.Version - HCANN000001: Hibernate Commons Annotations {5.1.2.Final}
17:22:38.974 WARN  o.hibernate.orm.connections.pooling - HHH10001002: Using Hibernate built-in connection pool (not for production use!)
17:22:38.977 INFO  o.hibernate.orm.connections.pooling - HHH10001005: using driver [org.postgresql.Driver] at URL [jdbc:postgresql://localhost:5432/finalproject]
17:22:38.977 INFO  o.hibernate.orm.connections.pooling - HHH10001001: Connection properties: {password=****, pool_size=1, user=omid}
17:22:38.978 INFO  o.hibernate.orm.connections.pooling - HHH10001003: Autocommit mode: false
17:22:38.979 INFO  o.h.e.j.c.i.DriverManagerConnectionProviderImpl - HHH000115: Hibernate connection pool size: 20 (min=1)
17:22:39.051 INFO  org.hibernate.dialect.Dialect - HHH000400: Using dialect: org.hibernate.dialect.PostgreSQLDialect
17:22:39.182 WARN  org.hibernate.cfg.AnnotationBinder - HHH000139: Illegal use of @Table in a subclass of a SINGLE_TABLE hierarchy: org.example.entity.Expert
17:22:39.578 INFO  org.hibernate.orm.connections.access - HHH10001501: Connection obtained from JdbcConnectionAccess [org.hibernate.engine.jdbc.env.internal.JdbcEnvironmentInitiator$ConnectionProviderJdbcConnectionAccess@939ff41] for (non-JTA) DDL execution was not in auto-commit mode; the Connection 'local transaction' will be committed and the Connection will be set into auto-commit mode.
17:22:39.603 WARN  o.h.t.s.i.ExceptionHandlerLoggedImpl - GenerationTarget encountered exception accepting command : Error executing DDL "alter table users add column DTYPE varchar(31) not null" via JDBC Statement
org.hibernate.tool.schema.spi.CommandAcceptanceException: Error executing DDL "alter table users add column DTYPE varchar(31) not null" via JDBC Statement
	at org.hibernate.tool.schema.internal.exec.GenerationTargetToDatabase.accept(GenerationTargetToDatabase.java:67)
	at org.hibernate.tool.schema.internal.AbstractSchemaMigrator.applySqlString(AbstractSchemaMigrator.java:581)
	at org.hibernate.tool.schema.internal.AbstractSchemaMigrator.applySqlStrings(AbstractSchemaMigrator.java:602)
	at org.hibernate.tool.schema.internal.AbstractSchemaMigrator.migrateTable(AbstractSchemaMigrator.java:314)
	at org.hibernate.tool.schema.internal.GroupedSchemaMigratorImpl.performTablesMigration(GroupedSchemaMigratorImpl.java:78)
	at org.hibernate.tool.schema.internal.AbstractSchemaMigrator.performMigration(AbstractSchemaMigrator.java:220)
	at org.hibernate.tool.schema.internal.AbstractSchemaMigrator.doMigration(AbstractSchemaMigrator.java:123)
	at org.hibernate.tool.schema.spi.SchemaManagementToolCoordinator.performDatabaseAction(SchemaManagementToolCoordinator.java:196)
	at org.hibernate.tool.schema.spi.SchemaManagementToolCoordinator.process(SchemaManagementToolCoordinator.java:85)
	at org.hibernate.internal.SessionFactoryImpl.<init>(SessionFactoryImpl.java:335)
	at org.hibernate.boot.internal.SessionFactoryBuilderImpl.build(SessionFactoryBuilderImpl.java:471)
	at org.hibernate.boot.internal.MetadataImpl.buildSessionFactory(MetadataImpl.java:200)
	at org.example.DataBaseConnection.SingleTonConnection$LazyHolder.<clinit>(SingleTonConnection.java:28)
	at org.example.DataBaseConnection.SingleTonConnection.getInstance(SingleTonConnection.java:32)
	at org.example.repository.AdminRepository.login(AdminRepository.java:15)
	at org.example.services.AdminService.login(AdminService.java:8)
	at org.example.panels.StartPanel.select(StartPanel.java:53)
	at org.example.Run.execute(Run.java:9)
	at org.example.Main.main(Main.java:10)
Caused by: org.postgresql.util.PSQLException: ERROR: column "dtype" of relation "users" contains null values
	at org.postgresql.core.v3.QueryExecutorImpl.receiveErrorResponse(QueryExecutorImpl.java:2676)
	at org.postgresql.core.v3.QueryExecutorImpl.processResults(QueryExecutorImpl.java:2366)
	at org.postgresql.core.v3.QueryExecutorImpl.execute(QueryExecutorImpl.java:356)
	at org.postgresql.jdbc.PgStatement.executeInternal(PgStatement.java:496)
	at org.postgresql.jdbc.PgStatement.execute(PgStatement.java:413)
	at org.postgresql.jdbc.PgStatement.executeWithFlags(PgStatement.java:333)
	at org.postgresql.jdbc.PgStatement.executeCachedSql(PgStatement.java:319)
	at org.postgresql.jdbc.PgStatement.executeWithFlags(PgStatement.java:295)
	at org.postgresql.jdbc.PgStatement.execute(PgStatement.java:290)
	at org.hibernate.tool.schema.internal.exec.GenerationTargetToDatabase.accept(GenerationTargetToDatabase.java:54)
	... 18 common frames omitted
17:22:39.626 INFO  o.h.e.t.j.p.i.JtaPlatformInitiator - HHH000490: Using JtaPlatform implementation: [org.hibernate.engine.transaction.jta.platform.internal.NoJtaPlatform]
17:22:39.719 INFO  org.example.panels.StartPanel - User root Logged in successfully 
21:55:06.131 INFO  org.hibernate.Version - HHH000412: Hibernate ORM core version 5.6.7.Final
21:55:06.353 WARN  org.hibernate.orm.deprecation - HHH90000012: Recognized obsolete hibernate namespace http://hibernate.sourceforge.net/hibernate-configuration. Use namespace http://www.hibernate.org/dtd/hibernate-configuration instead.  Support for obsolete DTD/XSD namespaces may be removed at any time.
21:55:06.678 INFO  o.h.annotations.common.Version - HCANN000001: Hibernate Commons Annotations {5.1.2.Final}
21:55:06.817 WARN  o.hibernate.orm.connections.pooling - HHH10001002: Using Hibernate built-in connection pool (not for production use!)
21:55:06.823 INFO  o.hibernate.orm.connections.pooling - HHH10001005: using driver [org.postgresql.Driver] at URL [jdbc:postgresql://localhost:5432/finalproject]
21:55:06.823 INFO  o.hibernate.orm.connections.pooling - HHH10001001: Connection properties: {password=****, pool_size=1, user=omid}
21:55:06.824 INFO  o.hibernate.orm.connections.pooling - HHH10001003: Autocommit mode: false
21:55:06.827 INFO  o.h.e.j.c.i.DriverManagerConnectionProviderImpl - HHH000115: Hibernate connection pool size: 20 (min=1)
21:55:06.957 INFO  org.hibernate.dialect.Dialect - HHH000400: Using dialect: org.hibernate.dialect.PostgreSQLDialect
21:55:07.091 WARN  org.hibernate.cfg.AnnotationBinder - HHH000139: Illegal use of @Table in a subclass of a SINGLE_TABLE hierarchy: org.example.entity.Expert
21:55:07.546 INFO  org.hibernate.orm.connections.access - HHH10001501: Connection obtained from JdbcConnectionAccess [org.hibernate.engine.jdbc.env.internal.JdbcEnvironmentInitiator$ConnectionProviderJdbcConnectionAccess@71adfedd] for (non-JTA) DDL execution was not in auto-commit mode; the Connection 'local transaction' will be committed and the Connection will be set into auto-commit mode.
21:55:07.570 WARN  o.h.t.s.i.ExceptionHandlerLoggedImpl - GenerationTarget encountered exception accepting command : Error executing DDL "alter table users add column DTYPE varchar(31) not null" via JDBC Statement
org.hibernate.tool.schema.spi.CommandAcceptanceException: Error executing DDL "alter table users add column DTYPE varchar(31) not null" via JDBC Statement
	at org.hibernate.tool.schema.internal.exec.GenerationTargetToDatabase.accept(GenerationTargetToDatabase.java:67)
	at org.hibernate.tool.schema.internal.AbstractSchemaMigrator.applySqlString(AbstractSchemaMigrator.java:581)
	at org.hibernate.tool.schema.internal.AbstractSchemaMigrator.applySqlStrings(AbstractSchemaMigrator.java:602)
	at org.hibernate.tool.schema.internal.AbstractSchemaMigrator.migrateTable(AbstractSchemaMigrator.java:314)
	at org.hibernate.tool.schema.internal.GroupedSchemaMigratorImpl.performTablesMigration(GroupedSchemaMigratorImpl.java:78)
	at org.hibernate.tool.schema.internal.AbstractSchemaMigrator.performMigration(AbstractSchemaMigrator.java:220)
	at org.hibernate.tool.schema.internal.AbstractSchemaMigrator.doMigration(AbstractSchemaMigrator.java:123)
	at org.hibernate.tool.schema.spi.SchemaManagementToolCoordinator.performDatabaseAction(SchemaManagementToolCoordinator.java:196)
	at org.hibernate.tool.schema.spi.SchemaManagementToolCoordinator.process(SchemaManagementToolCoordinator.java:85)
	at org.hibernate.internal.SessionFactoryImpl.<init>(SessionFactoryImpl.java:335)
	at org.hibernate.boot.internal.SessionFactoryBuilderImpl.build(SessionFactoryBuilderImpl.java:471)
	at org.hibernate.boot.internal.MetadataImpl.buildSessionFactory(MetadataImpl.java:200)
	at org.example.DataBaseConnection.SingleTonConnection$LazyHolder.<clinit>(SingleTonConnection.java:28)
	at org.example.DataBaseConnection.SingleTonConnection.getInstance(SingleTonConnection.java:32)
	at org.example.repository.ServicesRepository.allServices(ServicesRepository.java:14)
	at org.example.services.ServicesService.showAllServices(ServicesService.java:20)
	at org.example.panels.AdminPanel.showAllServices(AdminPanel.java:129)
	at org.example.panels.StartPanel.selectService(StartPanel.java:121)
	at org.example.panels.StartPanel.register(StartPanel.java:99)
	at org.example.panels.StartPanel.select(StartPanel.java:69)
	at org.example.Run.execute(Run.java:9)
	at org.example.Main.main(Main.java:10)
Caused by: org.postgresql.util.PSQLException: ERROR: column "dtype" of relation "users" contains null values
	at org.postgresql.core.v3.QueryExecutorImpl.receiveErrorResponse(QueryExecutorImpl.java:2676)
	at org.postgresql.core.v3.QueryExecutorImpl.processResults(QueryExecutorImpl.java:2366)
	at org.postgresql.core.v3.QueryExecutorImpl.execute(QueryExecutorImpl.java:356)
	at org.postgresql.jdbc.PgStatement.executeInternal(PgStatement.java:496)
	at org.postgresql.jdbc.PgStatement.execute(PgStatement.java:413)
	at org.postgresql.jdbc.PgStatement.executeWithFlags(PgStatement.java:333)
	at org.postgresql.jdbc.PgStatement.executeCachedSql(PgStatement.java:319)
	at org.postgresql.jdbc.PgStatement.executeWithFlags(PgStatement.java:295)
	at org.postgresql.jdbc.PgStatement.execute(PgStatement.java:290)
	at org.hibernate.tool.schema.internal.exec.GenerationTargetToDatabase.accept(GenerationTargetToDatabase.java:54)
	... 21 common frames omitted
21:55:07.595 INFO  o.h.e.t.j.p.i.JtaPlatformInitiator - HHH000490: Using JtaPlatform implementation: [org.hibernate.engine.transaction.jta.platform.internal.NoJtaPlatform]
21:55:58.149 INFO  org.hibernate.Version - HHH000412: Hibernate ORM core version 5.6.7.Final
21:55:58.270 WARN  org.hibernate.orm.deprecation - HHH90000012: Recognized obsolete hibernate namespace http://hibernate.sourceforge.net/hibernate-configuration. Use namespace http://www.hibernate.org/dtd/hibernate-configuration instead.  Support for obsolete DTD/XSD namespaces may be removed at any time.
21:55:58.459 INFO  o.h.annotations.common.Version - HCANN000001: Hibernate Commons Annotations {5.1.2.Final}
21:55:58.536 WARN  o.hibernate.orm.connections.pooling - HHH10001002: Using Hibernate built-in connection pool (not for production use!)
21:55:58.540 INFO  o.hibernate.orm.connections.pooling - HHH10001005: using driver [org.postgresql.Driver] at URL [jdbc:postgresql://localhost:5432/finalproject]
21:55:58.540 INFO  o.hibernate.orm.connections.pooling - HHH10001001: Connection properties: {password=****, pool_size=1, user=omid}
21:55:58.540 INFO  o.hibernate.orm.connections.pooling - HHH10001003: Autocommit mode: false
21:55:58.542 INFO  o.h.e.j.c.i.DriverManagerConnectionProviderImpl - HHH000115: Hibernate connection pool size: 20 (min=1)
21:55:58.619 INFO  org.hibernate.dialect.Dialect - HHH000400: Using dialect: org.hibernate.dialect.PostgreSQLDialect
21:55:58.756 WARN  org.hibernate.cfg.AnnotationBinder - HHH000139: Illegal use of @Table in a subclass of a SINGLE_TABLE hierarchy: org.example.entity.Expert
21:55:59.205 INFO  org.hibernate.orm.connections.access - HHH10001501: Connection obtained from JdbcConnectionAccess [org.hibernate.engine.jdbc.env.internal.JdbcEnvironmentInitiator$ConnectionProviderJdbcConnectionAccess@939ff41] for (non-JTA) DDL execution was not in auto-commit mode; the Connection 'local transaction' will be committed and the Connection will be set into auto-commit mode.
21:55:59.236 WARN  o.h.t.s.i.ExceptionHandlerLoggedImpl - GenerationTarget encountered exception accepting command : Error executing DDL "alter table users add column DTYPE varchar(31) not null" via JDBC Statement
org.hibernate.tool.schema.spi.CommandAcceptanceException: Error executing DDL "alter table users add column DTYPE varchar(31) not null" via JDBC Statement
	at org.hibernate.tool.schema.internal.exec.GenerationTargetToDatabase.accept(GenerationTargetToDatabase.java:67)
	at org.hibernate.tool.schema.internal.AbstractSchemaMigrator.applySqlString(AbstractSchemaMigrator.java:581)
	at org.hibernate.tool.schema.internal.AbstractSchemaMigrator.applySqlStrings(AbstractSchemaMigrator.java:602)
	at org.hibernate.tool.schema.internal.AbstractSchemaMigrator.migrateTable(AbstractSchemaMigrator.java:314)
	at org.hibernate.tool.schema.internal.GroupedSchemaMigratorImpl.performTablesMigration(GroupedSchemaMigratorImpl.java:78)
	at org.hibernate.tool.schema.internal.AbstractSchemaMigrator.performMigration(AbstractSchemaMigrator.java:220)
	at org.hibernate.tool.schema.internal.AbstractSchemaMigrator.doMigration(AbstractSchemaMigrator.java:123)
	at org.hibernate.tool.schema.spi.SchemaManagementToolCoordinator.performDatabaseAction(SchemaManagementToolCoordinator.java:196)
	at org.hibernate.tool.schema.spi.SchemaManagementToolCoordinator.process(SchemaManagementToolCoordinator.java:85)
	at org.hibernate.internal.SessionFactoryImpl.<init>(SessionFactoryImpl.java:335)
	at org.hibernate.boot.internal.SessionFactoryBuilderImpl.build(SessionFactoryBuilderImpl.java:471)
	at org.hibernate.boot.internal.MetadataImpl.buildSessionFactory(MetadataImpl.java:200)
	at org.example.DataBaseConnection.SingleTonConnection$LazyHolder.<clinit>(SingleTonConnection.java:28)
	at org.example.DataBaseConnection.SingleTonConnection.getInstance(SingleTonConnection.java:32)
	at org.example.repository.AdminRepository.login(AdminRepository.java:15)
	at org.example.services.AdminService.login(AdminService.java:8)
	at org.example.panels.StartPanel.select(StartPanel.java:53)
	at org.example.Run.execute(Run.java:9)
	at org.example.Main.main(Main.java:10)
Caused by: org.postgresql.util.PSQLException: ERROR: column "dtype" of relation "users" contains null values
	at org.postgresql.core.v3.QueryExecutorImpl.receiveErrorResponse(QueryExecutorImpl.java:2676)
	at org.postgresql.core.v3.QueryExecutorImpl.processResults(QueryExecutorImpl.java:2366)
	at org.postgresql.core.v3.QueryExecutorImpl.execute(QueryExecutorImpl.java:356)
	at org.postgresql.jdbc.PgStatement.executeInternal(PgStatement.java:496)
	at org.postgresql.jdbc.PgStatement.execute(PgStatement.java:413)
	at org.postgresql.jdbc.PgStatement.executeWithFlags(PgStatement.java:333)
	at org.postgresql.jdbc.PgStatement.executeCachedSql(PgStatement.java:319)
	at org.postgresql.jdbc.PgStatement.executeWithFlags(PgStatement.java:295)
	at org.postgresql.jdbc.PgStatement.execute(PgStatement.java:290)
	at org.hibernate.tool.schema.internal.exec.GenerationTargetToDatabase.accept(GenerationTargetToDatabase.java:54)
	... 18 common frames omitted
21:55:59.264 INFO  o.h.e.t.j.p.i.JtaPlatformInitiator - HHH000490: Using JtaPlatform implementation: [org.hibernate.engine.transaction.jta.platform.internal.NoJtaPlatform]
21:55:59.351 INFO  org.example.panels.StartPanel - User root Logged in successfully 
21:56:48.222 INFO  org.hibernate.Version - HHH000412: Hibernate ORM core version 5.6.7.Final
21:56:48.364 WARN  org.hibernate.orm.deprecation - HHH90000012: Recognized obsolete hibernate namespace http://hibernate.sourceforge.net/hibernate-configuration. Use namespace http://www.hibernate.org/dtd/hibernate-configuration instead.  Support for obsolete DTD/XSD namespaces may be removed at any time.
21:56:48.626 INFO  o.h.annotations.common.Version - HCANN000001: Hibernate Commons Annotations {5.1.2.Final}
21:56:48.749 WARN  o.hibernate.orm.connections.pooling - HHH10001002: Using Hibernate built-in connection pool (not for production use!)
21:56:48.755 INFO  o.hibernate.orm.connections.pooling - HHH10001005: using driver [org.postgresql.Driver] at URL [jdbc:postgresql://localhost:5432/finalproject]
21:56:48.755 INFO  o.hibernate.orm.connections.pooling - HHH10001001: Connection properties: {password=****, pool_size=1, user=omid}
21:56:48.755 INFO  o.hibernate.orm.connections.pooling - HHH10001003: Autocommit mode: false
21:56:48.758 INFO  o.h.e.j.c.i.DriverManagerConnectionProviderImpl - HHH000115: Hibernate connection pool size: 20 (min=1)
21:56:48.880 INFO  org.hibernate.dialect.Dialect - HHH000400: Using dialect: org.hibernate.dialect.PostgreSQLDialect
21:56:49.014 WARN  org.hibernate.cfg.AnnotationBinder - HHH000139: Illegal use of @Table in a subclass of a SINGLE_TABLE hierarchy: org.example.entity.Expert
21:56:49.516 INFO  org.hibernate.orm.connections.access - HHH10001501: Connection obtained from JdbcConnectionAccess [org.hibernate.engine.jdbc.env.internal.JdbcEnvironmentInitiator$ConnectionProviderJdbcConnectionAccess@35c4e864] for (non-JTA) DDL execution was not in auto-commit mode; the Connection 'local transaction' will be committed and the Connection will be set into auto-commit mode.
21:56:49.545 WARN  o.h.t.s.i.ExceptionHandlerLoggedImpl - GenerationTarget encountered exception accepting command : Error executing DDL "alter table users add column DTYPE varchar(31) not null" via JDBC Statement
org.hibernate.tool.schema.spi.CommandAcceptanceException: Error executing DDL "alter table users add column DTYPE varchar(31) not null" via JDBC Statement
	at org.hibernate.tool.schema.internal.exec.GenerationTargetToDatabase.accept(GenerationTargetToDatabase.java:67)
	at org.hibernate.tool.schema.internal.AbstractSchemaMigrator.applySqlString(AbstractSchemaMigrator.java:581)
	at org.hibernate.tool.schema.internal.AbstractSchemaMigrator.applySqlStrings(AbstractSchemaMigrator.java:602)
	at org.hibernate.tool.schema.internal.AbstractSchemaMigrator.migrateTable(AbstractSchemaMigrator.java:314)
	at org.hibernate.tool.schema.internal.GroupedSchemaMigratorImpl.performTablesMigration(GroupedSchemaMigratorImpl.java:78)
	at org.hibernate.tool.schema.internal.AbstractSchemaMigrator.performMigration(AbstractSchemaMigrator.java:220)
	at org.hibernate.tool.schema.internal.AbstractSchemaMigrator.doMigration(AbstractSchemaMigrator.java:123)
	at org.hibernate.tool.schema.spi.SchemaManagementToolCoordinator.performDatabaseAction(SchemaManagementToolCoordinator.java:196)
	at org.hibernate.tool.schema.spi.SchemaManagementToolCoordinator.process(SchemaManagementToolCoordinator.java:85)
	at org.hibernate.internal.SessionFactoryImpl.<init>(SessionFactoryImpl.java:335)
	at org.hibernate.boot.internal.SessionFactoryBuilderImpl.build(SessionFactoryBuilderImpl.java:471)
	at org.hibernate.boot.internal.MetadataImpl.buildSessionFactory(MetadataImpl.java:200)
	at org.example.DataBaseConnection.SingleTonConnection$LazyHolder.<clinit>(SingleTonConnection.java:28)
	at org.example.DataBaseConnection.SingleTonConnection.getInstance(SingleTonConnection.java:32)
	at org.example.repository.AdminRepository.login(AdminRepository.java:15)
	at org.example.services.AdminService.login(AdminService.java:8)
	at org.example.panels.StartPanel.select(StartPanel.java:53)
	at org.example.Run.execute(Run.java:9)
	at org.example.Main.main(Main.java:10)
Caused by: org.postgresql.util.PSQLException: ERROR: column "dtype" of relation "users" contains null values
	at org.postgresql.core.v3.QueryExecutorImpl.receiveErrorResponse(QueryExecutorImpl.java:2676)
	at org.postgresql.core.v3.QueryExecutorImpl.processResults(QueryExecutorImpl.java:2366)
	at org.postgresql.core.v3.QueryExecutorImpl.execute(QueryExecutorImpl.java:356)
	at org.postgresql.jdbc.PgStatement.executeInternal(PgStatement.java:496)
	at org.postgresql.jdbc.PgStatement.execute(PgStatement.java:413)
	at org.postgresql.jdbc.PgStatement.executeWithFlags(PgStatement.java:333)
	at org.postgresql.jdbc.PgStatement.executeCachedSql(PgStatement.java:319)
	at org.postgresql.jdbc.PgStatement.executeWithFlags(PgStatement.java:295)
	at org.postgresql.jdbc.PgStatement.execute(PgStatement.java:290)
	at org.hibernate.tool.schema.internal.exec.GenerationTargetToDatabase.accept(GenerationTargetToDatabase.java:54)
	... 18 common frames omitted
21:56:49.578 INFO  o.h.e.t.j.p.i.JtaPlatformInitiator - HHH000490: Using JtaPlatform implementation: [org.hibernate.engine.transaction.jta.platform.internal.NoJtaPlatform]
21:56:49.671 INFO  org.example.panels.StartPanel - User root Logged in successfully 
21:57:51.337 INFO  org.hibernate.Version - HHH000412: Hibernate ORM core version 5.6.7.Final
21:57:51.479 WARN  org.hibernate.orm.deprecation - HHH90000012: Recognized obsolete hibernate namespace http://hibernate.sourceforge.net/hibernate-configuration. Use namespace http://www.hibernate.org/dtd/hibernate-configuration instead.  Support for obsolete DTD/XSD namespaces may be removed at any time.
21:57:51.722 INFO  o.h.annotations.common.Version - HCANN000001: Hibernate Commons Annotations {5.1.2.Final}
21:57:51.848 WARN  o.hibernate.orm.connections.pooling - HHH10001002: Using Hibernate built-in connection pool (not for production use!)
21:57:51.852 INFO  o.hibernate.orm.connections.pooling - HHH10001005: using driver [org.postgresql.Driver] at URL [jdbc:postgresql://localhost:5432/finalproject]
21:57:51.852 INFO  o.hibernate.orm.connections.pooling - HHH10001001: Connection properties: {password=****, pool_size=1, user=omid}
21:57:51.852 INFO  o.hibernate.orm.connections.pooling - HHH10001003: Autocommit mode: false
21:57:51.855 INFO  o.h.e.j.c.i.DriverManagerConnectionProviderImpl - HHH000115: Hibernate connection pool size: 20 (min=1)
21:57:51.969 INFO  org.hibernate.dialect.Dialect - HHH000400: Using dialect: org.hibernate.dialect.PostgreSQLDialect
21:57:52.136 WARN  org.hibernate.cfg.AnnotationBinder - HHH000139: Illegal use of @Table in a subclass of a SINGLE_TABLE hierarchy: org.example.entity.Expert
21:57:52.623 INFO  org.hibernate.orm.connections.access - HHH10001501: Connection obtained from JdbcConnectionAccess [org.hibernate.engine.jdbc.env.internal.JdbcEnvironmentInitiator$ConnectionProviderJdbcConnectionAccess@35c4e864] for (non-JTA) DDL execution was not in auto-commit mode; the Connection 'local transaction' will be committed and the Connection will be set into auto-commit mode.
21:57:52.648 WARN  o.h.t.s.i.ExceptionHandlerLoggedImpl - GenerationTarget encountered exception accepting command : Error executing DDL "alter table users add column DTYPE varchar(31) not null" via JDBC Statement
org.hibernate.tool.schema.spi.CommandAcceptanceException: Error executing DDL "alter table users add column DTYPE varchar(31) not null" via JDBC Statement
	at org.hibernate.tool.schema.internal.exec.GenerationTargetToDatabase.accept(GenerationTargetToDatabase.java:67)
	at org.hibernate.tool.schema.internal.AbstractSchemaMigrator.applySqlString(AbstractSchemaMigrator.java:581)
	at org.hibernate.tool.schema.internal.AbstractSchemaMigrator.applySqlStrings(AbstractSchemaMigrator.java:602)
	at org.hibernate.tool.schema.internal.AbstractSchemaMigrator.migrateTable(AbstractSchemaMigrator.java:314)
	at org.hibernate.tool.schema.internal.GroupedSchemaMigratorImpl.performTablesMigration(GroupedSchemaMigratorImpl.java:78)
	at org.hibernate.tool.schema.internal.AbstractSchemaMigrator.performMigration(AbstractSchemaMigrator.java:220)
	at org.hibernate.tool.schema.internal.AbstractSchemaMigrator.doMigration(AbstractSchemaMigrator.java:123)
	at org.hibernate.tool.schema.spi.SchemaManagementToolCoordinator.performDatabaseAction(SchemaManagementToolCoordinator.java:196)
	at org.hibernate.tool.schema.spi.SchemaManagementToolCoordinator.process(SchemaManagementToolCoordinator.java:85)
	at org.hibernate.internal.SessionFactoryImpl.<init>(SessionFactoryImpl.java:335)
	at org.hibernate.boot.internal.SessionFactoryBuilderImpl.build(SessionFactoryBuilderImpl.java:471)
	at org.hibernate.boot.internal.MetadataImpl.buildSessionFactory(MetadataImpl.java:200)
	at org.example.DataBaseConnection.SingleTonConnection$LazyHolder.<clinit>(SingleTonConnection.java:28)
	at org.example.DataBaseConnection.SingleTonConnection.getInstance(SingleTonConnection.java:32)
	at org.example.repository.AdminRepository.login(AdminRepository.java:15)
	at org.example.services.AdminService.login(AdminService.java:8)
	at org.example.panels.StartPanel.select(StartPanel.java:53)
	at org.example.Run.execute(Run.java:9)
	at org.example.Main.main(Main.java:10)
Caused by: org.postgresql.util.PSQLException: ERROR: column "dtype" of relation "users" contains null values
	at org.postgresql.core.v3.QueryExecutorImpl.receiveErrorResponse(QueryExecutorImpl.java:2676)
	at org.postgresql.core.v3.QueryExecutorImpl.processResults(QueryExecutorImpl.java:2366)
	at org.postgresql.core.v3.QueryExecutorImpl.execute(QueryExecutorImpl.java:356)
	at org.postgresql.jdbc.PgStatement.executeInternal(PgStatement.java:496)
	at org.postgresql.jdbc.PgStatement.execute(PgStatement.java:413)
	at org.postgresql.jdbc.PgStatement.executeWithFlags(PgStatement.java:333)
	at org.postgresql.jdbc.PgStatement.executeCachedSql(PgStatement.java:319)
	at org.postgresql.jdbc.PgStatement.executeWithFlags(PgStatement.java:295)
	at org.postgresql.jdbc.PgStatement.execute(PgStatement.java:290)
	at org.hibernate.tool.schema.internal.exec.GenerationTargetToDatabase.accept(GenerationTargetToDatabase.java:54)
	... 18 common frames omitted
21:57:52.672 INFO  o.h.e.t.j.p.i.JtaPlatformInitiator - HHH000490: Using JtaPlatform implementation: [org.hibernate.engine.transaction.jta.platform.internal.NoJtaPlatform]
21:57:52.748 INFO  org.example.panels.StartPanel - User root Logged in successfully 
22:00:17.761 INFO  org.hibernate.Version - HHH000412: Hibernate ORM core version 5.6.7.Final
22:00:17.939 WARN  org.hibernate.orm.deprecation - HHH90000012: Recognized obsolete hibernate namespace http://hibernate.sourceforge.net/hibernate-configuration. Use namespace http://www.hibernate.org/dtd/hibernate-configuration instead.  Support for obsolete DTD/XSD namespaces may be removed at any time.
22:00:18.194 INFO  o.h.annotations.common.Version - HCANN000001: Hibernate Commons Annotations {5.1.2.Final}
22:00:18.293 WARN  o.hibernate.orm.connections.pooling - HHH10001002: Using Hibernate built-in connection pool (not for production use!)
22:00:18.297 INFO  o.hibernate.orm.connections.pooling - HHH10001005: using driver [org.postgresql.Driver] at URL [jdbc:postgresql://localhost:5432/finalproject]
22:00:18.297 INFO  o.hibernate.orm.connections.pooling - HHH10001001: Connection properties: {password=****, pool_size=1, user=omid}
22:00:18.297 INFO  o.hibernate.orm.connections.pooling - HHH10001003: Autocommit mode: false
22:00:18.300 INFO  o.h.e.j.c.i.DriverManagerConnectionProviderImpl - HHH000115: Hibernate connection pool size: 20 (min=1)
22:00:18.405 INFO  org.hibernate.dialect.Dialect - HHH000400: Using dialect: org.hibernate.dialect.PostgreSQLDialect
22:00:18.554 WARN  org.hibernate.cfg.AnnotationBinder - HHH000139: Illegal use of @Table in a subclass of a SINGLE_TABLE hierarchy: org.example.entity.Expert
22:00:19.077 INFO  org.hibernate.orm.connections.access - HHH10001501: Connection obtained from JdbcConnectionAccess [org.hibernate.engine.jdbc.env.internal.JdbcEnvironmentInitiator$ConnectionProviderJdbcConnectionAccess@939ff41] for (non-JTA) DDL execution was not in auto-commit mode; the Connection 'local transaction' will be committed and the Connection will be set into auto-commit mode.
22:00:19.105 WARN  o.h.t.s.i.ExceptionHandlerLoggedImpl - GenerationTarget encountered exception accepting command : Error executing DDL "alter table users add column DTYPE varchar(31) not null" via JDBC Statement
org.hibernate.tool.schema.spi.CommandAcceptanceException: Error executing DDL "alter table users add column DTYPE varchar(31) not null" via JDBC Statement
	at org.hibernate.tool.schema.internal.exec.GenerationTargetToDatabase.accept(GenerationTargetToDatabase.java:67)
	at org.hibernate.tool.schema.internal.AbstractSchemaMigrator.applySqlString(AbstractSchemaMigrator.java:581)
	at org.hibernate.tool.schema.internal.AbstractSchemaMigrator.applySqlStrings(AbstractSchemaMigrator.java:602)
	at org.hibernate.tool.schema.internal.AbstractSchemaMigrator.migrateTable(AbstractSchemaMigrator.java:314)
	at org.hibernate.tool.schema.internal.GroupedSchemaMigratorImpl.performTablesMigration(GroupedSchemaMigratorImpl.java:78)
	at org.hibernate.tool.schema.internal.AbstractSchemaMigrator.performMigration(AbstractSchemaMigrator.java:220)
	at org.hibernate.tool.schema.internal.AbstractSchemaMigrator.doMigration(AbstractSchemaMigrator.java:123)
	at org.hibernate.tool.schema.spi.SchemaManagementToolCoordinator.performDatabaseAction(SchemaManagementToolCoordinator.java:196)
	at org.hibernate.tool.schema.spi.SchemaManagementToolCoordinator.process(SchemaManagementToolCoordinator.java:85)
	at org.hibernate.internal.SessionFactoryImpl.<init>(SessionFactoryImpl.java:335)
	at org.hibernate.boot.internal.SessionFactoryBuilderImpl.build(SessionFactoryBuilderImpl.java:471)
	at org.hibernate.boot.internal.MetadataImpl.buildSessionFactory(MetadataImpl.java:200)
	at org.example.DataBaseConnection.SingleTonConnection$LazyHolder.<clinit>(SingleTonConnection.java:28)
	at org.example.DataBaseConnection.SingleTonConnection.getInstance(SingleTonConnection.java:32)
	at org.example.repository.AdminRepository.login(AdminRepository.java:15)
	at org.example.services.AdminService.login(AdminService.java:8)
	at org.example.panels.StartPanel.select(StartPanel.java:53)
	at org.example.Run.execute(Run.java:9)
	at org.example.Main.main(Main.java:10)
Caused by: org.postgresql.util.PSQLException: ERROR: column "dtype" of relation "users" contains null values
	at org.postgresql.core.v3.QueryExecutorImpl.receiveErrorResponse(QueryExecutorImpl.java:2676)
	at org.postgresql.core.v3.QueryExecutorImpl.processResults(QueryExecutorImpl.java:2366)
	at org.postgresql.core.v3.QueryExecutorImpl.execute(QueryExecutorImpl.java:356)
	at org.postgresql.jdbc.PgStatement.executeInternal(PgStatement.java:496)
	at org.postgresql.jdbc.PgStatement.execute(PgStatement.java:413)
	at org.postgresql.jdbc.PgStatement.executeWithFlags(PgStatement.java:333)
	at org.postgresql.jdbc.PgStatement.executeCachedSql(PgStatement.java:319)
	at org.postgresql.jdbc.PgStatement.executeWithFlags(PgStatement.java:295)
	at org.postgresql.jdbc.PgStatement.execute(PgStatement.java:290)
	at org.hibernate.tool.schema.internal.exec.GenerationTargetToDatabase.accept(GenerationTargetToDatabase.java:54)
	... 18 common frames omitted
22:00:19.131 INFO  o.h.e.t.j.p.i.JtaPlatformInitiator - HHH000490: Using JtaPlatform implementation: [org.hibernate.engine.transaction.jta.platform.internal.NoJtaPlatform]
22:00:19.222 INFO  org.example.panels.StartPanel - User root Logged in successfully 
22:00:39.574 INFO  org.hibernate.Version - HHH000412: Hibernate ORM core version 5.6.7.Final
22:00:39.735 WARN  org.hibernate.orm.deprecation - HHH90000012: Recognized obsolete hibernate namespace http://hibernate.sourceforge.net/hibernate-configuration. Use namespace http://www.hibernate.org/dtd/hibernate-configuration instead.  Support for obsolete DTD/XSD namespaces may be removed at any time.
22:00:39.974 INFO  o.h.annotations.common.Version - HCANN000001: Hibernate Commons Annotations {5.1.2.Final}
22:00:40.088 WARN  o.hibernate.orm.connections.pooling - HHH10001002: Using Hibernate built-in connection pool (not for production use!)
22:00:40.093 INFO  o.hibernate.orm.connections.pooling - HHH10001005: using driver [org.postgresql.Driver] at URL [jdbc:postgresql://localhost:5432/finalproject]
22:00:40.095 INFO  o.hibernate.orm.connections.pooling - HHH10001001: Connection properties: {password=****, pool_size=1, user=omid}
22:00:40.095 INFO  o.hibernate.orm.connections.pooling - HHH10001003: Autocommit mode: false
22:00:40.098 INFO  o.h.e.j.c.i.DriverManagerConnectionProviderImpl - HHH000115: Hibernate connection pool size: 20 (min=1)
22:00:40.185 INFO  org.hibernate.dialect.Dialect - HHH000400: Using dialect: org.hibernate.dialect.PostgreSQLDialect
22:00:40.335 WARN  org.hibernate.cfg.AnnotationBinder - HHH000139: Illegal use of @Table in a subclass of a SINGLE_TABLE hierarchy: org.example.entity.Expert
22:00:40.816 INFO  org.hibernate.orm.connections.access - HHH10001501: Connection obtained from JdbcConnectionAccess [org.hibernate.engine.jdbc.env.internal.JdbcEnvironmentInitiator$ConnectionProviderJdbcConnectionAccess@695c938d] for (non-JTA) DDL execution was not in auto-commit mode; the Connection 'local transaction' will be committed and the Connection will be set into auto-commit mode.
22:00:40.845 WARN  o.h.t.s.i.ExceptionHandlerLoggedImpl - GenerationTarget encountered exception accepting command : Error executing DDL "alter table users add column DTYPE varchar(31) not null" via JDBC Statement
org.hibernate.tool.schema.spi.CommandAcceptanceException: Error executing DDL "alter table users add column DTYPE varchar(31) not null" via JDBC Statement
	at org.hibernate.tool.schema.internal.exec.GenerationTargetToDatabase.accept(GenerationTargetToDatabase.java:67)
	at org.hibernate.tool.schema.internal.AbstractSchemaMigrator.applySqlString(AbstractSchemaMigrator.java:581)
	at org.hibernate.tool.schema.internal.AbstractSchemaMigrator.applySqlStrings(AbstractSchemaMigrator.java:602)
	at org.hibernate.tool.schema.internal.AbstractSchemaMigrator.migrateTable(AbstractSchemaMigrator.java:314)
	at org.hibernate.tool.schema.internal.GroupedSchemaMigratorImpl.performTablesMigration(GroupedSchemaMigratorImpl.java:78)
	at org.hibernate.tool.schema.internal.AbstractSchemaMigrator.performMigration(AbstractSchemaMigrator.java:220)
	at org.hibernate.tool.schema.internal.AbstractSchemaMigrator.doMigration(AbstractSchemaMigrator.java:123)
	at org.hibernate.tool.schema.spi.SchemaManagementToolCoordinator.performDatabaseAction(SchemaManagementToolCoordinator.java:196)
	at org.hibernate.tool.schema.spi.SchemaManagementToolCoordinator.process(SchemaManagementToolCoordinator.java:85)
	at org.hibernate.internal.SessionFactoryImpl.<init>(SessionFactoryImpl.java:335)
	at org.hibernate.boot.internal.SessionFactoryBuilderImpl.build(SessionFactoryBuilderImpl.java:471)
	at org.hibernate.boot.internal.MetadataImpl.buildSessionFactory(MetadataImpl.java:200)
	at org.example.DataBaseConnection.SingleTonConnection$LazyHolder.<clinit>(SingleTonConnection.java:28)
	at org.example.DataBaseConnection.SingleTonConnection.getInstance(SingleTonConnection.java:32)
	at org.example.repository.RepositoryImpl.findAll(RepositoryImpl.java:63)
	at org.example.services.ServiceImpl.findAll(ServiceImpl.java:31)
	at org.example.panels.AdminPanel.showAllServices(AdminPanel.java:129)
	at org.example.panels.StartPanel.selectService(StartPanel.java:121)
	at org.example.panels.StartPanel.register(StartPanel.java:99)
	at org.example.panels.StartPanel.select(StartPanel.java:69)
	at org.example.Run.execute(Run.java:9)
	at org.example.Main.main(Main.java:10)
Caused by: org.postgresql.util.PSQLException: ERROR: column "dtype" of relation "users" contains null values
	at org.postgresql.core.v3.QueryExecutorImpl.receiveErrorResponse(QueryExecutorImpl.java:2676)
	at org.postgresql.core.v3.QueryExecutorImpl.processResults(QueryExecutorImpl.java:2366)
	at org.postgresql.core.v3.QueryExecutorImpl.execute(QueryExecutorImpl.java:356)
	at org.postgresql.jdbc.PgStatement.executeInternal(PgStatement.java:496)
	at org.postgresql.jdbc.PgStatement.execute(PgStatement.java:413)
	at org.postgresql.jdbc.PgStatement.executeWithFlags(PgStatement.java:333)
	at org.postgresql.jdbc.PgStatement.executeCachedSql(PgStatement.java:319)
	at org.postgresql.jdbc.PgStatement.executeWithFlags(PgStatement.java:295)
	at org.postgresql.jdbc.PgStatement.execute(PgStatement.java:290)
	at org.hibernate.tool.schema.internal.exec.GenerationTargetToDatabase.accept(GenerationTargetToDatabase.java:54)
	... 21 common frames omitted
22:00:40.872 INFO  o.h.e.t.j.p.i.JtaPlatformInitiator - HHH000490: Using JtaPlatform implementation: [org.hibernate.engine.transaction.jta.platform.internal.NoJtaPlatform]
22:19:11.881 INFO  org.hibernate.Version - HHH000412: Hibernate ORM core version 5.6.7.Final
22:19:12.103 WARN  org.hibernate.orm.deprecation - HHH90000012: Recognized obsolete hibernate namespace http://hibernate.sourceforge.net/hibernate-configuration. Use namespace http://www.hibernate.org/dtd/hibernate-configuration instead.  Support for obsolete DTD/XSD namespaces may be removed at any time.
22:19:12.426 INFO  o.h.annotations.common.Version - HCANN000001: Hibernate Commons Annotations {5.1.2.Final}
22:19:12.568 WARN  o.hibernate.orm.connections.pooling - HHH10001002: Using Hibernate built-in connection pool (not for production use!)
22:19:12.573 INFO  o.hibernate.orm.connections.pooling - HHH10001005: using driver [org.postgresql.Driver] at URL [jdbc:postgresql://localhost:5432/finalproject]
22:19:12.574 INFO  o.hibernate.orm.connections.pooling - HHH10001001: Connection properties: {password=****, pool_size=1, user=omid}
22:19:12.574 INFO  o.hibernate.orm.connections.pooling - HHH10001003: Autocommit mode: false
22:19:12.577 INFO  o.h.e.j.c.i.DriverManagerConnectionProviderImpl - HHH000115: Hibernate connection pool size: 20 (min=1)
22:19:12.731 INFO  org.hibernate.dialect.Dialect - HHH000400: Using dialect: org.hibernate.dialect.PostgreSQLDialect
22:19:12.896 WARN  org.hibernate.cfg.AnnotationBinder - HHH000139: Illegal use of @Table in a subclass of a SINGLE_TABLE hierarchy: org.example.entity.Expert
22:19:13.446 INFO  org.hibernate.orm.connections.access - HHH10001501: Connection obtained from JdbcConnectionAccess [org.hibernate.engine.jdbc.env.internal.JdbcEnvironmentInitiator$ConnectionProviderJdbcConnectionAccess@2bfaba70] for (non-JTA) DDL execution was not in auto-commit mode; the Connection 'local transaction' will be committed and the Connection will be set into auto-commit mode.
22:19:13.476 WARN  o.h.t.s.i.ExceptionHandlerLoggedImpl - GenerationTarget encountered exception accepting command : Error executing DDL "alter table users add column DTYPE varchar(31) not null" via JDBC Statement
org.hibernate.tool.schema.spi.CommandAcceptanceException: Error executing DDL "alter table users add column DTYPE varchar(31) not null" via JDBC Statement
	at org.hibernate.tool.schema.internal.exec.GenerationTargetToDatabase.accept(GenerationTargetToDatabase.java:67)
	at org.hibernate.tool.schema.internal.AbstractSchemaMigrator.applySqlString(AbstractSchemaMigrator.java:581)
	at org.hibernate.tool.schema.internal.AbstractSchemaMigrator.applySqlStrings(AbstractSchemaMigrator.java:602)
	at org.hibernate.tool.schema.internal.AbstractSchemaMigrator.migrateTable(AbstractSchemaMigrator.java:314)
	at org.hibernate.tool.schema.internal.GroupedSchemaMigratorImpl.performTablesMigration(GroupedSchemaMigratorImpl.java:78)
	at org.hibernate.tool.schema.internal.AbstractSchemaMigrator.performMigration(AbstractSchemaMigrator.java:220)
	at org.hibernate.tool.schema.internal.AbstractSchemaMigrator.doMigration(AbstractSchemaMigrator.java:123)
	at org.hibernate.tool.schema.spi.SchemaManagementToolCoordinator.performDatabaseAction(SchemaManagementToolCoordinator.java:196)
	at org.hibernate.tool.schema.spi.SchemaManagementToolCoordinator.process(SchemaManagementToolCoordinator.java:85)
	at org.hibernate.internal.SessionFactoryImpl.<init>(SessionFactoryImpl.java:335)
	at org.hibernate.boot.internal.SessionFactoryBuilderImpl.build(SessionFactoryBuilderImpl.java:471)
	at org.hibernate.boot.internal.MetadataImpl.buildSessionFactory(MetadataImpl.java:200)
	at org.example.DataBaseConnection.SingleTonConnection$LazyHolder.<clinit>(SingleTonConnection.java:28)
	at org.example.DataBaseConnection.SingleTonConnection.getInstance(SingleTonConnection.java:32)
	at org.example.repository.RepositoryImpl.findAll(RepositoryImpl.java:63)
	at org.example.services.ServiceImpl.findAll(ServiceImpl.java:31)
	at org.example.panels.AdminPanel.showAllServices(AdminPanel.java:125)
	at org.example.panels.StartPanel.selectService(StartPanel.java:122)
	at org.example.panels.StartPanel.register(StartPanel.java:99)
	at org.example.panels.StartPanel.select(StartPanel.java:69)
	at org.example.Run.execute(Run.java:9)
	at org.example.Main.main(Main.java:10)
Caused by: org.postgresql.util.PSQLException: ERROR: column "dtype" of relation "users" contains null values
	at org.postgresql.core.v3.QueryExecutorImpl.receiveErrorResponse(QueryExecutorImpl.java:2676)
	at org.postgresql.core.v3.QueryExecutorImpl.processResults(QueryExecutorImpl.java:2366)
	at org.postgresql.core.v3.QueryExecutorImpl.execute(QueryExecutorImpl.java:356)
	at org.postgresql.jdbc.PgStatement.executeInternal(PgStatement.java:496)
	at org.postgresql.jdbc.PgStatement.execute(PgStatement.java:413)
	at org.postgresql.jdbc.PgStatement.executeWithFlags(PgStatement.java:333)
	at org.postgresql.jdbc.PgStatement.executeCachedSql(PgStatement.java:319)
	at org.postgresql.jdbc.PgStatement.executeWithFlags(PgStatement.java:295)
	at org.postgresql.jdbc.PgStatement.execute(PgStatement.java:290)
	at org.hibernate.tool.schema.internal.exec.GenerationTargetToDatabase.accept(GenerationTargetToDatabase.java:54)
	... 21 common frames omitted
22:19:13.515 INFO  o.h.e.t.j.p.i.JtaPlatformInitiator - HHH000490: Using JtaPlatform implementation: [org.hibernate.engine.transaction.jta.platform.internal.NoJtaPlatform]
22:19:15.586 WARN  o.h.e.jdbc.spi.SqlExceptionHelper - SQL Error: 0, SQLState: 42703
22:19:15.586 ERROR o.h.e.jdbc.spi.SqlExceptionHelper - ERROR: column "services" does not exist
  Hint: Perhaps you meant to reference the column "subservice0_.services_id".
  Position: 171
22:20:03.932 INFO  org.hibernate.Version - HHH000412: Hibernate ORM core version 5.6.7.Final
22:20:04.156 WARN  org.hibernate.orm.deprecation - HHH90000012: Recognized obsolete hibernate namespace http://hibernate.sourceforge.net/hibernate-configuration. Use namespace http://www.hibernate.org/dtd/hibernate-configuration instead.  Support for obsolete DTD/XSD namespaces may be removed at any time.
22:20:04.486 INFO  o.h.annotations.common.Version - HCANN000001: Hibernate Commons Annotations {5.1.2.Final}
22:20:04.608 WARN  o.hibernate.orm.connections.pooling - HHH10001002: Using Hibernate built-in connection pool (not for production use!)
22:20:04.614 INFO  o.hibernate.orm.connections.pooling - HHH10001005: using driver [org.postgresql.Driver] at URL [jdbc:postgresql://localhost:5432/finalproject]
22:20:04.614 INFO  o.hibernate.orm.connections.pooling - HHH10001001: Connection properties: {password=****, pool_size=1, user=omid}
22:20:04.614 INFO  o.hibernate.orm.connections.pooling - HHH10001003: Autocommit mode: false
22:20:04.617 INFO  o.h.e.j.c.i.DriverManagerConnectionProviderImpl - HHH000115: Hibernate connection pool size: 20 (min=1)
22:20:04.758 INFO  org.hibernate.dialect.Dialect - HHH000400: Using dialect: org.hibernate.dialect.PostgreSQLDialect
22:20:04.932 WARN  org.hibernate.cfg.AnnotationBinder - HHH000139: Illegal use of @Table in a subclass of a SINGLE_TABLE hierarchy: org.example.entity.Expert
22:20:05.455 INFO  org.hibernate.orm.connections.access - HHH10001501: Connection obtained from JdbcConnectionAccess [org.hibernate.engine.jdbc.env.internal.JdbcEnvironmentInitiator$ConnectionProviderJdbcConnectionAccess@71adfedd] for (non-JTA) DDL execution was not in auto-commit mode; the Connection 'local transaction' will be committed and the Connection will be set into auto-commit mode.
22:20:05.480 WARN  o.h.t.s.i.ExceptionHandlerLoggedImpl - GenerationTarget encountered exception accepting command : Error executing DDL "alter table users add column DTYPE varchar(31) not null" via JDBC Statement
org.hibernate.tool.schema.spi.CommandAcceptanceException: Error executing DDL "alter table users add column DTYPE varchar(31) not null" via JDBC Statement
	at org.hibernate.tool.schema.internal.exec.GenerationTargetToDatabase.accept(GenerationTargetToDatabase.java:67)
	at org.hibernate.tool.schema.internal.AbstractSchemaMigrator.applySqlString(AbstractSchemaMigrator.java:581)
	at org.hibernate.tool.schema.internal.AbstractSchemaMigrator.applySqlStrings(AbstractSchemaMigrator.java:602)
	at org.hibernate.tool.schema.internal.AbstractSchemaMigrator.migrateTable(AbstractSchemaMigrator.java:314)
	at org.hibernate.tool.schema.internal.GroupedSchemaMigratorImpl.performTablesMigration(GroupedSchemaMigratorImpl.java:78)
	at org.hibernate.tool.schema.internal.AbstractSchemaMigrator.performMigration(AbstractSchemaMigrator.java:220)
	at org.hibernate.tool.schema.internal.AbstractSchemaMigrator.doMigration(AbstractSchemaMigrator.java:123)
	at org.hibernate.tool.schema.spi.SchemaManagementToolCoordinator.performDatabaseAction(SchemaManagementToolCoordinator.java:196)
	at org.hibernate.tool.schema.spi.SchemaManagementToolCoordinator.process(SchemaManagementToolCoordinator.java:85)
	at org.hibernate.internal.SessionFactoryImpl.<init>(SessionFactoryImpl.java:335)
	at org.hibernate.boot.internal.SessionFactoryBuilderImpl.build(SessionFactoryBuilderImpl.java:471)
	at org.hibernate.boot.internal.MetadataImpl.buildSessionFactory(MetadataImpl.java:200)
	at org.example.DataBaseConnection.SingleTonConnection$LazyHolder.<clinit>(SingleTonConnection.java:28)
	at org.example.DataBaseConnection.SingleTonConnection.getInstance(SingleTonConnection.java:32)
	at org.example.repository.RepositoryImpl.findAll(RepositoryImpl.java:63)
	at org.example.services.ServiceImpl.findAll(ServiceImpl.java:31)
	at org.example.panels.AdminPanel.showAllServices(AdminPanel.java:125)
	at org.example.panels.StartPanel.selectService(StartPanel.java:122)
	at org.example.panels.StartPanel.register(StartPanel.java:99)
	at org.example.panels.StartPanel.select(StartPanel.java:69)
	at org.example.Run.execute(Run.java:9)
	at org.example.Main.main(Main.java:10)
Caused by: org.postgresql.util.PSQLException: ERROR: column "dtype" of relation "users" contains null values
	at org.postgresql.core.v3.QueryExecutorImpl.receiveErrorResponse(QueryExecutorImpl.java:2676)
	at org.postgresql.core.v3.QueryExecutorImpl.processResults(QueryExecutorImpl.java:2366)
	at org.postgresql.core.v3.QueryExecutorImpl.execute(QueryExecutorImpl.java:356)
	at org.postgresql.jdbc.PgStatement.executeInternal(PgStatement.java:496)
	at org.postgresql.jdbc.PgStatement.execute(PgStatement.java:413)
	at org.postgresql.jdbc.PgStatement.executeWithFlags(PgStatement.java:333)
	at org.postgresql.jdbc.PgStatement.executeCachedSql(PgStatement.java:319)
	at org.postgresql.jdbc.PgStatement.executeWithFlags(PgStatement.java:295)
	at org.postgresql.jdbc.PgStatement.execute(PgStatement.java:290)
	at org.hibernate.tool.schema.internal.exec.GenerationTargetToDatabase.accept(GenerationTargetToDatabase.java:54)
	... 21 common frames omitted
22:20:05.511 INFO  o.h.e.t.j.p.i.JtaPlatformInitiator - HHH000490: Using JtaPlatform implementation: [org.hibernate.engine.transaction.jta.platform.internal.NoJtaPlatform]
22:20:46.696 WARN  o.h.e.jdbc.spi.SqlExceptionHelper - SQL Error: 0, SQLState: 42703
22:20:46.696 ERROR o.h.e.jdbc.spi.SqlExceptionHelper - ERROR: column "services" does not exist
  Hint: Perhaps you meant to reference the column "subservice0_.services_id".
  Position: 171
22:21:26.254 INFO  org.hibernate.Version - HHH000412: Hibernate ORM core version 5.6.7.Final
22:21:26.419 WARN  org.hibernate.orm.deprecation - HHH90000012: Recognized obsolete hibernate namespace http://hibernate.sourceforge.net/hibernate-configuration. Use namespace http://www.hibernate.org/dtd/hibernate-configuration instead.  Support for obsolete DTD/XSD namespaces may be removed at any time.
22:21:26.669 INFO  o.h.annotations.common.Version - HCANN000001: Hibernate Commons Annotations {5.1.2.Final}
22:21:26.789 WARN  o.hibernate.orm.connections.pooling - HHH10001002: Using Hibernate built-in connection pool (not for production use!)
22:21:26.794 INFO  o.hibernate.orm.connections.pooling - HHH10001005: using driver [org.postgresql.Driver] at URL [jdbc:postgresql://localhost:5432/finalproject]
22:21:26.795 INFO  o.hibernate.orm.connections.pooling - HHH10001001: Connection properties: {password=****, pool_size=1, user=omid}
22:21:26.795 INFO  o.hibernate.orm.connections.pooling - HHH10001003: Autocommit mode: false
22:21:26.798 INFO  o.h.e.j.c.i.DriverManagerConnectionProviderImpl - HHH000115: Hibernate connection pool size: 20 (min=1)
22:21:26.932 INFO  org.hibernate.dialect.Dialect - HHH000400: Using dialect: org.hibernate.dialect.PostgreSQLDialect
22:21:27.081 WARN  org.hibernate.cfg.AnnotationBinder - HHH000139: Illegal use of @Table in a subclass of a SINGLE_TABLE hierarchy: org.example.entity.Expert
22:21:27.551 INFO  org.hibernate.orm.connections.access - HHH10001501: Connection obtained from JdbcConnectionAccess [org.hibernate.engine.jdbc.env.internal.JdbcEnvironmentInitiator$ConnectionProviderJdbcConnectionAccess@2bfaba70] for (non-JTA) DDL execution was not in auto-commit mode; the Connection 'local transaction' will be committed and the Connection will be set into auto-commit mode.
22:21:27.575 WARN  o.h.t.s.i.ExceptionHandlerLoggedImpl - GenerationTarget encountered exception accepting command : Error executing DDL "alter table users add column DTYPE varchar(31) not null" via JDBC Statement
org.hibernate.tool.schema.spi.CommandAcceptanceException: Error executing DDL "alter table users add column DTYPE varchar(31) not null" via JDBC Statement
	at org.hibernate.tool.schema.internal.exec.GenerationTargetToDatabase.accept(GenerationTargetToDatabase.java:67)
	at org.hibernate.tool.schema.internal.AbstractSchemaMigrator.applySqlString(AbstractSchemaMigrator.java:581)
	at org.hibernate.tool.schema.internal.AbstractSchemaMigrator.applySqlStrings(AbstractSchemaMigrator.java:602)
	at org.hibernate.tool.schema.internal.AbstractSchemaMigrator.migrateTable(AbstractSchemaMigrator.java:314)
	at org.hibernate.tool.schema.internal.GroupedSchemaMigratorImpl.performTablesMigration(GroupedSchemaMigratorImpl.java:78)
	at org.hibernate.tool.schema.internal.AbstractSchemaMigrator.performMigration(AbstractSchemaMigrator.java:220)
	at org.hibernate.tool.schema.internal.AbstractSchemaMigrator.doMigration(AbstractSchemaMigrator.java:123)
	at org.hibernate.tool.schema.spi.SchemaManagementToolCoordinator.performDatabaseAction(SchemaManagementToolCoordinator.java:196)
	at org.hibernate.tool.schema.spi.SchemaManagementToolCoordinator.process(SchemaManagementToolCoordinator.java:85)
	at org.hibernate.internal.SessionFactoryImpl.<init>(SessionFactoryImpl.java:335)
	at org.hibernate.boot.internal.SessionFactoryBuilderImpl.build(SessionFactoryBuilderImpl.java:471)
	at org.hibernate.boot.internal.MetadataImpl.buildSessionFactory(MetadataImpl.java:200)
	at org.example.DataBaseConnection.SingleTonConnection$LazyHolder.<clinit>(SingleTonConnection.java:28)
	at org.example.DataBaseConnection.SingleTonConnection.getInstance(SingleTonConnection.java:32)
	at org.example.repository.RepositoryImpl.findAll(RepositoryImpl.java:63)
	at org.example.services.ServiceImpl.findAll(ServiceImpl.java:31)
	at org.example.panels.AdminPanel.showAllServices(AdminPanel.java:125)
	at org.example.panels.StartPanel.selectService(StartPanel.java:122)
	at org.example.panels.StartPanel.register(StartPanel.java:99)
	at org.example.panels.StartPanel.select(StartPanel.java:69)
	at org.example.Run.execute(Run.java:9)
	at org.example.Main.main(Main.java:10)
Caused by: org.postgresql.util.PSQLException: ERROR: column "dtype" of relation "users" contains null values
	at org.postgresql.core.v3.QueryExecutorImpl.receiveErrorResponse(QueryExecutorImpl.java:2676)
	at org.postgresql.core.v3.QueryExecutorImpl.processResults(QueryExecutorImpl.java:2366)
	at org.postgresql.core.v3.QueryExecutorImpl.execute(QueryExecutorImpl.java:356)
	at org.postgresql.jdbc.PgStatement.executeInternal(PgStatement.java:496)
	at org.postgresql.jdbc.PgStatement.execute(PgStatement.java:413)
	at org.postgresql.jdbc.PgStatement.executeWithFlags(PgStatement.java:333)
	at org.postgresql.jdbc.PgStatement.executeCachedSql(PgStatement.java:319)
	at org.postgresql.jdbc.PgStatement.executeWithFlags(PgStatement.java:295)
	at org.postgresql.jdbc.PgStatement.execute(PgStatement.java:290)
	at org.hibernate.tool.schema.internal.exec.GenerationTargetToDatabase.accept(GenerationTargetToDatabase.java:54)
	... 21 common frames omitted
22:21:27.605 INFO  o.h.e.t.j.p.i.JtaPlatformInitiator - HHH000490: Using JtaPlatform implementation: [org.hibernate.engine.transaction.jta.platform.internal.NoJtaPlatform]
22:21:31.495 WARN  o.h.e.jdbc.spi.SqlExceptionHelper - SQL Error: 0, SQLState: 42703
22:21:31.495 ERROR o.h.e.jdbc.spi.SqlExceptionHelper - ERROR: column "services" does not exist
  Hint: Perhaps you meant to reference the column "subservice0_.services_id".
  Position: 171
22:22:22.961 INFO  org.hibernate.Version - HHH000412: Hibernate ORM core version 5.6.7.Final
22:22:23.159 WARN  org.hibernate.orm.deprecation - HHH90000012: Recognized obsolete hibernate namespace http://hibernate.sourceforge.net/hibernate-configuration. Use namespace http://www.hibernate.org/dtd/hibernate-configuration instead.  Support for obsolete DTD/XSD namespaces may be removed at any time.
22:22:23.457 INFO  o.h.annotations.common.Version - HCANN000001: Hibernate Commons Annotations {5.1.2.Final}
22:22:23.612 WARN  o.hibernate.orm.connections.pooling - HHH10001002: Using Hibernate built-in connection pool (not for production use!)
22:22:23.618 INFO  o.hibernate.orm.connections.pooling - HHH10001005: using driver [org.postgresql.Driver] at URL [jdbc:postgresql://localhost:5432/finalproject]
22:22:23.619 INFO  o.hibernate.orm.connections.pooling - HHH10001001: Connection properties: {password=****, pool_size=1, user=omid}
22:22:23.620 INFO  o.hibernate.orm.connections.pooling - HHH10001003: Autocommit mode: false
22:22:23.625 INFO  o.h.e.j.c.i.DriverManagerConnectionProviderImpl - HHH000115: Hibernate connection pool size: 20 (min=1)
22:22:23.794 INFO  org.hibernate.dialect.Dialect - HHH000400: Using dialect: org.hibernate.dialect.PostgreSQLDialect
22:22:23.973 WARN  org.hibernate.cfg.AnnotationBinder - HHH000139: Illegal use of @Table in a subclass of a SINGLE_TABLE hierarchy: org.example.entity.Expert
22:22:24.465 INFO  org.hibernate.orm.connections.access - HHH10001501: Connection obtained from JdbcConnectionAccess [org.hibernate.engine.jdbc.env.internal.JdbcEnvironmentInitiator$ConnectionProviderJdbcConnectionAccess@2bfaba70] for (non-JTA) DDL execution was not in auto-commit mode; the Connection 'local transaction' will be committed and the Connection will be set into auto-commit mode.
22:22:24.489 WARN  o.h.t.s.i.ExceptionHandlerLoggedImpl - GenerationTarget encountered exception accepting command : Error executing DDL "alter table users add column DTYPE varchar(31) not null" via JDBC Statement
org.hibernate.tool.schema.spi.CommandAcceptanceException: Error executing DDL "alter table users add column DTYPE varchar(31) not null" via JDBC Statement
	at org.hibernate.tool.schema.internal.exec.GenerationTargetToDatabase.accept(GenerationTargetToDatabase.java:67)
	at org.hibernate.tool.schema.internal.AbstractSchemaMigrator.applySqlString(AbstractSchemaMigrator.java:581)
	at org.hibernate.tool.schema.internal.AbstractSchemaMigrator.applySqlStrings(AbstractSchemaMigrator.java:602)
	at org.hibernate.tool.schema.internal.AbstractSchemaMigrator.migrateTable(AbstractSchemaMigrator.java:314)
	at org.hibernate.tool.schema.internal.GroupedSchemaMigratorImpl.performTablesMigration(GroupedSchemaMigratorImpl.java:78)
	at org.hibernate.tool.schema.internal.AbstractSchemaMigrator.performMigration(AbstractSchemaMigrator.java:220)
	at org.hibernate.tool.schema.internal.AbstractSchemaMigrator.doMigration(AbstractSchemaMigrator.java:123)
	at org.hibernate.tool.schema.spi.SchemaManagementToolCoordinator.performDatabaseAction(SchemaManagementToolCoordinator.java:196)
	at org.hibernate.tool.schema.spi.SchemaManagementToolCoordinator.process(SchemaManagementToolCoordinator.java:85)
	at org.hibernate.internal.SessionFactoryImpl.<init>(SessionFactoryImpl.java:335)
	at org.hibernate.boot.internal.SessionFactoryBuilderImpl.build(SessionFactoryBuilderImpl.java:471)
	at org.hibernate.boot.internal.MetadataImpl.buildSessionFactory(MetadataImpl.java:200)
	at org.example.DataBaseConnection.SingleTonConnection$LazyHolder.<clinit>(SingleTonConnection.java:28)
	at org.example.DataBaseConnection.SingleTonConnection.getInstance(SingleTonConnection.java:32)
	at org.example.repository.RepositoryImpl.findAll(RepositoryImpl.java:63)
	at org.example.services.ServiceImpl.findAll(ServiceImpl.java:31)
	at org.example.panels.AdminPanel.showAllServices(AdminPanel.java:125)
	at org.example.panels.StartPanel.selectService(StartPanel.java:122)
	at org.example.panels.StartPanel.register(StartPanel.java:99)
	at org.example.panels.StartPanel.select(StartPanel.java:69)
	at org.example.Run.execute(Run.java:9)
	at org.example.Main.main(Main.java:10)
Caused by: org.postgresql.util.PSQLException: ERROR: column "dtype" of relation "users" contains null values
	at org.postgresql.core.v3.QueryExecutorImpl.receiveErrorResponse(QueryExecutorImpl.java:2676)
	at org.postgresql.core.v3.QueryExecutorImpl.processResults(QueryExecutorImpl.java:2366)
	at org.postgresql.core.v3.QueryExecutorImpl.execute(QueryExecutorImpl.java:356)
	at org.postgresql.jdbc.PgStatement.executeInternal(PgStatement.java:496)
	at org.postgresql.jdbc.PgStatement.execute(PgStatement.java:413)
	at org.postgresql.jdbc.PgStatement.executeWithFlags(PgStatement.java:333)
	at org.postgresql.jdbc.PgStatement.executeCachedSql(PgStatement.java:319)
	at org.postgresql.jdbc.PgStatement.executeWithFlags(PgStatement.java:295)
	at org.postgresql.jdbc.PgStatement.execute(PgStatement.java:290)
	at org.hibernate.tool.schema.internal.exec.GenerationTargetToDatabase.accept(GenerationTargetToDatabase.java:54)
	... 21 common frames omitted
22:22:24.515 INFO  o.h.e.t.j.p.i.JtaPlatformInitiator - HHH000490: Using JtaPlatform implementation: [org.hibernate.engine.transaction.jta.platform.internal.NoJtaPlatform]
22:23:09.195 INFO  org.hibernate.Version - HHH000412: Hibernate ORM core version 5.6.7.Final
22:23:09.910 WARN  org.hibernate.orm.deprecation - HHH90000012: Recognized obsolete hibernate namespace http://hibernate.sourceforge.net/hibernate-configuration. Use namespace http://www.hibernate.org/dtd/hibernate-configuration instead.  Support for obsolete DTD/XSD namespaces may be removed at any time.
22:23:10.328 INFO  o.h.annotations.common.Version - HCANN000001: Hibernate Commons Annotations {5.1.2.Final}
22:23:10.661 WARN  o.hibernate.orm.connections.pooling - HHH10001002: Using Hibernate built-in connection pool (not for production use!)
22:23:10.667 INFO  o.hibernate.orm.connections.pooling - HHH10001005: using driver [org.postgresql.Driver] at URL [jdbc:postgresql://localhost:5432/finalproject]
22:23:10.668 INFO  o.hibernate.orm.connections.pooling - HHH10001001: Connection properties: {password=****, pool_size=1, user=omid}
22:23:10.668 INFO  o.hibernate.orm.connections.pooling - HHH10001003: Autocommit mode: false
22:23:10.671 INFO  o.h.e.j.c.i.DriverManagerConnectionProviderImpl - HHH000115: Hibernate connection pool size: 20 (min=1)
22:23:10.846 INFO  org.hibernate.dialect.Dialect - HHH000400: Using dialect: org.hibernate.dialect.PostgreSQLDialect
22:23:11.086 WARN  org.hibernate.cfg.AnnotationBinder - HHH000139: Illegal use of @Table in a subclass of a SINGLE_TABLE hierarchy: org.example.entity.Expert
22:23:11.907 INFO  org.hibernate.orm.connections.access - HHH10001501: Connection obtained from JdbcConnectionAccess [org.hibernate.engine.jdbc.env.internal.JdbcEnvironmentInitiator$ConnectionProviderJdbcConnectionAccess@2bfaba70] for (non-JTA) DDL execution was not in auto-commit mode; the Connection 'local transaction' will be committed and the Connection will be set into auto-commit mode.
22:23:11.980 WARN  o.h.t.s.i.ExceptionHandlerLoggedImpl - GenerationTarget encountered exception accepting command : Error executing DDL "alter table users add column DTYPE varchar(31) not null" via JDBC Statement
org.hibernate.tool.schema.spi.CommandAcceptanceException: Error executing DDL "alter table users add column DTYPE varchar(31) not null" via JDBC Statement
	at org.hibernate.tool.schema.internal.exec.GenerationTargetToDatabase.accept(GenerationTargetToDatabase.java:67)
	at org.hibernate.tool.schema.internal.AbstractSchemaMigrator.applySqlString(AbstractSchemaMigrator.java:581)
	at org.hibernate.tool.schema.internal.AbstractSchemaMigrator.applySqlStrings(AbstractSchemaMigrator.java:602)
	at org.hibernate.tool.schema.internal.AbstractSchemaMigrator.migrateTable(AbstractSchemaMigrator.java:314)
	at org.hibernate.tool.schema.internal.GroupedSchemaMigratorImpl.performTablesMigration(GroupedSchemaMigratorImpl.java:78)
	at org.hibernate.tool.schema.internal.AbstractSchemaMigrator.performMigration(AbstractSchemaMigrator.java:220)
	at org.hibernate.tool.schema.internal.AbstractSchemaMigrator.doMigration(AbstractSchemaMigrator.java:123)
	at org.hibernate.tool.schema.spi.SchemaManagementToolCoordinator.performDatabaseAction(SchemaManagementToolCoordinator.java:196)
	at org.hibernate.tool.schema.spi.SchemaManagementToolCoordinator.process(SchemaManagementToolCoordinator.java:85)
	at org.hibernate.internal.SessionFactoryImpl.<init>(SessionFactoryImpl.java:335)
	at org.hibernate.boot.internal.SessionFactoryBuilderImpl.build(SessionFactoryBuilderImpl.java:471)
	at org.hibernate.boot.internal.MetadataImpl.buildSessionFactory(MetadataImpl.java:200)
	at org.example.DataBaseConnection.SingleTonConnection$LazyHolder.<clinit>(SingleTonConnection.java:28)
	at org.example.DataBaseConnection.SingleTonConnection.getInstance(SingleTonConnection.java:32)
	at org.example.repository.RepositoryImpl.findAll(RepositoryImpl.java:63)
	at org.example.services.ServiceImpl.findAll(ServiceImpl.java:31)
	at org.example.panels.AdminPanel.showAllServices(AdminPanel.java:125)
	at org.example.panels.StartPanel.selectService(StartPanel.java:122)
	at org.example.panels.StartPanel.register(StartPanel.java:99)
	at org.example.panels.StartPanel.select(StartPanel.java:69)
	at org.example.Run.execute(Run.java:9)
	at org.example.Main.main(Main.java:10)
Caused by: org.postgresql.util.PSQLException: ERROR: column "dtype" of relation "users" contains null values
	at org.postgresql.core.v3.QueryExecutorImpl.receiveErrorResponse(QueryExecutorImpl.java:2676)
	at org.postgresql.core.v3.QueryExecutorImpl.processResults(QueryExecutorImpl.java:2366)
	at org.postgresql.core.v3.QueryExecutorImpl.execute(QueryExecutorImpl.java:356)
	at org.postgresql.jdbc.PgStatement.executeInternal(PgStatement.java:496)
	at org.postgresql.jdbc.PgStatement.execute(PgStatement.java:413)
	at org.postgresql.jdbc.PgStatement.executeWithFlags(PgStatement.java:333)
	at org.postgresql.jdbc.PgStatement.executeCachedSql(PgStatement.java:319)
	at org.postgresql.jdbc.PgStatement.executeWithFlags(PgStatement.java:295)
	at org.postgresql.jdbc.PgStatement.execute(PgStatement.java:290)
	at org.hibernate.tool.schema.internal.exec.GenerationTargetToDatabase.accept(GenerationTargetToDatabase.java:54)
	... 21 common frames omitted
22:23:12.016 INFO  o.h.e.t.j.p.i.JtaPlatformInitiator - HHH000490: Using JtaPlatform implementation: [org.hibernate.engine.transaction.jta.platform.internal.NoJtaPlatform]
22:24:55.203 INFO  org.hibernate.Version - HHH000412: Hibernate ORM core version 5.6.7.Final
22:24:55.368 WARN  org.hibernate.orm.deprecation - HHH90000012: Recognized obsolete hibernate namespace http://hibernate.sourceforge.net/hibernate-configuration. Use namespace http://www.hibernate.org/dtd/hibernate-configuration instead.  Support for obsolete DTD/XSD namespaces may be removed at any time.
22:24:55.633 INFO  o.h.annotations.common.Version - HCANN000001: Hibernate Commons Annotations {5.1.2.Final}
22:24:55.779 WARN  o.hibernate.orm.connections.pooling - HHH10001002: Using Hibernate built-in connection pool (not for production use!)
22:24:55.783 INFO  o.hibernate.orm.connections.pooling - HHH10001005: using driver [org.postgresql.Driver] at URL [jdbc:postgresql://localhost:5432/finalproject]
22:24:55.784 INFO  o.hibernate.orm.connections.pooling - HHH10001001: Connection properties: {password=****, pool_size=1, user=omid}
22:24:55.784 INFO  o.hibernate.orm.connections.pooling - HHH10001003: Autocommit mode: false
22:24:55.786 INFO  o.h.e.j.c.i.DriverManagerConnectionProviderImpl - HHH000115: Hibernate connection pool size: 20 (min=1)
22:24:55.899 INFO  org.hibernate.dialect.Dialect - HHH000400: Using dialect: org.hibernate.dialect.PostgreSQLDialect
22:24:56.047 WARN  org.hibernate.cfg.AnnotationBinder - HHH000139: Illegal use of @Table in a subclass of a SINGLE_TABLE hierarchy: org.example.entity.Expert
22:24:56.497 INFO  org.hibernate.orm.connections.access - HHH10001501: Connection obtained from JdbcConnectionAccess [org.hibernate.engine.jdbc.env.internal.JdbcEnvironmentInitiator$ConnectionProviderJdbcConnectionAccess@2bfaba70] for (non-JTA) DDL execution was not in auto-commit mode; the Connection 'local transaction' will be committed and the Connection will be set into auto-commit mode.
22:24:56.519 WARN  o.h.t.s.i.ExceptionHandlerLoggedImpl - GenerationTarget encountered exception accepting command : Error executing DDL "alter table users add column DTYPE varchar(31) not null" via JDBC Statement
org.hibernate.tool.schema.spi.CommandAcceptanceException: Error executing DDL "alter table users add column DTYPE varchar(31) not null" via JDBC Statement
	at org.hibernate.tool.schema.internal.exec.GenerationTargetToDatabase.accept(GenerationTargetToDatabase.java:67)
	at org.hibernate.tool.schema.internal.AbstractSchemaMigrator.applySqlString(AbstractSchemaMigrator.java:581)
	at org.hibernate.tool.schema.internal.AbstractSchemaMigrator.applySqlStrings(AbstractSchemaMigrator.java:602)
	at org.hibernate.tool.schema.internal.AbstractSchemaMigrator.migrateTable(AbstractSchemaMigrator.java:314)
	at org.hibernate.tool.schema.internal.GroupedSchemaMigratorImpl.performTablesMigration(GroupedSchemaMigratorImpl.java:78)
	at org.hibernate.tool.schema.internal.AbstractSchemaMigrator.performMigration(AbstractSchemaMigrator.java:220)
	at org.hibernate.tool.schema.internal.AbstractSchemaMigrator.doMigration(AbstractSchemaMigrator.java:123)
	at org.hibernate.tool.schema.spi.SchemaManagementToolCoordinator.performDatabaseAction(SchemaManagementToolCoordinator.java:196)
	at org.hibernate.tool.schema.spi.SchemaManagementToolCoordinator.process(SchemaManagementToolCoordinator.java:85)
	at org.hibernate.internal.SessionFactoryImpl.<init>(SessionFactoryImpl.java:335)
	at org.hibernate.boot.internal.SessionFactoryBuilderImpl.build(SessionFactoryBuilderImpl.java:471)
	at org.hibernate.boot.internal.MetadataImpl.buildSessionFactory(MetadataImpl.java:200)
	at org.example.DataBaseConnection.SingleTonConnection$LazyHolder.<clinit>(SingleTonConnection.java:28)
	at org.example.DataBaseConnection.SingleTonConnection.getInstance(SingleTonConnection.java:32)
	at org.example.repository.RepositoryImpl.findAll(RepositoryImpl.java:63)
	at org.example.services.ServiceImpl.findAll(ServiceImpl.java:31)
	at org.example.panels.AdminPanel.showAllServices(AdminPanel.java:125)
	at org.example.panels.StartPanel.selectService(StartPanel.java:122)
	at org.example.panels.StartPanel.register(StartPanel.java:99)
	at org.example.panels.StartPanel.select(StartPanel.java:69)
	at org.example.Run.execute(Run.java:9)
	at org.example.Main.main(Main.java:10)
Caused by: org.postgresql.util.PSQLException: ERROR: column "dtype" of relation "users" contains null values
	at org.postgresql.core.v3.QueryExecutorImpl.receiveErrorResponse(QueryExecutorImpl.java:2676)
	at org.postgresql.core.v3.QueryExecutorImpl.processResults(QueryExecutorImpl.java:2366)
	at org.postgresql.core.v3.QueryExecutorImpl.execute(QueryExecutorImpl.java:356)
	at org.postgresql.jdbc.PgStatement.executeInternal(PgStatement.java:496)
	at org.postgresql.jdbc.PgStatement.execute(PgStatement.java:413)
	at org.postgresql.jdbc.PgStatement.executeWithFlags(PgStatement.java:333)
	at org.postgresql.jdbc.PgStatement.executeCachedSql(PgStatement.java:319)
	at org.postgresql.jdbc.PgStatement.executeWithFlags(PgStatement.java:295)
	at org.postgresql.jdbc.PgStatement.execute(PgStatement.java:290)
	at org.hibernate.tool.schema.internal.exec.GenerationTargetToDatabase.accept(GenerationTargetToDatabase.java:54)
	... 21 common frames omitted
22:24:56.542 INFO  o.h.e.t.j.p.i.JtaPlatformInitiator - HHH000490: Using JtaPlatform implementation: [org.hibernate.engine.transaction.jta.platform.internal.NoJtaPlatform]
22:25:50.608 INFO  org.hibernate.Version - HHH000412: Hibernate ORM core version 5.6.7.Final
22:25:51.420 WARN  org.hibernate.orm.deprecation - HHH90000012: Recognized obsolete hibernate namespace http://hibernate.sourceforge.net/hibernate-configuration. Use namespace http://www.hibernate.org/dtd/hibernate-configuration instead.  Support for obsolete DTD/XSD namespaces may be removed at any time.
22:25:51.701 INFO  o.h.annotations.common.Version - HCANN000001: Hibernate Commons Annotations {5.1.2.Final}
22:25:51.807 WARN  o.hibernate.orm.connections.pooling - HHH10001002: Using Hibernate built-in connection pool (not for production use!)
22:25:51.811 INFO  o.hibernate.orm.connections.pooling - HHH10001005: using driver [org.postgresql.Driver] at URL [jdbc:postgresql://localhost:5432/finalproject]
22:25:51.811 INFO  o.hibernate.orm.connections.pooling - HHH10001001: Connection properties: {password=****, pool_size=1, user=omid}
22:25:51.811 INFO  o.hibernate.orm.connections.pooling - HHH10001003: Autocommit mode: false
22:25:51.814 INFO  o.h.e.j.c.i.DriverManagerConnectionProviderImpl - HHH000115: Hibernate connection pool size: 20 (min=1)
22:25:51.939 INFO  org.hibernate.dialect.Dialect - HHH000400: Using dialect: org.hibernate.dialect.PostgreSQLDialect
22:25:52.114 WARN  org.hibernate.cfg.AnnotationBinder - HHH000139: Illegal use of @Table in a subclass of a SINGLE_TABLE hierarchy: org.example.entity.Expert
22:25:52.600 INFO  org.hibernate.orm.connections.access - HHH10001501: Connection obtained from JdbcConnectionAccess [org.hibernate.engine.jdbc.env.internal.JdbcEnvironmentInitiator$ConnectionProviderJdbcConnectionAccess@71adfedd] for (non-JTA) DDL execution was not in auto-commit mode; the Connection 'local transaction' will be committed and the Connection will be set into auto-commit mode.
22:25:52.624 WARN  o.h.t.s.i.ExceptionHandlerLoggedImpl - GenerationTarget encountered exception accepting command : Error executing DDL "alter table users add column DTYPE varchar(31) not null" via JDBC Statement
org.hibernate.tool.schema.spi.CommandAcceptanceException: Error executing DDL "alter table users add column DTYPE varchar(31) not null" via JDBC Statement
	at org.hibernate.tool.schema.internal.exec.GenerationTargetToDatabase.accept(GenerationTargetToDatabase.java:67)
	at org.hibernate.tool.schema.internal.AbstractSchemaMigrator.applySqlString(AbstractSchemaMigrator.java:581)
	at org.hibernate.tool.schema.internal.AbstractSchemaMigrator.applySqlStrings(AbstractSchemaMigrator.java:602)
	at org.hibernate.tool.schema.internal.AbstractSchemaMigrator.migrateTable(AbstractSchemaMigrator.java:314)
	at org.hibernate.tool.schema.internal.GroupedSchemaMigratorImpl.performTablesMigration(GroupedSchemaMigratorImpl.java:78)
	at org.hibernate.tool.schema.internal.AbstractSchemaMigrator.performMigration(AbstractSchemaMigrator.java:220)
	at org.hibernate.tool.schema.internal.AbstractSchemaMigrator.doMigration(AbstractSchemaMigrator.java:123)
	at org.hibernate.tool.schema.spi.SchemaManagementToolCoordinator.performDatabaseAction(SchemaManagementToolCoordinator.java:196)
	at org.hibernate.tool.schema.spi.SchemaManagementToolCoordinator.process(SchemaManagementToolCoordinator.java:85)
	at org.hibernate.internal.SessionFactoryImpl.<init>(SessionFactoryImpl.java:335)
	at org.hibernate.boot.internal.SessionFactoryBuilderImpl.build(SessionFactoryBuilderImpl.java:471)
	at org.hibernate.boot.internal.MetadataImpl.buildSessionFactory(MetadataImpl.java:200)
	at org.example.DataBaseConnection.SingleTonConnection$LazyHolder.<clinit>(SingleTonConnection.java:28)
	at org.example.DataBaseConnection.SingleTonConnection.getInstance(SingleTonConnection.java:32)
	at org.example.repository.RepositoryImpl.findAll(RepositoryImpl.java:63)
	at org.example.services.ServiceImpl.findAll(ServiceImpl.java:31)
	at org.example.panels.AdminPanel.showAllServices(AdminPanel.java:125)
	at org.example.panels.StartPanel.selectService(StartPanel.java:122)
	at org.example.panels.StartPanel.register(StartPanel.java:99)
	at org.example.panels.StartPanel.select(StartPanel.java:69)
	at org.example.Run.execute(Run.java:9)
	at org.example.Main.main(Main.java:10)
Caused by: org.postgresql.util.PSQLException: ERROR: column "dtype" of relation "users" contains null values
	at org.postgresql.core.v3.QueryExecutorImpl.receiveErrorResponse(QueryExecutorImpl.java:2676)
	at org.postgresql.core.v3.QueryExecutorImpl.processResults(QueryExecutorImpl.java:2366)
	at org.postgresql.core.v3.QueryExecutorImpl.execute(QueryExecutorImpl.java:356)
	at org.postgresql.jdbc.PgStatement.executeInternal(PgStatement.java:496)
	at org.postgresql.jdbc.PgStatement.execute(PgStatement.java:413)
	at org.postgresql.jdbc.PgStatement.executeWithFlags(PgStatement.java:333)
	at org.postgresql.jdbc.PgStatement.executeCachedSql(PgStatement.java:319)
	at org.postgresql.jdbc.PgStatement.executeWithFlags(PgStatement.java:295)
	at org.postgresql.jdbc.PgStatement.execute(PgStatement.java:290)
	at org.hibernate.tool.schema.internal.exec.GenerationTargetToDatabase.accept(GenerationTargetToDatabase.java:54)
	... 21 common frames omitted
22:25:52.653 INFO  o.h.e.t.j.p.i.JtaPlatformInitiator - HHH000490: Using JtaPlatform implementation: [org.hibernate.engine.transaction.jta.platform.internal.NoJtaPlatform]
22:28:13.679 INFO  org.hibernate.Version - HHH000412: Hibernate ORM core version 5.6.7.Final
22:28:13.892 WARN  org.hibernate.orm.deprecation - HHH90000012: Recognized obsolete hibernate namespace http://hibernate.sourceforge.net/hibernate-configuration. Use namespace http://www.hibernate.org/dtd/hibernate-configuration instead.  Support for obsolete DTD/XSD namespaces may be removed at any time.
22:28:14.216 INFO  o.h.annotations.common.Version - HCANN000001: Hibernate Commons Annotations {5.1.2.Final}
22:28:14.371 WARN  o.hibernate.orm.connections.pooling - HHH10001002: Using Hibernate built-in connection pool (not for production use!)
22:28:14.376 INFO  o.hibernate.orm.connections.pooling - HHH10001005: using driver [org.postgresql.Driver] at URL [jdbc:postgresql://localhost:5432/finalproject]
22:28:14.377 INFO  o.hibernate.orm.connections.pooling - HHH10001001: Connection properties: {password=****, pool_size=1, user=omid}
22:28:14.377 INFO  o.hibernate.orm.connections.pooling - HHH10001003: Autocommit mode: false
22:28:14.380 INFO  o.h.e.j.c.i.DriverManagerConnectionProviderImpl - HHH000115: Hibernate connection pool size: 20 (min=1)
22:28:14.530 INFO  org.hibernate.dialect.Dialect - HHH000400: Using dialect: org.hibernate.dialect.PostgreSQLDialect
22:28:14.708 WARN  org.hibernate.cfg.AnnotationBinder - HHH000139: Illegal use of @Table in a subclass of a SINGLE_TABLE hierarchy: org.example.entity.Expert
22:28:15.299 INFO  org.hibernate.orm.connections.access - HHH10001501: Connection obtained from JdbcConnectionAccess [org.hibernate.engine.jdbc.env.internal.JdbcEnvironmentInitiator$ConnectionProviderJdbcConnectionAccess@71adfedd] for (non-JTA) DDL execution was not in auto-commit mode; the Connection 'local transaction' will be committed and the Connection will be set into auto-commit mode.
22:28:15.329 WARN  o.h.t.s.i.ExceptionHandlerLoggedImpl - GenerationTarget encountered exception accepting command : Error executing DDL "alter table users add column DTYPE varchar(31) not null" via JDBC Statement
org.hibernate.tool.schema.spi.CommandAcceptanceException: Error executing DDL "alter table users add column DTYPE varchar(31) not null" via JDBC Statement
	at org.hibernate.tool.schema.internal.exec.GenerationTargetToDatabase.accept(GenerationTargetToDatabase.java:67)
	at org.hibernate.tool.schema.internal.AbstractSchemaMigrator.applySqlString(AbstractSchemaMigrator.java:581)
	at org.hibernate.tool.schema.internal.AbstractSchemaMigrator.applySqlStrings(AbstractSchemaMigrator.java:602)
	at org.hibernate.tool.schema.internal.AbstractSchemaMigrator.migrateTable(AbstractSchemaMigrator.java:314)
	at org.hibernate.tool.schema.internal.GroupedSchemaMigratorImpl.performTablesMigration(GroupedSchemaMigratorImpl.java:78)
	at org.hibernate.tool.schema.internal.AbstractSchemaMigrator.performMigration(AbstractSchemaMigrator.java:220)
	at org.hibernate.tool.schema.internal.AbstractSchemaMigrator.doMigration(AbstractSchemaMigrator.java:123)
	at org.hibernate.tool.schema.spi.SchemaManagementToolCoordinator.performDatabaseAction(SchemaManagementToolCoordinator.java:196)
	at org.hibernate.tool.schema.spi.SchemaManagementToolCoordinator.process(SchemaManagementToolCoordinator.java:85)
	at org.hibernate.internal.SessionFactoryImpl.<init>(SessionFactoryImpl.java:335)
	at org.hibernate.boot.internal.SessionFactoryBuilderImpl.build(SessionFactoryBuilderImpl.java:471)
	at org.hibernate.boot.internal.MetadataImpl.buildSessionFactory(MetadataImpl.java:200)
	at org.example.DataBaseConnection.SingleTonConnection$LazyHolder.<clinit>(SingleTonConnection.java:28)
	at org.example.DataBaseConnection.SingleTonConnection.getInstance(SingleTonConnection.java:32)
	at org.example.repository.RepositoryImpl.findAll(RepositoryImpl.java:63)
	at org.example.services.ServiceImpl.findAll(ServiceImpl.java:31)
	at org.example.panels.AdminPanel.showAllServices(AdminPanel.java:125)
	at org.example.panels.StartPanel.selectService(StartPanel.java:122)
	at org.example.panels.StartPanel.register(StartPanel.java:99)
	at org.example.panels.StartPanel.select(StartPanel.java:69)
	at org.example.Run.execute(Run.java:9)
	at org.example.Main.main(Main.java:10)
Caused by: org.postgresql.util.PSQLException: ERROR: column "dtype" of relation "users" contains null values
	at org.postgresql.core.v3.QueryExecutorImpl.receiveErrorResponse(QueryExecutorImpl.java:2676)
	at org.postgresql.core.v3.QueryExecutorImpl.processResults(QueryExecutorImpl.java:2366)
	at org.postgresql.core.v3.QueryExecutorImpl.execute(QueryExecutorImpl.java:356)
	at org.postgresql.jdbc.PgStatement.executeInternal(PgStatement.java:496)
	at org.postgresql.jdbc.PgStatement.execute(PgStatement.java:413)
	at org.postgresql.jdbc.PgStatement.executeWithFlags(PgStatement.java:333)
	at org.postgresql.jdbc.PgStatement.executeCachedSql(PgStatement.java:319)
	at org.postgresql.jdbc.PgStatement.executeWithFlags(PgStatement.java:295)
	at org.postgresql.jdbc.PgStatement.execute(PgStatement.java:290)
	at org.hibernate.tool.schema.internal.exec.GenerationTargetToDatabase.accept(GenerationTargetToDatabase.java:54)
	... 21 common frames omitted
22:28:15.356 INFO  o.h.e.t.j.p.i.JtaPlatformInitiator - HHH000490: Using JtaPlatform implementation: [org.hibernate.engine.transaction.jta.platform.internal.NoJtaPlatform]
22:39:43.635 INFO  org.hibernate.Version - HHH000412: Hibernate ORM core version 5.6.7.Final
22:39:43.929 WARN  org.hibernate.orm.deprecation - HHH90000012: Recognized obsolete hibernate namespace http://hibernate.sourceforge.net/hibernate-configuration. Use namespace http://www.hibernate.org/dtd/hibernate-configuration instead.  Support for obsolete DTD/XSD namespaces may be removed at any time.
22:39:44.342 INFO  o.h.annotations.common.Version - HCANN000001: Hibernate Commons Annotations {5.1.2.Final}
22:39:44.484 WARN  o.hibernate.orm.connections.pooling - HHH10001002: Using Hibernate built-in connection pool (not for production use!)
22:39:44.489 INFO  o.hibernate.orm.connections.pooling - HHH10001005: using driver [org.postgresql.Driver] at URL [jdbc:postgresql://localhost:5432/finalproject]
22:39:44.489 INFO  o.hibernate.orm.connections.pooling - HHH10001001: Connection properties: {password=****, pool_size=1, user=omid}
22:39:44.489 INFO  o.hibernate.orm.connections.pooling - HHH10001003: Autocommit mode: false
22:39:44.492 INFO  o.h.e.j.c.i.DriverManagerConnectionProviderImpl - HHH000115: Hibernate connection pool size: 20 (min=1)
22:39:44.607 INFO  org.hibernate.dialect.Dialect - HHH000400: Using dialect: org.hibernate.dialect.PostgreSQLDialect
22:39:44.765 WARN  org.hibernate.cfg.AnnotationBinder - HHH000139: Illegal use of @Table in a subclass of a SINGLE_TABLE hierarchy: org.example.entity.Expert
22:39:45.373 INFO  org.hibernate.orm.connections.access - HHH10001501: Connection obtained from JdbcConnectionAccess [org.hibernate.engine.jdbc.env.internal.JdbcEnvironmentInitiator$ConnectionProviderJdbcConnectionAccess@2bfaba70] for (non-JTA) DDL execution was not in auto-commit mode; the Connection 'local transaction' will be committed and the Connection will be set into auto-commit mode.
22:39:45.404 WARN  o.h.t.s.i.ExceptionHandlerLoggedImpl - GenerationTarget encountered exception accepting command : Error executing DDL "alter table users add column DTYPE varchar(31) not null" via JDBC Statement
org.hibernate.tool.schema.spi.CommandAcceptanceException: Error executing DDL "alter table users add column DTYPE varchar(31) not null" via JDBC Statement
	at org.hibernate.tool.schema.internal.exec.GenerationTargetToDatabase.accept(GenerationTargetToDatabase.java:67)
	at org.hibernate.tool.schema.internal.AbstractSchemaMigrator.applySqlString(AbstractSchemaMigrator.java:581)
	at org.hibernate.tool.schema.internal.AbstractSchemaMigrator.applySqlStrings(AbstractSchemaMigrator.java:602)
	at org.hibernate.tool.schema.internal.AbstractSchemaMigrator.migrateTable(AbstractSchemaMigrator.java:314)
	at org.hibernate.tool.schema.internal.GroupedSchemaMigratorImpl.performTablesMigration(GroupedSchemaMigratorImpl.java:78)
	at org.hibernate.tool.schema.internal.AbstractSchemaMigrator.performMigration(AbstractSchemaMigrator.java:220)
	at org.hibernate.tool.schema.internal.AbstractSchemaMigrator.doMigration(AbstractSchemaMigrator.java:123)
	at org.hibernate.tool.schema.spi.SchemaManagementToolCoordinator.performDatabaseAction(SchemaManagementToolCoordinator.java:196)
	at org.hibernate.tool.schema.spi.SchemaManagementToolCoordinator.process(SchemaManagementToolCoordinator.java:85)
	at org.hibernate.internal.SessionFactoryImpl.<init>(SessionFactoryImpl.java:335)
	at org.hibernate.boot.internal.SessionFactoryBuilderImpl.build(SessionFactoryBuilderImpl.java:471)
	at org.hibernate.boot.internal.MetadataImpl.buildSessionFactory(MetadataImpl.java:200)
	at org.example.DataBaseConnection.SingleTonConnection$LazyHolder.<clinit>(SingleTonConnection.java:28)
	at org.example.DataBaseConnection.SingleTonConnection.getInstance(SingleTonConnection.java:32)
	at org.example.repository.RepositoryImpl.findAll(RepositoryImpl.java:63)
	at org.example.services.ServiceImpl.findAll(ServiceImpl.java:31)
	at org.example.panels.AdminPanel.showAllServices(AdminPanel.java:125)
	at org.example.panels.StartPanel.selectService(StartPanel.java:122)
	at org.example.panels.StartPanel.register(StartPanel.java:99)
	at org.example.panels.StartPanel.select(StartPanel.java:69)
	at org.example.Run.execute(Run.java:9)
	at org.example.Main.main(Main.java:10)
Caused by: org.postgresql.util.PSQLException: ERROR: column "dtype" of relation "users" contains null values
	at org.postgresql.core.v3.QueryExecutorImpl.receiveErrorResponse(QueryExecutorImpl.java:2676)
	at org.postgresql.core.v3.QueryExecutorImpl.processResults(QueryExecutorImpl.java:2366)
	at org.postgresql.core.v3.QueryExecutorImpl.execute(QueryExecutorImpl.java:356)
	at org.postgresql.jdbc.PgStatement.executeInternal(PgStatement.java:496)
	at org.postgresql.jdbc.PgStatement.execute(PgStatement.java:413)
	at org.postgresql.jdbc.PgStatement.executeWithFlags(PgStatement.java:333)
	at org.postgresql.jdbc.PgStatement.executeCachedSql(PgStatement.java:319)
	at org.postgresql.jdbc.PgStatement.executeWithFlags(PgStatement.java:295)
	at org.postgresql.jdbc.PgStatement.execute(PgStatement.java:290)
	at org.hibernate.tool.schema.internal.exec.GenerationTargetToDatabase.accept(GenerationTargetToDatabase.java:54)
	... 21 common frames omitted
22:39:45.431 INFO  o.h.e.t.j.p.i.JtaPlatformInitiator - HHH000490: Using JtaPlatform implementation: [org.hibernate.engine.transaction.jta.platform.internal.NoJtaPlatform]
22:41:22.075 INFO  org.hibernate.Version - HHH000412: Hibernate ORM core version 5.6.7.Final
22:41:22.221 WARN  org.hibernate.orm.deprecation - HHH90000012: Recognized obsolete hibernate namespace http://hibernate.sourceforge.net/hibernate-configuration. Use namespace http://www.hibernate.org/dtd/hibernate-configuration instead.  Support for obsolete DTD/XSD namespaces may be removed at any time.
22:41:22.474 INFO  o.h.annotations.common.Version - HCANN000001: Hibernate Commons Annotations {5.1.2.Final}
22:41:22.577 WARN  o.hibernate.orm.connections.pooling - HHH10001002: Using Hibernate built-in connection pool (not for production use!)
22:41:22.582 INFO  o.hibernate.orm.connections.pooling - HHH10001005: using driver [org.postgresql.Driver] at URL [jdbc:postgresql://localhost:5432/finalproject]
22:41:22.583 INFO  o.hibernate.orm.connections.pooling - HHH10001001: Connection properties: {password=****, pool_size=1, user=omid}
22:41:22.583 INFO  o.hibernate.orm.connections.pooling - HHH10001003: Autocommit mode: false
22:41:22.586 INFO  o.h.e.j.c.i.DriverManagerConnectionProviderImpl - HHH000115: Hibernate connection pool size: 20 (min=1)
22:41:22.699 INFO  org.hibernate.dialect.Dialect - HHH000400: Using dialect: org.hibernate.dialect.PostgreSQLDialect
22:41:22.832 WARN  org.hibernate.cfg.AnnotationBinder - HHH000139: Illegal use of @Table in a subclass of a SINGLE_TABLE hierarchy: org.example.entity.Expert
22:41:23.280 INFO  org.hibernate.orm.connections.access - HHH10001501: Connection obtained from JdbcConnectionAccess [org.hibernate.engine.jdbc.env.internal.JdbcEnvironmentInitiator$ConnectionProviderJdbcConnectionAccess@71adfedd] for (non-JTA) DDL execution was not in auto-commit mode; the Connection 'local transaction' will be committed and the Connection will be set into auto-commit mode.
22:41:23.308 WARN  o.h.t.s.i.ExceptionHandlerLoggedImpl - GenerationTarget encountered exception accepting command : Error executing DDL "alter table users add column DTYPE varchar(31) not null" via JDBC Statement
org.hibernate.tool.schema.spi.CommandAcceptanceException: Error executing DDL "alter table users add column DTYPE varchar(31) not null" via JDBC Statement
	at org.hibernate.tool.schema.internal.exec.GenerationTargetToDatabase.accept(GenerationTargetToDatabase.java:67)
	at org.hibernate.tool.schema.internal.AbstractSchemaMigrator.applySqlString(AbstractSchemaMigrator.java:581)
	at org.hibernate.tool.schema.internal.AbstractSchemaMigrator.applySqlStrings(AbstractSchemaMigrator.java:602)
	at org.hibernate.tool.schema.internal.AbstractSchemaMigrator.migrateTable(AbstractSchemaMigrator.java:314)
	at org.hibernate.tool.schema.internal.GroupedSchemaMigratorImpl.performTablesMigration(GroupedSchemaMigratorImpl.java:78)
	at org.hibernate.tool.schema.internal.AbstractSchemaMigrator.performMigration(AbstractSchemaMigrator.java:220)
	at org.hibernate.tool.schema.internal.AbstractSchemaMigrator.doMigration(AbstractSchemaMigrator.java:123)
	at org.hibernate.tool.schema.spi.SchemaManagementToolCoordinator.performDatabaseAction(SchemaManagementToolCoordinator.java:196)
	at org.hibernate.tool.schema.spi.SchemaManagementToolCoordinator.process(SchemaManagementToolCoordinator.java:85)
	at org.hibernate.internal.SessionFactoryImpl.<init>(SessionFactoryImpl.java:335)
	at org.hibernate.boot.internal.SessionFactoryBuilderImpl.build(SessionFactoryBuilderImpl.java:471)
	at org.hibernate.boot.internal.MetadataImpl.buildSessionFactory(MetadataImpl.java:200)
	at org.example.DataBaseConnection.SingleTonConnection$LazyHolder.<clinit>(SingleTonConnection.java:28)
	at org.example.DataBaseConnection.SingleTonConnection.getInstance(SingleTonConnection.java:32)
	at org.example.repository.RepositoryImpl.findAll(RepositoryImpl.java:63)
	at org.example.services.ServiceImpl.findAll(ServiceImpl.java:31)
	at org.example.panels.AdminPanel.showAllServices(AdminPanel.java:125)
	at org.example.panels.StartPanel.selectService(StartPanel.java:122)
	at org.example.panels.StartPanel.register(StartPanel.java:99)
	at org.example.panels.StartPanel.select(StartPanel.java:69)
	at org.example.Run.execute(Run.java:9)
	at org.example.Main.main(Main.java:10)
Caused by: org.postgresql.util.PSQLException: ERROR: column "dtype" of relation "users" contains null values
	at org.postgresql.core.v3.QueryExecutorImpl.receiveErrorResponse(QueryExecutorImpl.java:2676)
	at org.postgresql.core.v3.QueryExecutorImpl.processResults(QueryExecutorImpl.java:2366)
	at org.postgresql.core.v3.QueryExecutorImpl.execute(QueryExecutorImpl.java:356)
	at org.postgresql.jdbc.PgStatement.executeInternal(PgStatement.java:496)
	at org.postgresql.jdbc.PgStatement.execute(PgStatement.java:413)
	at org.postgresql.jdbc.PgStatement.executeWithFlags(PgStatement.java:333)
	at org.postgresql.jdbc.PgStatement.executeCachedSql(PgStatement.java:319)
	at org.postgresql.jdbc.PgStatement.executeWithFlags(PgStatement.java:295)
	at org.postgresql.jdbc.PgStatement.execute(PgStatement.java:290)
	at org.hibernate.tool.schema.internal.exec.GenerationTargetToDatabase.accept(GenerationTargetToDatabase.java:54)
	... 21 common frames omitted
22:41:23.336 INFO  o.h.e.t.j.p.i.JtaPlatformInitiator - HHH000490: Using JtaPlatform implementation: [org.hibernate.engine.transaction.jta.platform.internal.NoJtaPlatform]
22:45:11.144 INFO  org.hibernate.Version - HHH000412: Hibernate ORM core version 5.6.7.Final
22:45:32.715 INFO  org.hibernate.Version - HHH000412: Hibernate ORM core version 5.6.7.Final
22:45:32.883 WARN  org.hibernate.orm.deprecation - HHH90000012: Recognized obsolete hibernate namespace http://hibernate.sourceforge.net/hibernate-configuration. Use namespace http://www.hibernate.org/dtd/hibernate-configuration instead.  Support for obsolete DTD/XSD namespaces may be removed at any time.
22:45:33.125 INFO  o.h.annotations.common.Version - HCANN000001: Hibernate Commons Annotations {5.1.2.Final}
22:45:33.221 WARN  o.hibernate.orm.connections.pooling - HHH10001002: Using Hibernate built-in connection pool (not for production use!)
22:45:33.226 INFO  o.hibernate.orm.connections.pooling - HHH10001005: using driver [org.postgresql.Driver] at URL [jdbc:postgresql://localhost:5432/finalproject]
22:45:33.227 INFO  o.hibernate.orm.connections.pooling - HHH10001001: Connection properties: {password=****, pool_size=1, user=omid}
22:45:33.227 INFO  o.hibernate.orm.connections.pooling - HHH10001003: Autocommit mode: false
22:45:33.230 INFO  o.h.e.j.c.i.DriverManagerConnectionProviderImpl - HHH000115: Hibernate connection pool size: 20 (min=1)
22:45:33.324 INFO  org.hibernate.dialect.Dialect - HHH000400: Using dialect: org.hibernate.dialect.PostgreSQLDialect
22:45:33.493 WARN  org.hibernate.cfg.AnnotationBinder - HHH000139: Illegal use of @Table in a subclass of a SINGLE_TABLE hierarchy: org.example.entity.Expert
22:45:34.011 INFO  org.hibernate.orm.connections.access - HHH10001501: Connection obtained from JdbcConnectionAccess [org.hibernate.engine.jdbc.env.internal.JdbcEnvironmentInitiator$ConnectionProviderJdbcConnectionAccess@756aadfc] for (non-JTA) DDL execution was not in auto-commit mode; the Connection 'local transaction' will be committed and the Connection will be set into auto-commit mode.
22:45:34.040 WARN  o.h.t.s.i.ExceptionHandlerLoggedImpl - GenerationTarget encountered exception accepting command : Error executing DDL "alter table users add column DTYPE varchar(31) not null" via JDBC Statement
org.hibernate.tool.schema.spi.CommandAcceptanceException: Error executing DDL "alter table users add column DTYPE varchar(31) not null" via JDBC Statement
	at org.hibernate.tool.schema.internal.exec.GenerationTargetToDatabase.accept(GenerationTargetToDatabase.java:67)
	at org.hibernate.tool.schema.internal.AbstractSchemaMigrator.applySqlString(AbstractSchemaMigrator.java:581)
	at org.hibernate.tool.schema.internal.AbstractSchemaMigrator.applySqlStrings(AbstractSchemaMigrator.java:602)
	at org.hibernate.tool.schema.internal.AbstractSchemaMigrator.migrateTable(AbstractSchemaMigrator.java:314)
	at org.hibernate.tool.schema.internal.GroupedSchemaMigratorImpl.performTablesMigration(GroupedSchemaMigratorImpl.java:78)
	at org.hibernate.tool.schema.internal.AbstractSchemaMigrator.performMigration(AbstractSchemaMigrator.java:220)
	at org.hibernate.tool.schema.internal.AbstractSchemaMigrator.doMigration(AbstractSchemaMigrator.java:123)
	at org.hibernate.tool.schema.spi.SchemaManagementToolCoordinator.performDatabaseAction(SchemaManagementToolCoordinator.java:196)
	at org.hibernate.tool.schema.spi.SchemaManagementToolCoordinator.process(SchemaManagementToolCoordinator.java:85)
	at org.hibernate.internal.SessionFactoryImpl.<init>(SessionFactoryImpl.java:335)
	at org.hibernate.boot.internal.SessionFactoryBuilderImpl.build(SessionFactoryBuilderImpl.java:471)
	at org.hibernate.boot.internal.MetadataImpl.buildSessionFactory(MetadataImpl.java:200)
	at org.example.DataBaseConnection.SingleTonConnection$LazyHolder.<clinit>(SingleTonConnection.java:28)
	at org.example.DataBaseConnection.SingleTonConnection.getInstance(SingleTonConnection.java:32)
	at org.example.repository.RepositoryImpl.findAll(RepositoryImpl.java:63)
	at org.example.services.ServiceImpl.findAll(ServiceImpl.java:31)
	at org.example.panels.AdminPanel.showAllServices(AdminPanel.java:125)
	at org.example.panels.StartPanel.selectService(StartPanel.java:122)
	at org.example.panels.StartPanel.register(StartPanel.java:99)
	at org.example.panels.StartPanel.select(StartPanel.java:69)
	at org.example.Run.execute(Run.java:9)
	at org.example.Main.main(Main.java:10)
Caused by: org.postgresql.util.PSQLException: ERROR: column "dtype" of relation "users" contains null values
	at org.postgresql.core.v3.QueryExecutorImpl.receiveErrorResponse(QueryExecutorImpl.java:2676)
	at org.postgresql.core.v3.QueryExecutorImpl.processResults(QueryExecutorImpl.java:2366)
	at org.postgresql.core.v3.QueryExecutorImpl.execute(QueryExecutorImpl.java:356)
	at org.postgresql.jdbc.PgStatement.executeInternal(PgStatement.java:496)
	at org.postgresql.jdbc.PgStatement.execute(PgStatement.java:413)
	at org.postgresql.jdbc.PgStatement.executeWithFlags(PgStatement.java:333)
	at org.postgresql.jdbc.PgStatement.executeCachedSql(PgStatement.java:319)
	at org.postgresql.jdbc.PgStatement.executeWithFlags(PgStatement.java:295)
	at org.postgresql.jdbc.PgStatement.execute(PgStatement.java:290)
	at org.hibernate.tool.schema.internal.exec.GenerationTargetToDatabase.accept(GenerationTargetToDatabase.java:54)
	... 21 common frames omitted
22:45:34.067 INFO  o.h.e.t.j.p.i.JtaPlatformInitiator - HHH000490: Using JtaPlatform implementation: [org.hibernate.engine.transaction.jta.platform.internal.NoJtaPlatform]
22:46:27.954 INFO  org.hibernate.Version - HHH000412: Hibernate ORM core version 5.6.7.Final
22:46:28.081 WARN  org.hibernate.orm.deprecation - HHH90000012: Recognized obsolete hibernate namespace http://hibernate.sourceforge.net/hibernate-configuration. Use namespace http://www.hibernate.org/dtd/hibernate-configuration instead.  Support for obsolete DTD/XSD namespaces may be removed at any time.
22:46:28.294 INFO  o.h.annotations.common.Version - HCANN000001: Hibernate Commons Annotations {5.1.2.Final}
22:46:28.369 WARN  o.hibernate.orm.connections.pooling - HHH10001002: Using Hibernate built-in connection pool (not for production use!)
22:46:28.372 INFO  o.hibernate.orm.connections.pooling - HHH10001005: using driver [org.postgresql.Driver] at URL [jdbc:postgresql://localhost:5432/finalproject]
22:46:28.372 INFO  o.hibernate.orm.connections.pooling - HHH10001001: Connection properties: {password=****, pool_size=1, user=omid}
22:46:28.372 INFO  o.hibernate.orm.connections.pooling - HHH10001003: Autocommit mode: false
22:46:28.374 INFO  o.h.e.j.c.i.DriverManagerConnectionProviderImpl - HHH000115: Hibernate connection pool size: 20 (min=1)
22:46:28.450 INFO  org.hibernate.dialect.Dialect - HHH000400: Using dialect: org.hibernate.dialect.PostgreSQLDialect
22:46:28.583 WARN  org.hibernate.cfg.AnnotationBinder - HHH000139: Illegal use of @Table in a subclass of a SINGLE_TABLE hierarchy: org.example.entity.Expert
22:46:29.003 INFO  org.hibernate.orm.connections.access - HHH10001501: Connection obtained from JdbcConnectionAccess [org.hibernate.engine.jdbc.env.internal.JdbcEnvironmentInitiator$ConnectionProviderJdbcConnectionAccess@14fded9d] for (non-JTA) DDL execution was not in auto-commit mode; the Connection 'local transaction' will be committed and the Connection will be set into auto-commit mode.
22:46:29.039 WARN  o.h.t.s.i.ExceptionHandlerLoggedImpl - GenerationTarget encountered exception accepting command : Error executing DDL "alter table users add column DTYPE varchar(31) not null" via JDBC Statement
org.hibernate.tool.schema.spi.CommandAcceptanceException: Error executing DDL "alter table users add column DTYPE varchar(31) not null" via JDBC Statement
	at org.hibernate.tool.schema.internal.exec.GenerationTargetToDatabase.accept(GenerationTargetToDatabase.java:67)
	at org.hibernate.tool.schema.internal.AbstractSchemaMigrator.applySqlString(AbstractSchemaMigrator.java:581)
	at org.hibernate.tool.schema.internal.AbstractSchemaMigrator.applySqlStrings(AbstractSchemaMigrator.java:602)
	at org.hibernate.tool.schema.internal.AbstractSchemaMigrator.migrateTable(AbstractSchemaMigrator.java:314)
	at org.hibernate.tool.schema.internal.GroupedSchemaMigratorImpl.performTablesMigration(GroupedSchemaMigratorImpl.java:78)
	at org.hibernate.tool.schema.internal.AbstractSchemaMigrator.performMigration(AbstractSchemaMigrator.java:220)
	at org.hibernate.tool.schema.internal.AbstractSchemaMigrator.doMigration(AbstractSchemaMigrator.java:123)
	at org.hibernate.tool.schema.spi.SchemaManagementToolCoordinator.performDatabaseAction(SchemaManagementToolCoordinator.java:196)
	at org.hibernate.tool.schema.spi.SchemaManagementToolCoordinator.process(SchemaManagementToolCoordinator.java:85)
	at org.hibernate.internal.SessionFactoryImpl.<init>(SessionFactoryImpl.java:335)
	at org.hibernate.boot.internal.SessionFactoryBuilderImpl.build(SessionFactoryBuilderImpl.java:471)
	at org.hibernate.boot.internal.MetadataImpl.buildSessionFactory(MetadataImpl.java:200)
	at org.example.DataBaseConnection.SingleTonConnection$LazyHolder.<clinit>(SingleTonConnection.java:28)
	at org.example.DataBaseConnection.SingleTonConnection.getInstance(SingleTonConnection.java:32)
	at org.example.repository.AdminRepository.login(AdminRepository.java:15)
	at org.example.services.AdminService.login(AdminService.java:8)
	at org.example.panels.StartPanel.select(StartPanel.java:53)
	at org.example.Run.execute(Run.java:9)
	at org.example.Main.main(Main.java:10)
Caused by: org.postgresql.util.PSQLException: ERROR: column "dtype" of relation "users" contains null values
	at org.postgresql.core.v3.QueryExecutorImpl.receiveErrorResponse(QueryExecutorImpl.java:2676)
	at org.postgresql.core.v3.QueryExecutorImpl.processResults(QueryExecutorImpl.java:2366)
	at org.postgresql.core.v3.QueryExecutorImpl.execute(QueryExecutorImpl.java:356)
	at org.postgresql.jdbc.PgStatement.executeInternal(PgStatement.java:496)
	at org.postgresql.jdbc.PgStatement.execute(PgStatement.java:413)
	at org.postgresql.jdbc.PgStatement.executeWithFlags(PgStatement.java:333)
	at org.postgresql.jdbc.PgStatement.executeCachedSql(PgStatement.java:319)
	at org.postgresql.jdbc.PgStatement.executeWithFlags(PgStatement.java:295)
	at org.postgresql.jdbc.PgStatement.execute(PgStatement.java:290)
	at org.hibernate.tool.schema.internal.exec.GenerationTargetToDatabase.accept(GenerationTargetToDatabase.java:54)
	... 18 common frames omitted
22:46:29.047 INFO  o.h.e.t.j.p.i.JtaPlatformInitiator - HHH000490: Using JtaPlatform implementation: [org.hibernate.engine.transaction.jta.platform.internal.NoJtaPlatform]
22:46:29.124 INFO  org.example.panels.StartPanel - User root Logged in successfully 
22:46:44.680 INFO  org.example.panels.AdminPanel - services org.example.entity.Services@15fb4566 added into database 
22:47:37.419 INFO  org.example.panels.AdminPanel - services org.example.entity.Services@11d2dd2d added into database 
22:48:13.003 INFO  org.hibernate.Version - HHH000412: Hibernate ORM core version 5.6.7.Final
22:48:13.165 WARN  org.hibernate.orm.deprecation - HHH90000012: Recognized obsolete hibernate namespace http://hibernate.sourceforge.net/hibernate-configuration. Use namespace http://www.hibernate.org/dtd/hibernate-configuration instead.  Support for obsolete DTD/XSD namespaces may be removed at any time.
22:48:13.438 INFO  o.h.annotations.common.Version - HCANN000001: Hibernate Commons Annotations {5.1.2.Final}
22:48:13.529 WARN  o.hibernate.orm.connections.pooling - HHH10001002: Using Hibernate built-in connection pool (not for production use!)
22:48:13.534 INFO  o.hibernate.orm.connections.pooling - HHH10001005: using driver [org.postgresql.Driver] at URL [jdbc:postgresql://localhost:5432/finalproject]
22:48:13.534 INFO  o.hibernate.orm.connections.pooling - HHH10001001: Connection properties: {password=****, pool_size=1, user=omid}
22:48:13.535 INFO  o.hibernate.orm.connections.pooling - HHH10001003: Autocommit mode: false
22:48:13.537 INFO  o.h.e.j.c.i.DriverManagerConnectionProviderImpl - HHH000115: Hibernate connection pool size: 20 (min=1)
22:48:13.628 INFO  org.hibernate.dialect.Dialect - HHH000400: Using dialect: org.hibernate.dialect.PostgreSQLDialect
22:48:13.801 WARN  org.hibernate.cfg.AnnotationBinder - HHH000139: Illegal use of @Table in a subclass of a SINGLE_TABLE hierarchy: org.example.entity.Expert
22:48:14.321 INFO  org.hibernate.orm.connections.access - HHH10001501: Connection obtained from JdbcConnectionAccess [org.hibernate.engine.jdbc.env.internal.JdbcEnvironmentInitiator$ConnectionProviderJdbcConnectionAccess@6824b913] for (non-JTA) DDL execution was not in auto-commit mode; the Connection 'local transaction' will be committed and the Connection will be set into auto-commit mode.
22:48:14.352 WARN  o.h.t.s.i.ExceptionHandlerLoggedImpl - GenerationTarget encountered exception accepting command : Error executing DDL "alter table users add column DTYPE varchar(31) not null" via JDBC Statement
org.hibernate.tool.schema.spi.CommandAcceptanceException: Error executing DDL "alter table users add column DTYPE varchar(31) not null" via JDBC Statement
	at org.hibernate.tool.schema.internal.exec.GenerationTargetToDatabase.accept(GenerationTargetToDatabase.java:67)
	at org.hibernate.tool.schema.internal.AbstractSchemaMigrator.applySqlString(AbstractSchemaMigrator.java:581)
	at org.hibernate.tool.schema.internal.AbstractSchemaMigrator.applySqlStrings(AbstractSchemaMigrator.java:602)
	at org.hibernate.tool.schema.internal.AbstractSchemaMigrator.migrateTable(AbstractSchemaMigrator.java:314)
	at org.hibernate.tool.schema.internal.GroupedSchemaMigratorImpl.performTablesMigration(GroupedSchemaMigratorImpl.java:78)
	at org.hibernate.tool.schema.internal.AbstractSchemaMigrator.performMigration(AbstractSchemaMigrator.java:220)
	at org.hibernate.tool.schema.internal.AbstractSchemaMigrator.doMigration(AbstractSchemaMigrator.java:123)
	at org.hibernate.tool.schema.spi.SchemaManagementToolCoordinator.performDatabaseAction(SchemaManagementToolCoordinator.java:196)
	at org.hibernate.tool.schema.spi.SchemaManagementToolCoordinator.process(SchemaManagementToolCoordinator.java:85)
	at org.hibernate.internal.SessionFactoryImpl.<init>(SessionFactoryImpl.java:335)
	at org.hibernate.boot.internal.SessionFactoryBuilderImpl.build(SessionFactoryBuilderImpl.java:471)
	at org.hibernate.boot.internal.MetadataImpl.buildSessionFactory(MetadataImpl.java:200)
	at org.example.DataBaseConnection.SingleTonConnection$LazyHolder.<clinit>(SingleTonConnection.java:28)
	at org.example.DataBaseConnection.SingleTonConnection.getInstance(SingleTonConnection.java:32)
	at org.example.repository.RepositoryImpl.findAll(RepositoryImpl.java:63)
	at org.example.services.ServiceImpl.findAll(ServiceImpl.java:31)
	at org.example.panels.AdminPanel.showAllServices(AdminPanel.java:125)
	at org.example.panels.StartPanel.selectService(StartPanel.java:122)
	at org.example.panels.StartPanel.register(StartPanel.java:99)
	at org.example.panels.StartPanel.select(StartPanel.java:69)
	at org.example.Run.execute(Run.java:9)
	at org.example.Main.main(Main.java:10)
Caused by: org.postgresql.util.PSQLException: ERROR: column "dtype" of relation "users" contains null values
	at org.postgresql.core.v3.QueryExecutorImpl.receiveErrorResponse(QueryExecutorImpl.java:2676)
	at org.postgresql.core.v3.QueryExecutorImpl.processResults(QueryExecutorImpl.java:2366)
	at org.postgresql.core.v3.QueryExecutorImpl.execute(QueryExecutorImpl.java:356)
	at org.postgresql.jdbc.PgStatement.executeInternal(PgStatement.java:496)
	at org.postgresql.jdbc.PgStatement.execute(PgStatement.java:413)
	at org.postgresql.jdbc.PgStatement.executeWithFlags(PgStatement.java:333)
	at org.postgresql.jdbc.PgStatement.executeCachedSql(PgStatement.java:319)
	at org.postgresql.jdbc.PgStatement.executeWithFlags(PgStatement.java:295)
	at org.postgresql.jdbc.PgStatement.execute(PgStatement.java:290)
	at org.hibernate.tool.schema.internal.exec.GenerationTargetToDatabase.accept(GenerationTargetToDatabase.java:54)
	... 21 common frames omitted
22:48:14.380 INFO  o.h.e.t.j.p.i.JtaPlatformInitiator - HHH000490: Using JtaPlatform implementation: [org.hibernate.engine.transaction.jta.platform.internal.NoJtaPlatform]
22:54:43.276 INFO  org.hibernate.Version - HHH000412: Hibernate ORM core version 5.6.7.Final
22:55:05.547 INFO  org.hibernate.Version - HHH000412: Hibernate ORM core version 5.6.7.Final
22:55:25.251 INFO  org.hibernate.Version - HHH000412: Hibernate ORM core version 5.6.7.Final
22:55:25.384 WARN  org.hibernate.orm.deprecation - HHH90000012: Recognized obsolete hibernate namespace http://hibernate.sourceforge.net/hibernate-configuration. Use namespace http://www.hibernate.org/dtd/hibernate-configuration instead.  Support for obsolete DTD/XSD namespaces may be removed at any time.
22:55:25.591 INFO  o.h.annotations.common.Version - HCANN000001: Hibernate Commons Annotations {5.1.2.Final}
22:55:25.666 WARN  o.hibernate.orm.connections.pooling - HHH10001002: Using Hibernate built-in connection pool (not for production use!)
22:55:25.669 INFO  o.hibernate.orm.connections.pooling - HHH10001005: using driver [org.postgresql.Driver] at URL [jdbc:postgresql://localhost:5432/finalproject]
22:55:25.670 INFO  o.hibernate.orm.connections.pooling - HHH10001001: Connection properties: {password=****, pool_size=1, user=omid}
22:55:25.670 INFO  o.hibernate.orm.connections.pooling - HHH10001003: Autocommit mode: false
22:55:25.672 INFO  o.h.e.j.c.i.DriverManagerConnectionProviderImpl - HHH000115: Hibernate connection pool size: 20 (min=1)
22:55:25.752 INFO  org.hibernate.dialect.Dialect - HHH000400: Using dialect: org.hibernate.dialect.PostgreSQLDialect
22:55:25.883 WARN  org.hibernate.cfg.AnnotationBinder - HHH000139: Illegal use of @Table in a subclass of a SINGLE_TABLE hierarchy: org.example.entity.Expert
22:55:26.309 INFO  org.hibernate.orm.connections.access - HHH10001501: Connection obtained from JdbcConnectionAccess [org.hibernate.engine.jdbc.env.internal.JdbcEnvironmentInitiator$ConnectionProviderJdbcConnectionAccess@756aadfc] for (non-JTA) DDL execution was not in auto-commit mode; the Connection 'local transaction' will be committed and the Connection will be set into auto-commit mode.
22:55:26.335 WARN  o.h.t.s.i.ExceptionHandlerLoggedImpl - GenerationTarget encountered exception accepting command : Error executing DDL "alter table users add column DTYPE varchar(31) not null" via JDBC Statement
org.hibernate.tool.schema.spi.CommandAcceptanceException: Error executing DDL "alter table users add column DTYPE varchar(31) not null" via JDBC Statement
	at org.hibernate.tool.schema.internal.exec.GenerationTargetToDatabase.accept(GenerationTargetToDatabase.java:67)
	at org.hibernate.tool.schema.internal.AbstractSchemaMigrator.applySqlString(AbstractSchemaMigrator.java:581)
	at org.hibernate.tool.schema.internal.AbstractSchemaMigrator.applySqlStrings(AbstractSchemaMigrator.java:602)
	at org.hibernate.tool.schema.internal.AbstractSchemaMigrator.migrateTable(AbstractSchemaMigrator.java:314)
	at org.hibernate.tool.schema.internal.GroupedSchemaMigratorImpl.performTablesMigration(GroupedSchemaMigratorImpl.java:78)
	at org.hibernate.tool.schema.internal.AbstractSchemaMigrator.performMigration(AbstractSchemaMigrator.java:220)
	at org.hibernate.tool.schema.internal.AbstractSchemaMigrator.doMigration(AbstractSchemaMigrator.java:123)
	at org.hibernate.tool.schema.spi.SchemaManagementToolCoordinator.performDatabaseAction(SchemaManagementToolCoordinator.java:196)
	at org.hibernate.tool.schema.spi.SchemaManagementToolCoordinator.process(SchemaManagementToolCoordinator.java:85)
	at org.hibernate.internal.SessionFactoryImpl.<init>(SessionFactoryImpl.java:335)
	at org.hibernate.boot.internal.SessionFactoryBuilderImpl.build(SessionFactoryBuilderImpl.java:471)
	at org.hibernate.boot.internal.MetadataImpl.buildSessionFactory(MetadataImpl.java:200)
	at org.example.DataBaseConnection.SingleTonConnection$LazyHolder.<clinit>(SingleTonConnection.java:28)
	at org.example.DataBaseConnection.SingleTonConnection.getInstance(SingleTonConnection.java:32)
	at org.example.repository.RepositoryImpl.findAll(RepositoryImpl.java:63)
	at org.example.services.ServiceImpl.findAll(ServiceImpl.java:31)
	at org.example.panels.AdminPanel.showAllServices(AdminPanel.java:125)
	at org.example.panels.StartPanel.selectService(StartPanel.java:122)
	at org.example.panels.StartPanel.register(StartPanel.java:99)
	at org.example.panels.StartPanel.select(StartPanel.java:69)
	at org.example.Run.execute(Run.java:9)
	at org.example.Main.main(Main.java:10)
Caused by: org.postgresql.util.PSQLException: ERROR: column "dtype" of relation "users" contains null values
	at org.postgresql.core.v3.QueryExecutorImpl.receiveErrorResponse(QueryExecutorImpl.java:2676)
	at org.postgresql.core.v3.QueryExecutorImpl.processResults(QueryExecutorImpl.java:2366)
	at org.postgresql.core.v3.QueryExecutorImpl.execute(QueryExecutorImpl.java:356)
	at org.postgresql.jdbc.PgStatement.executeInternal(PgStatement.java:496)
	at org.postgresql.jdbc.PgStatement.execute(PgStatement.java:413)
	at org.postgresql.jdbc.PgStatement.executeWithFlags(PgStatement.java:333)
	at org.postgresql.jdbc.PgStatement.executeCachedSql(PgStatement.java:319)
	at org.postgresql.jdbc.PgStatement.executeWithFlags(PgStatement.java:295)
	at org.postgresql.jdbc.PgStatement.execute(PgStatement.java:290)
	at org.hibernate.tool.schema.internal.exec.GenerationTargetToDatabase.accept(GenerationTargetToDatabase.java:54)
	... 21 common frames omitted
22:55:26.362 INFO  o.h.e.t.j.p.i.JtaPlatformInitiator - HHH000490: Using JtaPlatform implementation: [org.hibernate.engine.transaction.jta.platform.internal.NoJtaPlatform]
22:55:28.953 WARN  o.h.e.jdbc.spi.SqlExceptionHelper - SQL Error: 0, SQLState: 42703
22:55:28.953 ERROR o.h.e.jdbc.spi.SqlExceptionHelper - ERROR: column "service_id" does not exist
  Hint: Perhaps you meant to reference the column "sub_services.services_id".
  Position: 34
22:55:49.415 INFO  org.hibernate.Version - HHH000412: Hibernate ORM core version 5.6.7.Final
22:57:20.448 INFO  org.hibernate.Version - HHH000412: Hibernate ORM core version 5.6.7.Final
22:58:09.505 INFO  org.hibernate.Version - HHH000412: Hibernate ORM core version 5.6.7.Final
22:58:09.654 WARN  org.hibernate.orm.deprecation - HHH90000012: Recognized obsolete hibernate namespace http://hibernate.sourceforge.net/hibernate-configuration. Use namespace http://www.hibernate.org/dtd/hibernate-configuration instead.  Support for obsolete DTD/XSD namespaces may be removed at any time.
22:58:09.920 INFO  o.h.annotations.common.Version - HCANN000001: Hibernate Commons Annotations {5.1.2.Final}
22:58:10.046 WARN  o.hibernate.orm.connections.pooling - HHH10001002: Using Hibernate built-in connection pool (not for production use!)
22:58:10.050 INFO  o.hibernate.orm.connections.pooling - HHH10001005: using driver [org.postgresql.Driver] at URL [jdbc:postgresql://localhost:5432/finalproject]
22:58:10.051 INFO  o.hibernate.orm.connections.pooling - HHH10001001: Connection properties: {password=****, pool_size=1, user=omid}
22:58:10.051 INFO  o.hibernate.orm.connections.pooling - HHH10001003: Autocommit mode: false
22:58:10.053 INFO  o.h.e.j.c.i.DriverManagerConnectionProviderImpl - HHH000115: Hibernate connection pool size: 20 (min=1)
22:58:10.159 INFO  org.hibernate.dialect.Dialect - HHH000400: Using dialect: org.hibernate.dialect.PostgreSQLDialect
22:58:10.295 WARN  org.hibernate.cfg.AnnotationBinder - HHH000139: Illegal use of @Table in a subclass of a SINGLE_TABLE hierarchy: org.example.entity.Expert
22:58:10.795 INFO  org.hibernate.orm.connections.access - HHH10001501: Connection obtained from JdbcConnectionAccess [org.hibernate.engine.jdbc.env.internal.JdbcEnvironmentInitiator$ConnectionProviderJdbcConnectionAccess@14fded9d] for (non-JTA) DDL execution was not in auto-commit mode; the Connection 'local transaction' will be committed and the Connection will be set into auto-commit mode.
22:58:10.822 WARN  o.h.t.s.i.ExceptionHandlerLoggedImpl - GenerationTarget encountered exception accepting command : Error executing DDL "alter table users add column DTYPE varchar(31) not null" via JDBC Statement
org.hibernate.tool.schema.spi.CommandAcceptanceException: Error executing DDL "alter table users add column DTYPE varchar(31) not null" via JDBC Statement
	at org.hibernate.tool.schema.internal.exec.GenerationTargetToDatabase.accept(GenerationTargetToDatabase.java:67)
	at org.hibernate.tool.schema.internal.AbstractSchemaMigrator.applySqlString(AbstractSchemaMigrator.java:581)
	at org.hibernate.tool.schema.internal.AbstractSchemaMigrator.applySqlStrings(AbstractSchemaMigrator.java:602)
	at org.hibernate.tool.schema.internal.AbstractSchemaMigrator.migrateTable(AbstractSchemaMigrator.java:314)
	at org.hibernate.tool.schema.internal.GroupedSchemaMigratorImpl.performTablesMigration(GroupedSchemaMigratorImpl.java:78)
	at org.hibernate.tool.schema.internal.AbstractSchemaMigrator.performMigration(AbstractSchemaMigrator.java:220)
	at org.hibernate.tool.schema.internal.AbstractSchemaMigrator.doMigration(AbstractSchemaMigrator.java:123)
	at org.hibernate.tool.schema.spi.SchemaManagementToolCoordinator.performDatabaseAction(SchemaManagementToolCoordinator.java:196)
	at org.hibernate.tool.schema.spi.SchemaManagementToolCoordinator.process(SchemaManagementToolCoordinator.java:85)
	at org.hibernate.internal.SessionFactoryImpl.<init>(SessionFactoryImpl.java:335)
	at org.hibernate.boot.internal.SessionFactoryBuilderImpl.build(SessionFactoryBuilderImpl.java:471)
	at org.hibernate.boot.internal.MetadataImpl.buildSessionFactory(MetadataImpl.java:200)
	at org.example.DataBaseConnection.SingleTonConnection$LazyHolder.<clinit>(SingleTonConnection.java:28)
	at org.example.DataBaseConnection.SingleTonConnection.getInstance(SingleTonConnection.java:32)
	at org.example.repository.AdminRepository.login(AdminRepository.java:15)
	at org.example.services.AdminService.login(AdminService.java:8)
	at org.example.panels.StartPanel.select(StartPanel.java:53)
	at org.example.Run.execute(Run.java:9)
	at org.example.Main.main(Main.java:10)
Caused by: org.postgresql.util.PSQLException: ERROR: column "dtype" of relation "users" contains null values
	at org.postgresql.core.v3.QueryExecutorImpl.receiveErrorResponse(QueryExecutorImpl.java:2676)
	at org.postgresql.core.v3.QueryExecutorImpl.processResults(QueryExecutorImpl.java:2366)
	at org.postgresql.core.v3.QueryExecutorImpl.execute(QueryExecutorImpl.java:356)
	at org.postgresql.jdbc.PgStatement.executeInternal(PgStatement.java:496)
	at org.postgresql.jdbc.PgStatement.execute(PgStatement.java:413)
	at org.postgresql.jdbc.PgStatement.executeWithFlags(PgStatement.java:333)
	at org.postgresql.jdbc.PgStatement.executeCachedSql(PgStatement.java:319)
	at org.postgresql.jdbc.PgStatement.executeWithFlags(PgStatement.java:295)
	at org.postgresql.jdbc.PgStatement.execute(PgStatement.java:290)
	at org.hibernate.tool.schema.internal.exec.GenerationTargetToDatabase.accept(GenerationTargetToDatabase.java:54)
	... 18 common frames omitted
22:58:10.852 INFO  o.h.e.t.j.p.i.JtaPlatformInitiator - HHH000490: Using JtaPlatform implementation: [org.hibernate.engine.transaction.jta.platform.internal.NoJtaPlatform]
22:58:10.939 ERROR org.example.panels.StartPanel - wrong username or password
22:58:16.311 WARN  o.h.e.jdbc.spi.SqlExceptionHelper - SQL Error: 0, SQLState: 42703
22:58:16.311 ERROR o.h.e.jdbc.spi.SqlExceptionHelper - ERROR: column "service_id" does not exist
  Hint: Perhaps you meant to reference the column "sub_services.services_id".
  Position: 34
23:01:36.693 INFO  org.hibernate.Version - HHH000412: Hibernate ORM core version 5.6.7.Final
23:01:36.898 WARN  org.hibernate.orm.deprecation - HHH90000012: Recognized obsolete hibernate namespace http://hibernate.sourceforge.net/hibernate-configuration. Use namespace http://www.hibernate.org/dtd/hibernate-configuration instead.  Support for obsolete DTD/XSD namespaces may be removed at any time.
23:01:37.233 INFO  o.h.annotations.common.Version - HCANN000001: Hibernate Commons Annotations {5.1.2.Final}
23:01:37.389 WARN  o.hibernate.orm.connections.pooling - HHH10001002: Using Hibernate built-in connection pool (not for production use!)
23:01:37.395 INFO  o.hibernate.orm.connections.pooling - HHH10001005: using driver [org.postgresql.Driver] at URL [jdbc:postgresql://localhost:5432/finalproject]
23:01:37.397 INFO  o.hibernate.orm.connections.pooling - HHH10001001: Connection properties: {password=****, pool_size=1, user=omid}
23:01:37.397 INFO  o.hibernate.orm.connections.pooling - HHH10001003: Autocommit mode: false
23:01:37.400 INFO  o.h.e.j.c.i.DriverManagerConnectionProviderImpl - HHH000115: Hibernate connection pool size: 20 (min=1)
23:01:37.601 INFO  org.hibernate.dialect.Dialect - HHH000400: Using dialect: org.hibernate.dialect.PostgreSQLDialect
23:01:37.772 WARN  org.hibernate.cfg.AnnotationBinder - HHH000139: Illegal use of @Table in a subclass of a SINGLE_TABLE hierarchy: org.example.entity.Expert
23:01:38.322 INFO  org.hibernate.orm.connections.access - HHH10001501: Connection obtained from JdbcConnectionAccess [org.hibernate.engine.jdbc.env.internal.JdbcEnvironmentInitiator$ConnectionProviderJdbcConnectionAccess@7f4701b1] for (non-JTA) DDL execution was not in auto-commit mode; the Connection 'local transaction' will be committed and the Connection will be set into auto-commit mode.
23:01:38.353 WARN  o.h.t.s.i.ExceptionHandlerLoggedImpl - GenerationTarget encountered exception accepting command : Error executing DDL "alter table users add column DTYPE varchar(31) not null" via JDBC Statement
org.hibernate.tool.schema.spi.CommandAcceptanceException: Error executing DDL "alter table users add column DTYPE varchar(31) not null" via JDBC Statement
	at org.hibernate.tool.schema.internal.exec.GenerationTargetToDatabase.accept(GenerationTargetToDatabase.java:67)
	at org.hibernate.tool.schema.internal.AbstractSchemaMigrator.applySqlString(AbstractSchemaMigrator.java:581)
	at org.hibernate.tool.schema.internal.AbstractSchemaMigrator.applySqlStrings(AbstractSchemaMigrator.java:602)
	at org.hibernate.tool.schema.internal.AbstractSchemaMigrator.migrateTable(AbstractSchemaMigrator.java:314)
	at org.hibernate.tool.schema.internal.GroupedSchemaMigratorImpl.performTablesMigration(GroupedSchemaMigratorImpl.java:78)
	at org.hibernate.tool.schema.internal.AbstractSchemaMigrator.performMigration(AbstractSchemaMigrator.java:220)
	at org.hibernate.tool.schema.internal.AbstractSchemaMigrator.doMigration(AbstractSchemaMigrator.java:123)
	at org.hibernate.tool.schema.spi.SchemaManagementToolCoordinator.performDatabaseAction(SchemaManagementToolCoordinator.java:196)
	at org.hibernate.tool.schema.spi.SchemaManagementToolCoordinator.process(SchemaManagementToolCoordinator.java:85)
	at org.hibernate.internal.SessionFactoryImpl.<init>(SessionFactoryImpl.java:335)
	at org.hibernate.boot.internal.SessionFactoryBuilderImpl.build(SessionFactoryBuilderImpl.java:471)
	at org.hibernate.boot.internal.MetadataImpl.buildSessionFactory(MetadataImpl.java:200)
	at org.example.DataBaseConnection.SingleTonConnection$LazyHolder.<clinit>(SingleTonConnection.java:28)
	at org.example.DataBaseConnection.SingleTonConnection.getInstance(SingleTonConnection.java:32)
	at org.example.repository.RepositoryImpl.findAll(RepositoryImpl.java:63)
	at org.example.services.ServiceImpl.findAll(ServiceImpl.java:31)
	at org.example.panels.AdminPanel.showAllServices(AdminPanel.java:125)
	at org.example.panels.StartPanel.selectService(StartPanel.java:122)
	at org.example.panels.StartPanel.register(StartPanel.java:99)
	at org.example.panels.StartPanel.select(StartPanel.java:69)
	at org.example.Run.execute(Run.java:9)
	at org.example.Main.main(Main.java:10)
Caused by: org.postgresql.util.PSQLException: ERROR: column "dtype" of relation "users" contains null values
	at org.postgresql.core.v3.QueryExecutorImpl.receiveErrorResponse(QueryExecutorImpl.java:2676)
	at org.postgresql.core.v3.QueryExecutorImpl.processResults(QueryExecutorImpl.java:2366)
	at org.postgresql.core.v3.QueryExecutorImpl.execute(QueryExecutorImpl.java:356)
	at org.postgresql.jdbc.PgStatement.executeInternal(PgStatement.java:496)
	at org.postgresql.jdbc.PgStatement.execute(PgStatement.java:413)
	at org.postgresql.jdbc.PgStatement.executeWithFlags(PgStatement.java:333)
	at org.postgresql.jdbc.PgStatement.executeCachedSql(PgStatement.java:319)
	at org.postgresql.jdbc.PgStatement.executeWithFlags(PgStatement.java:295)
	at org.postgresql.jdbc.PgStatement.execute(PgStatement.java:290)
	at org.hibernate.tool.schema.internal.exec.GenerationTargetToDatabase.accept(GenerationTargetToDatabase.java:54)
	... 21 common frames omitted
23:01:38.382 INFO  o.h.e.t.j.p.i.JtaPlatformInitiator - HHH000490: Using JtaPlatform implementation: [org.hibernate.engine.transaction.jta.platform.internal.NoJtaPlatform]
23:04:56.456 INFO  org.hibernate.Version - HHH000412: Hibernate ORM core version 5.6.7.Final
23:04:56.611 WARN  org.hibernate.orm.deprecation - HHH90000012: Recognized obsolete hibernate namespace http://hibernate.sourceforge.net/hibernate-configuration. Use namespace http://www.hibernate.org/dtd/hibernate-configuration instead.  Support for obsolete DTD/XSD namespaces may be removed at any time.
23:04:56.893 INFO  o.h.annotations.common.Version - HCANN000001: Hibernate Commons Annotations {5.1.2.Final}
23:04:57.017 WARN  o.hibernate.orm.connections.pooling - HHH10001002: Using Hibernate built-in connection pool (not for production use!)
23:04:57.021 INFO  o.hibernate.orm.connections.pooling - HHH10001005: using driver [org.postgresql.Driver] at URL [jdbc:postgresql://localhost:5432/finalproject]
23:04:57.021 INFO  o.hibernate.orm.connections.pooling - HHH10001001: Connection properties: {password=****, pool_size=1, user=omid}
23:04:57.022 INFO  o.hibernate.orm.connections.pooling - HHH10001003: Autocommit mode: false
23:04:57.024 INFO  o.h.e.j.c.i.DriverManagerConnectionProviderImpl - HHH000115: Hibernate connection pool size: 20 (min=1)
23:04:57.141 INFO  org.hibernate.dialect.Dialect - HHH000400: Using dialect: org.hibernate.dialect.PostgreSQLDialect
23:04:57.291 WARN  org.hibernate.cfg.AnnotationBinder - HHH000139: Illegal use of @Table in a subclass of a SINGLE_TABLE hierarchy: org.example.entity.Expert
23:04:57.766 INFO  org.hibernate.orm.connections.access - HHH10001501: Connection obtained from JdbcConnectionAccess [org.hibernate.engine.jdbc.env.internal.JdbcEnvironmentInitiator$ConnectionProviderJdbcConnectionAccess@5b5dce5c] for (non-JTA) DDL execution was not in auto-commit mode; the Connection 'local transaction' will be committed and the Connection will be set into auto-commit mode.
23:04:57.792 WARN  o.h.t.s.i.ExceptionHandlerLoggedImpl - GenerationTarget encountered exception accepting command : Error executing DDL "alter table users add column DTYPE varchar(31) not null" via JDBC Statement
org.hibernate.tool.schema.spi.CommandAcceptanceException: Error executing DDL "alter table users add column DTYPE varchar(31) not null" via JDBC Statement
	at org.hibernate.tool.schema.internal.exec.GenerationTargetToDatabase.accept(GenerationTargetToDatabase.java:67)
	at org.hibernate.tool.schema.internal.AbstractSchemaMigrator.applySqlString(AbstractSchemaMigrator.java:581)
	at org.hibernate.tool.schema.internal.AbstractSchemaMigrator.applySqlStrings(AbstractSchemaMigrator.java:602)
	at org.hibernate.tool.schema.internal.AbstractSchemaMigrator.migrateTable(AbstractSchemaMigrator.java:314)
	at org.hibernate.tool.schema.internal.GroupedSchemaMigratorImpl.performTablesMigration(GroupedSchemaMigratorImpl.java:78)
	at org.hibernate.tool.schema.internal.AbstractSchemaMigrator.performMigration(AbstractSchemaMigrator.java:220)
	at org.hibernate.tool.schema.internal.AbstractSchemaMigrator.doMigration(AbstractSchemaMigrator.java:123)
	at org.hibernate.tool.schema.spi.SchemaManagementToolCoordinator.performDatabaseAction(SchemaManagementToolCoordinator.java:196)
	at org.hibernate.tool.schema.spi.SchemaManagementToolCoordinator.process(SchemaManagementToolCoordinator.java:85)
	at org.hibernate.internal.SessionFactoryImpl.<init>(SessionFactoryImpl.java:335)
	at org.hibernate.boot.internal.SessionFactoryBuilderImpl.build(SessionFactoryBuilderImpl.java:471)
	at org.hibernate.boot.internal.MetadataImpl.buildSessionFactory(MetadataImpl.java:200)
	at org.example.DataBaseConnection.SingleTonConnection$LazyHolder.<clinit>(SingleTonConnection.java:28)
	at org.example.DataBaseConnection.SingleTonConnection.getInstance(SingleTonConnection.java:32)
	at org.example.repository.RepositoryImpl.findAll(RepositoryImpl.java:63)
	at org.example.services.ServiceImpl.findAll(ServiceImpl.java:31)
	at org.example.panels.AdminPanel.showAllServices(AdminPanel.java:125)
	at org.example.panels.StartPanel.selectService(StartPanel.java:122)
	at org.example.panels.StartPanel.register(StartPanel.java:99)
	at org.example.panels.StartPanel.select(StartPanel.java:69)
	at org.example.Run.execute(Run.java:9)
	at org.example.Main.main(Main.java:10)
Caused by: org.postgresql.util.PSQLException: ERROR: column "dtype" of relation "users" contains null values
	at org.postgresql.core.v3.QueryExecutorImpl.receiveErrorResponse(QueryExecutorImpl.java:2676)
	at org.postgresql.core.v3.QueryExecutorImpl.processResults(QueryExecutorImpl.java:2366)
	at org.postgresql.core.v3.QueryExecutorImpl.execute(QueryExecutorImpl.java:356)
	at org.postgresql.jdbc.PgStatement.executeInternal(PgStatement.java:496)
	at org.postgresql.jdbc.PgStatement.execute(PgStatement.java:413)
	at org.postgresql.jdbc.PgStatement.executeWithFlags(PgStatement.java:333)
	at org.postgresql.jdbc.PgStatement.executeCachedSql(PgStatement.java:319)
	at org.postgresql.jdbc.PgStatement.executeWithFlags(PgStatement.java:295)
	at org.postgresql.jdbc.PgStatement.execute(PgStatement.java:290)
	at org.hibernate.tool.schema.internal.exec.GenerationTargetToDatabase.accept(GenerationTargetToDatabase.java:54)
	... 21 common frames omitted
23:04:57.816 INFO  o.h.e.t.j.p.i.JtaPlatformInitiator - HHH000490: Using JtaPlatform implementation: [org.hibernate.engine.transaction.jta.platform.internal.NoJtaPlatform]
23:07:17.680 INFO  org.hibernate.Version - HHH000412: Hibernate ORM core version 5.6.7.Final
23:07:17.851 WARN  org.hibernate.orm.deprecation - HHH90000012: Recognized obsolete hibernate namespace http://hibernate.sourceforge.net/hibernate-configuration. Use namespace http://www.hibernate.org/dtd/hibernate-configuration instead.  Support for obsolete DTD/XSD namespaces may be removed at any time.
23:07:18.140 INFO  o.h.annotations.common.Version - HCANN000001: Hibernate Commons Annotations {5.1.2.Final}
23:07:18.257 WARN  o.hibernate.orm.connections.pooling - HHH10001002: Using Hibernate built-in connection pool (not for production use!)
23:07:18.263 INFO  o.hibernate.orm.connections.pooling - HHH10001005: using driver [org.postgresql.Driver] at URL [jdbc:postgresql://localhost:5432/finalproject]
23:07:18.264 INFO  o.hibernate.orm.connections.pooling - HHH10001001: Connection properties: {password=****, pool_size=1, user=omid}
23:07:18.265 INFO  o.hibernate.orm.connections.pooling - HHH10001003: Autocommit mode: false
23:07:18.269 INFO  o.h.e.j.c.i.DriverManagerConnectionProviderImpl - HHH000115: Hibernate connection pool size: 20 (min=1)
23:07:18.389 INFO  org.hibernate.dialect.Dialect - HHH000400: Using dialect: org.hibernate.dialect.PostgreSQLDialect
23:07:18.664 WARN  org.hibernate.cfg.AnnotationBinder - HHH000139: Illegal use of @Table in a subclass of a SINGLE_TABLE hierarchy: org.example.entity.Expert
23:07:19.202 INFO  org.hibernate.orm.connections.access - HHH10001501: Connection obtained from JdbcConnectionAccess [org.hibernate.engine.jdbc.env.internal.JdbcEnvironmentInitiator$ConnectionProviderJdbcConnectionAccess@6824b913] for (non-JTA) DDL execution was not in auto-commit mode; the Connection 'local transaction' will be committed and the Connection will be set into auto-commit mode.
23:07:19.226 WARN  o.h.t.s.i.ExceptionHandlerLoggedImpl - GenerationTarget encountered exception accepting command : Error executing DDL "alter table users add column DTYPE varchar(31) not null" via JDBC Statement
org.hibernate.tool.schema.spi.CommandAcceptanceException: Error executing DDL "alter table users add column DTYPE varchar(31) not null" via JDBC Statement
	at org.hibernate.tool.schema.internal.exec.GenerationTargetToDatabase.accept(GenerationTargetToDatabase.java:67)
	at org.hibernate.tool.schema.internal.AbstractSchemaMigrator.applySqlString(AbstractSchemaMigrator.java:581)
	at org.hibernate.tool.schema.internal.AbstractSchemaMigrator.applySqlStrings(AbstractSchemaMigrator.java:602)
	at org.hibernate.tool.schema.internal.AbstractSchemaMigrator.migrateTable(AbstractSchemaMigrator.java:314)
	at org.hibernate.tool.schema.internal.GroupedSchemaMigratorImpl.performTablesMigration(GroupedSchemaMigratorImpl.java:78)
	at org.hibernate.tool.schema.internal.AbstractSchemaMigrator.performMigration(AbstractSchemaMigrator.java:220)
	at org.hibernate.tool.schema.internal.AbstractSchemaMigrator.doMigration(AbstractSchemaMigrator.java:123)
	at org.hibernate.tool.schema.spi.SchemaManagementToolCoordinator.performDatabaseAction(SchemaManagementToolCoordinator.java:196)
	at org.hibernate.tool.schema.spi.SchemaManagementToolCoordinator.process(SchemaManagementToolCoordinator.java:85)
	at org.hibernate.internal.SessionFactoryImpl.<init>(SessionFactoryImpl.java:335)
	at org.hibernate.boot.internal.SessionFactoryBuilderImpl.build(SessionFactoryBuilderImpl.java:471)
	at org.hibernate.boot.internal.MetadataImpl.buildSessionFactory(MetadataImpl.java:200)
	at org.example.DataBaseConnection.SingleTonConnection$LazyHolder.<clinit>(SingleTonConnection.java:28)
	at org.example.DataBaseConnection.SingleTonConnection.getInstance(SingleTonConnection.java:32)
	at org.example.repository.RepositoryImpl.findAll(RepositoryImpl.java:63)
	at org.example.services.ServiceImpl.findAll(ServiceImpl.java:31)
	at org.example.panels.AdminPanel.showAllServices(AdminPanel.java:125)
	at org.example.panels.StartPanel.selectService(StartPanel.java:122)
	at org.example.panels.StartPanel.register(StartPanel.java:99)
	at org.example.panels.StartPanel.select(StartPanel.java:69)
	at org.example.Run.execute(Run.java:9)
	at org.example.Main.main(Main.java:10)
Caused by: org.postgresql.util.PSQLException: ERROR: column "dtype" of relation "users" contains null values
	at org.postgresql.core.v3.QueryExecutorImpl.receiveErrorResponse(QueryExecutorImpl.java:2676)
	at org.postgresql.core.v3.QueryExecutorImpl.processResults(QueryExecutorImpl.java:2366)
	at org.postgresql.core.v3.QueryExecutorImpl.execute(QueryExecutorImpl.java:356)
	at org.postgresql.jdbc.PgStatement.executeInternal(PgStatement.java:496)
	at org.postgresql.jdbc.PgStatement.execute(PgStatement.java:413)
	at org.postgresql.jdbc.PgStatement.executeWithFlags(PgStatement.java:333)
	at org.postgresql.jdbc.PgStatement.executeCachedSql(PgStatement.java:319)
	at org.postgresql.jdbc.PgStatement.executeWithFlags(PgStatement.java:295)
	at org.postgresql.jdbc.PgStatement.execute(PgStatement.java:290)
	at org.hibernate.tool.schema.internal.exec.GenerationTargetToDatabase.accept(GenerationTargetToDatabase.java:54)
	... 21 common frames omitted
23:07:19.250 INFO  o.h.e.t.j.p.i.JtaPlatformInitiator - HHH000490: Using JtaPlatform implementation: [org.hibernate.engine.transaction.jta.platform.internal.NoJtaPlatform]
23:07:36.856 INFO  org.hibernate.Version - HHH000412: Hibernate ORM core version 5.6.7.Final
23:07:37.109 WARN  org.hibernate.orm.deprecation - HHH90000012: Recognized obsolete hibernate namespace http://hibernate.sourceforge.net/hibernate-configuration. Use namespace http://www.hibernate.org/dtd/hibernate-configuration instead.  Support for obsolete DTD/XSD namespaces may be removed at any time.
23:07:37.449 INFO  o.h.annotations.common.Version - HCANN000001: Hibernate Commons Annotations {5.1.2.Final}
23:07:37.603 WARN  o.hibernate.orm.connections.pooling - HHH10001002: Using Hibernate built-in connection pool (not for production use!)
23:07:37.612 INFO  o.hibernate.orm.connections.pooling - HHH10001005: using driver [org.postgresql.Driver] at URL [jdbc:postgresql://localhost:5432/finalproject]
23:07:37.612 INFO  o.hibernate.orm.connections.pooling - HHH10001001: Connection properties: {password=****, pool_size=1, user=omid}
23:07:37.612 INFO  o.hibernate.orm.connections.pooling - HHH10001003: Autocommit mode: false
23:07:37.616 INFO  o.h.e.j.c.i.DriverManagerConnectionProviderImpl - HHH000115: Hibernate connection pool size: 20 (min=1)
23:07:37.749 INFO  org.hibernate.dialect.Dialect - HHH000400: Using dialect: org.hibernate.dialect.PostgreSQLDialect
23:07:37.918 WARN  org.hibernate.cfg.AnnotationBinder - HHH000139: Illegal use of @Table in a subclass of a SINGLE_TABLE hierarchy: org.example.entity.Expert
23:07:38.670 INFO  org.hibernate.orm.connections.access - HHH10001501: Connection obtained from JdbcConnectionAccess [org.hibernate.engine.jdbc.env.internal.JdbcEnvironmentInitiator$ConnectionProviderJdbcConnectionAccess@7f4701b1] for (non-JTA) DDL execution was not in auto-commit mode; the Connection 'local transaction' will be committed and the Connection will be set into auto-commit mode.
23:07:38.697 WARN  o.h.t.s.i.ExceptionHandlerLoggedImpl - GenerationTarget encountered exception accepting command : Error executing DDL "alter table users add column DTYPE varchar(31) not null" via JDBC Statement
org.hibernate.tool.schema.spi.CommandAcceptanceException: Error executing DDL "alter table users add column DTYPE varchar(31) not null" via JDBC Statement
	at org.hibernate.tool.schema.internal.exec.GenerationTargetToDatabase.accept(GenerationTargetToDatabase.java:67)
	at org.hibernate.tool.schema.internal.AbstractSchemaMigrator.applySqlString(AbstractSchemaMigrator.java:581)
	at org.hibernate.tool.schema.internal.AbstractSchemaMigrator.applySqlStrings(AbstractSchemaMigrator.java:602)
	at org.hibernate.tool.schema.internal.AbstractSchemaMigrator.migrateTable(AbstractSchemaMigrator.java:314)
	at org.hibernate.tool.schema.internal.GroupedSchemaMigratorImpl.performTablesMigration(GroupedSchemaMigratorImpl.java:78)
	at org.hibernate.tool.schema.internal.AbstractSchemaMigrator.performMigration(AbstractSchemaMigrator.java:220)
	at org.hibernate.tool.schema.internal.AbstractSchemaMigrator.doMigration(AbstractSchemaMigrator.java:123)
	at org.hibernate.tool.schema.spi.SchemaManagementToolCoordinator.performDatabaseAction(SchemaManagementToolCoordinator.java:196)
	at org.hibernate.tool.schema.spi.SchemaManagementToolCoordinator.process(SchemaManagementToolCoordinator.java:85)
	at org.hibernate.internal.SessionFactoryImpl.<init>(SessionFactoryImpl.java:335)
	at org.hibernate.boot.internal.SessionFactoryBuilderImpl.build(SessionFactoryBuilderImpl.java:471)
	at org.hibernate.boot.internal.MetadataImpl.buildSessionFactory(MetadataImpl.java:200)
	at org.example.DataBaseConnection.SingleTonConnection$LazyHolder.<clinit>(SingleTonConnection.java:28)
	at org.example.DataBaseConnection.SingleTonConnection.getInstance(SingleTonConnection.java:32)
	at org.example.repository.RepositoryImpl.findAll(RepositoryImpl.java:63)
	at org.example.services.ServiceImpl.findAll(ServiceImpl.java:31)
	at org.example.panels.AdminPanel.showAllServices(AdminPanel.java:125)
	at org.example.panels.StartPanel.selectService(StartPanel.java:122)
	at org.example.panels.StartPanel.register(StartPanel.java:99)
	at org.example.panels.StartPanel.select(StartPanel.java:69)
	at org.example.Run.execute(Run.java:9)
	at org.example.Main.main(Main.java:10)
Caused by: org.postgresql.util.PSQLException: ERROR: column "dtype" of relation "users" contains null values
	at org.postgresql.core.v3.QueryExecutorImpl.receiveErrorResponse(QueryExecutorImpl.java:2676)
	at org.postgresql.core.v3.QueryExecutorImpl.processResults(QueryExecutorImpl.java:2366)
	at org.postgresql.core.v3.QueryExecutorImpl.execute(QueryExecutorImpl.java:356)
	at org.postgresql.jdbc.PgStatement.executeInternal(PgStatement.java:496)
	at org.postgresql.jdbc.PgStatement.execute(PgStatement.java:413)
	at org.postgresql.jdbc.PgStatement.executeWithFlags(PgStatement.java:333)
	at org.postgresql.jdbc.PgStatement.executeCachedSql(PgStatement.java:319)
	at org.postgresql.jdbc.PgStatement.executeWithFlags(PgStatement.java:295)
	at org.postgresql.jdbc.PgStatement.execute(PgStatement.java:290)
	at org.hibernate.tool.schema.internal.exec.GenerationTargetToDatabase.accept(GenerationTargetToDatabase.java:54)
	... 21 common frames omitted
23:07:38.731 INFO  o.h.e.t.j.p.i.JtaPlatformInitiator - HHH000490: Using JtaPlatform implementation: [org.hibernate.engine.transaction.jta.platform.internal.NoJtaPlatform]
23:09:46.280 INFO  org.hibernate.Version - HHH000412: Hibernate ORM core version 5.6.7.Final
23:09:46.457 WARN  org.hibernate.orm.deprecation - HHH90000012: Recognized obsolete hibernate namespace http://hibernate.sourceforge.net/hibernate-configuration. Use namespace http://www.hibernate.org/dtd/hibernate-configuration instead.  Support for obsolete DTD/XSD namespaces may be removed at any time.
23:09:46.758 INFO  o.h.annotations.common.Version - HCANN000001: Hibernate Commons Annotations {5.1.2.Final}
23:09:46.892 WARN  o.hibernate.orm.connections.pooling - HHH10001002: Using Hibernate built-in connection pool (not for production use!)
23:09:46.897 INFO  o.hibernate.orm.connections.pooling - HHH10001005: using driver [org.postgresql.Driver] at URL [jdbc:postgresql://localhost:5432/finalproject]
23:09:46.898 INFO  o.hibernate.orm.connections.pooling - HHH10001001: Connection properties: {password=****, pool_size=1, user=omid}
23:09:46.898 INFO  o.hibernate.orm.connections.pooling - HHH10001003: Autocommit mode: false
23:09:46.901 INFO  o.h.e.j.c.i.DriverManagerConnectionProviderImpl - HHH000115: Hibernate connection pool size: 20 (min=1)
23:09:47.057 INFO  org.hibernate.dialect.Dialect - HHH000400: Using dialect: org.hibernate.dialect.PostgreSQLDialect
23:09:47.231 WARN  org.hibernate.cfg.AnnotationBinder - HHH000139: Illegal use of @Table in a subclass of a SINGLE_TABLE hierarchy: org.example.entity.Expert
23:09:47.819 INFO  org.hibernate.orm.connections.access - HHH10001501: Connection obtained from JdbcConnectionAccess [org.hibernate.engine.jdbc.env.internal.JdbcEnvironmentInitiator$ConnectionProviderJdbcConnectionAccess@7f4701b1] for (non-JTA) DDL execution was not in auto-commit mode; the Connection 'local transaction' will be committed and the Connection will be set into auto-commit mode.
23:09:47.847 WARN  o.h.t.s.i.ExceptionHandlerLoggedImpl - GenerationTarget encountered exception accepting command : Error executing DDL "alter table users add column DTYPE varchar(31) not null" via JDBC Statement
org.hibernate.tool.schema.spi.CommandAcceptanceException: Error executing DDL "alter table users add column DTYPE varchar(31) not null" via JDBC Statement
	at org.hibernate.tool.schema.internal.exec.GenerationTargetToDatabase.accept(GenerationTargetToDatabase.java:67)
	at org.hibernate.tool.schema.internal.AbstractSchemaMigrator.applySqlString(AbstractSchemaMigrator.java:581)
	at org.hibernate.tool.schema.internal.AbstractSchemaMigrator.applySqlStrings(AbstractSchemaMigrator.java:602)
	at org.hibernate.tool.schema.internal.AbstractSchemaMigrator.migrateTable(AbstractSchemaMigrator.java:314)
	at org.hibernate.tool.schema.internal.GroupedSchemaMigratorImpl.performTablesMigration(GroupedSchemaMigratorImpl.java:78)
	at org.hibernate.tool.schema.internal.AbstractSchemaMigrator.performMigration(AbstractSchemaMigrator.java:220)
	at org.hibernate.tool.schema.internal.AbstractSchemaMigrator.doMigration(AbstractSchemaMigrator.java:123)
	at org.hibernate.tool.schema.spi.SchemaManagementToolCoordinator.performDatabaseAction(SchemaManagementToolCoordinator.java:196)
	at org.hibernate.tool.schema.spi.SchemaManagementToolCoordinator.process(SchemaManagementToolCoordinator.java:85)
	at org.hibernate.internal.SessionFactoryImpl.<init>(SessionFactoryImpl.java:335)
	at org.hibernate.boot.internal.SessionFactoryBuilderImpl.build(SessionFactoryBuilderImpl.java:471)
	at org.hibernate.boot.internal.MetadataImpl.buildSessionFactory(MetadataImpl.java:200)
	at org.example.DataBaseConnection.SingleTonConnection$LazyHolder.<clinit>(SingleTonConnection.java:28)
	at org.example.DataBaseConnection.SingleTonConnection.getInstance(SingleTonConnection.java:32)
	at org.example.repository.RepositoryImpl.findAll(RepositoryImpl.java:63)
	at org.example.services.ServiceImpl.findAll(ServiceImpl.java:31)
	at org.example.panels.AdminPanel.showAllServices(AdminPanel.java:125)
	at org.example.panels.StartPanel.selectService(StartPanel.java:122)
	at org.example.panels.StartPanel.register(StartPanel.java:99)
	at org.example.panels.StartPanel.select(StartPanel.java:69)
	at org.example.Run.execute(Run.java:9)
	at org.example.Main.main(Main.java:10)
Caused by: org.postgresql.util.PSQLException: ERROR: column "dtype" of relation "users" contains null values
	at org.postgresql.core.v3.QueryExecutorImpl.receiveErrorResponse(QueryExecutorImpl.java:2676)
	at org.postgresql.core.v3.QueryExecutorImpl.processResults(QueryExecutorImpl.java:2366)
	at org.postgresql.core.v3.QueryExecutorImpl.execute(QueryExecutorImpl.java:356)
	at org.postgresql.jdbc.PgStatement.executeInternal(PgStatement.java:496)
	at org.postgresql.jdbc.PgStatement.execute(PgStatement.java:413)
	at org.postgresql.jdbc.PgStatement.executeWithFlags(PgStatement.java:333)
	at org.postgresql.jdbc.PgStatement.executeCachedSql(PgStatement.java:319)
	at org.postgresql.jdbc.PgStatement.executeWithFlags(PgStatement.java:295)
	at org.postgresql.jdbc.PgStatement.execute(PgStatement.java:290)
	at org.hibernate.tool.schema.internal.exec.GenerationTargetToDatabase.accept(GenerationTargetToDatabase.java:54)
	... 21 common frames omitted
23:09:47.883 INFO  o.h.e.t.j.p.i.JtaPlatformInitiator - HHH000490: Using JtaPlatform implementation: [org.hibernate.engine.transaction.jta.platform.internal.NoJtaPlatform]
23:21:11.168 INFO  org.hibernate.Version - HHH000412: Hibernate ORM core version 5.6.7.Final
23:21:11.325 WARN  org.hibernate.orm.deprecation - HHH90000012: Recognized obsolete hibernate namespace http://hibernate.sourceforge.net/hibernate-configuration. Use namespace http://www.hibernate.org/dtd/hibernate-configuration instead.  Support for obsolete DTD/XSD namespaces may be removed at any time.
23:21:11.602 INFO  o.h.annotations.common.Version - HCANN000001: Hibernate Commons Annotations {5.1.2.Final}
23:21:11.730 WARN  o.hibernate.orm.connections.pooling - HHH10001002: Using Hibernate built-in connection pool (not for production use!)
23:21:11.735 INFO  o.hibernate.orm.connections.pooling - HHH10001005: using driver [org.postgresql.Driver] at URL [jdbc:postgresql://localhost:5432/finalproject]
23:21:11.736 INFO  o.hibernate.orm.connections.pooling - HHH10001001: Connection properties: {password=****, pool_size=1, user=omid}
23:21:11.736 INFO  o.hibernate.orm.connections.pooling - HHH10001003: Autocommit mode: false
23:21:11.739 INFO  o.h.e.j.c.i.DriverManagerConnectionProviderImpl - HHH000115: Hibernate connection pool size: 20 (min=1)
23:21:11.834 INFO  org.hibernate.dialect.Dialect - HHH000400: Using dialect: org.hibernate.dialect.PostgreSQLDialect
23:21:11.994 WARN  org.hibernate.cfg.AnnotationBinder - HHH000139: Illegal use of @Table in a subclass of a SINGLE_TABLE hierarchy: org.example.entity.Expert
23:21:12.513 INFO  org.hibernate.orm.connections.access - HHH10001501: Connection obtained from JdbcConnectionAccess [org.hibernate.engine.jdbc.env.internal.JdbcEnvironmentInitiator$ConnectionProviderJdbcConnectionAccess@6824b913] for (non-JTA) DDL execution was not in auto-commit mode; the Connection 'local transaction' will be committed and the Connection will be set into auto-commit mode.
23:21:12.539 WARN  o.h.t.s.i.ExceptionHandlerLoggedImpl - GenerationTarget encountered exception accepting command : Error executing DDL "alter table users add column DTYPE varchar(31) not null" via JDBC Statement
org.hibernate.tool.schema.spi.CommandAcceptanceException: Error executing DDL "alter table users add column DTYPE varchar(31) not null" via JDBC Statement
	at org.hibernate.tool.schema.internal.exec.GenerationTargetToDatabase.accept(GenerationTargetToDatabase.java:67)
	at org.hibernate.tool.schema.internal.AbstractSchemaMigrator.applySqlString(AbstractSchemaMigrator.java:581)
	at org.hibernate.tool.schema.internal.AbstractSchemaMigrator.applySqlStrings(AbstractSchemaMigrator.java:602)
	at org.hibernate.tool.schema.internal.AbstractSchemaMigrator.migrateTable(AbstractSchemaMigrator.java:314)
	at org.hibernate.tool.schema.internal.GroupedSchemaMigratorImpl.performTablesMigration(GroupedSchemaMigratorImpl.java:78)
	at org.hibernate.tool.schema.internal.AbstractSchemaMigrator.performMigration(AbstractSchemaMigrator.java:220)
	at org.hibernate.tool.schema.internal.AbstractSchemaMigrator.doMigration(AbstractSchemaMigrator.java:123)
	at org.hibernate.tool.schema.spi.SchemaManagementToolCoordinator.performDatabaseAction(SchemaManagementToolCoordinator.java:196)
	at org.hibernate.tool.schema.spi.SchemaManagementToolCoordinator.process(SchemaManagementToolCoordinator.java:85)
	at org.hibernate.internal.SessionFactoryImpl.<init>(SessionFactoryImpl.java:335)
	at org.hibernate.boot.internal.SessionFactoryBuilderImpl.build(SessionFactoryBuilderImpl.java:471)
	at org.hibernate.boot.internal.MetadataImpl.buildSessionFactory(MetadataImpl.java:200)
	at org.example.DataBaseConnection.SingleTonConnection$LazyHolder.<clinit>(SingleTonConnection.java:28)
	at org.example.DataBaseConnection.SingleTonConnection.getInstance(SingleTonConnection.java:32)
	at org.example.repository.RepositoryImpl.findAll(RepositoryImpl.java:63)
	at org.example.services.ServiceImpl.findAll(ServiceImpl.java:31)
	at org.example.panels.AdminPanel.showAllServices(AdminPanel.java:125)
	at org.example.panels.StartPanel.selectService(StartPanel.java:122)
	at org.example.panels.StartPanel.register(StartPanel.java:99)
	at org.example.panels.StartPanel.select(StartPanel.java:69)
	at org.example.Run.execute(Run.java:9)
	at org.example.Main.main(Main.java:10)
Caused by: org.postgresql.util.PSQLException: ERROR: column "dtype" of relation "users" contains null values
	at org.postgresql.core.v3.QueryExecutorImpl.receiveErrorResponse(QueryExecutorImpl.java:2676)
	at org.postgresql.core.v3.QueryExecutorImpl.processResults(QueryExecutorImpl.java:2366)
	at org.postgresql.core.v3.QueryExecutorImpl.execute(QueryExecutorImpl.java:356)
	at org.postgresql.jdbc.PgStatement.executeInternal(PgStatement.java:496)
	at org.postgresql.jdbc.PgStatement.execute(PgStatement.java:413)
	at org.postgresql.jdbc.PgStatement.executeWithFlags(PgStatement.java:333)
	at org.postgresql.jdbc.PgStatement.executeCachedSql(PgStatement.java:319)
	at org.postgresql.jdbc.PgStatement.executeWithFlags(PgStatement.java:295)
	at org.postgresql.jdbc.PgStatement.execute(PgStatement.java:290)
	at org.hibernate.tool.schema.internal.exec.GenerationTargetToDatabase.accept(GenerationTargetToDatabase.java:54)
	... 21 common frames omitted
23:21:12.567 INFO  o.h.e.t.j.p.i.JtaPlatformInitiator - HHH000490: Using JtaPlatform implementation: [org.hibernate.engine.transaction.jta.platform.internal.NoJtaPlatform]
23:22:43.991 INFO  org.hibernate.Version - HHH000412: Hibernate ORM core version 5.6.7.Final
23:22:44.173 WARN  org.hibernate.orm.deprecation - HHH90000012: Recognized obsolete hibernate namespace http://hibernate.sourceforge.net/hibernate-configuration. Use namespace http://www.hibernate.org/dtd/hibernate-configuration instead.  Support for obsolete DTD/XSD namespaces may be removed at any time.
23:22:44.448 INFO  o.h.annotations.common.Version - HCANN000001: Hibernate Commons Annotations {5.1.2.Final}
23:22:44.582 WARN  o.hibernate.orm.connections.pooling - HHH10001002: Using Hibernate built-in connection pool (not for production use!)
23:22:44.586 INFO  o.hibernate.orm.connections.pooling - HHH10001005: using driver [org.postgresql.Driver] at URL [jdbc:postgresql://localhost:5432/finalproject]
23:22:44.586 INFO  o.hibernate.orm.connections.pooling - HHH10001001: Connection properties: {password=****, pool_size=1, user=omid}
23:22:44.586 INFO  o.hibernate.orm.connections.pooling - HHH10001003: Autocommit mode: false
23:22:44.589 INFO  o.h.e.j.c.i.DriverManagerConnectionProviderImpl - HHH000115: Hibernate connection pool size: 20 (min=1)
23:22:44.697 INFO  org.hibernate.dialect.Dialect - HHH000400: Using dialect: org.hibernate.dialect.PostgreSQLDialect
23:22:44.839 WARN  org.hibernate.cfg.AnnotationBinder - HHH000139: Illegal use of @Table in a subclass of a SINGLE_TABLE hierarchy: org.example.entity.Expert
23:22:45.339 INFO  org.hibernate.orm.connections.access - HHH10001501: Connection obtained from JdbcConnectionAccess [org.hibernate.engine.jdbc.env.internal.JdbcEnvironmentInitiator$ConnectionProviderJdbcConnectionAccess@14fded9d] for (non-JTA) DDL execution was not in auto-commit mode; the Connection 'local transaction' will be committed and the Connection will be set into auto-commit mode.
23:22:45.370 WARN  o.h.t.s.i.ExceptionHandlerLoggedImpl - GenerationTarget encountered exception accepting command : Error executing DDL "alter table users add column DTYPE varchar(31) not null" via JDBC Statement
org.hibernate.tool.schema.spi.CommandAcceptanceException: Error executing DDL "alter table users add column DTYPE varchar(31) not null" via JDBC Statement
	at org.hibernate.tool.schema.internal.exec.GenerationTargetToDatabase.accept(GenerationTargetToDatabase.java:67)
	at org.hibernate.tool.schema.internal.AbstractSchemaMigrator.applySqlString(AbstractSchemaMigrator.java:581)
	at org.hibernate.tool.schema.internal.AbstractSchemaMigrator.applySqlStrings(AbstractSchemaMigrator.java:602)
	at org.hibernate.tool.schema.internal.AbstractSchemaMigrator.migrateTable(AbstractSchemaMigrator.java:314)
	at org.hibernate.tool.schema.internal.GroupedSchemaMigratorImpl.performTablesMigration(GroupedSchemaMigratorImpl.java:78)
	at org.hibernate.tool.schema.internal.AbstractSchemaMigrator.performMigration(AbstractSchemaMigrator.java:220)
	at org.hibernate.tool.schema.internal.AbstractSchemaMigrator.doMigration(AbstractSchemaMigrator.java:123)
	at org.hibernate.tool.schema.spi.SchemaManagementToolCoordinator.performDatabaseAction(SchemaManagementToolCoordinator.java:196)
	at org.hibernate.tool.schema.spi.SchemaManagementToolCoordinator.process(SchemaManagementToolCoordinator.java:85)
	at org.hibernate.internal.SessionFactoryImpl.<init>(SessionFactoryImpl.java:335)
	at org.hibernate.boot.internal.SessionFactoryBuilderImpl.build(SessionFactoryBuilderImpl.java:471)
	at org.hibernate.boot.internal.MetadataImpl.buildSessionFactory(MetadataImpl.java:200)
	at org.example.DataBaseConnection.SingleTonConnection$LazyHolder.<clinit>(SingleTonConnection.java:28)
	at org.example.DataBaseConnection.SingleTonConnection.getInstance(SingleTonConnection.java:32)
	at org.example.repository.AdminRepository.login(AdminRepository.java:15)
	at org.example.services.AdminService.login(AdminService.java:8)
	at org.example.panels.StartPanel.select(StartPanel.java:53)
	at org.example.Run.execute(Run.java:9)
	at org.example.Main.main(Main.java:10)
Caused by: org.postgresql.util.PSQLException: ERROR: column "dtype" of relation "users" contains null values
	at org.postgresql.core.v3.QueryExecutorImpl.receiveErrorResponse(QueryExecutorImpl.java:2676)
	at org.postgresql.core.v3.QueryExecutorImpl.processResults(QueryExecutorImpl.java:2366)
	at org.postgresql.core.v3.QueryExecutorImpl.execute(QueryExecutorImpl.java:356)
	at org.postgresql.jdbc.PgStatement.executeInternal(PgStatement.java:496)
	at org.postgresql.jdbc.PgStatement.execute(PgStatement.java:413)
	at org.postgresql.jdbc.PgStatement.executeWithFlags(PgStatement.java:333)
	at org.postgresql.jdbc.PgStatement.executeCachedSql(PgStatement.java:319)
	at org.postgresql.jdbc.PgStatement.executeWithFlags(PgStatement.java:295)
	at org.postgresql.jdbc.PgStatement.execute(PgStatement.java:290)
	at org.hibernate.tool.schema.internal.exec.GenerationTargetToDatabase.accept(GenerationTargetToDatabase.java:54)
	... 18 common frames omitted
23:22:45.395 INFO  o.h.e.t.j.p.i.JtaPlatformInitiator - HHH000490: Using JtaPlatform implementation: [org.hibernate.engine.transaction.jta.platform.internal.NoJtaPlatform]
23:22:45.487 ERROR org.example.panels.StartPanel - wrong username or password
23:34:31.057 INFO  org.hibernate.Version - HHH000412: Hibernate ORM core version 5.6.7.Final
23:34:31.233 WARN  org.hibernate.orm.deprecation - HHH90000012: Recognized obsolete hibernate namespace http://hibernate.sourceforge.net/hibernate-configuration. Use namespace http://www.hibernate.org/dtd/hibernate-configuration instead.  Support for obsolete DTD/XSD namespaces may be removed at any time.
23:34:31.480 INFO  o.h.annotations.common.Version - HCANN000001: Hibernate Commons Annotations {5.1.2.Final}
23:34:31.597 WARN  o.hibernate.orm.connections.pooling - HHH10001002: Using Hibernate built-in connection pool (not for production use!)
23:34:31.601 INFO  o.hibernate.orm.connections.pooling - HHH10001005: using driver [org.postgresql.Driver] at URL [jdbc:postgresql://localhost:5432/finalproject]
23:34:31.601 INFO  o.hibernate.orm.connections.pooling - HHH10001001: Connection properties: {password=****, pool_size=1, user=omid}
23:34:31.601 INFO  o.hibernate.orm.connections.pooling - HHH10001003: Autocommit mode: false
23:34:31.604 INFO  o.h.e.j.c.i.DriverManagerConnectionProviderImpl - HHH000115: Hibernate connection pool size: 20 (min=1)
23:34:31.715 INFO  org.hibernate.dialect.Dialect - HHH000400: Using dialect: org.hibernate.dialect.PostgreSQLDialect
23:34:31.855 WARN  org.hibernate.cfg.AnnotationBinder - HHH000139: Illegal use of @Table in a subclass of a SINGLE_TABLE hierarchy: org.example.entity.Expert
23:34:32.311 INFO  org.hibernate.orm.connections.access - HHH10001501: Connection obtained from JdbcConnectionAccess [org.hibernate.engine.jdbc.env.internal.JdbcEnvironmentInitiator$ConnectionProviderJdbcConnectionAccess@5b5dce5c] for (non-JTA) DDL execution was not in auto-commit mode; the Connection 'local transaction' will be committed and the Connection will be set into auto-commit mode.
23:34:32.337 WARN  o.h.t.s.i.ExceptionHandlerLoggedImpl - GenerationTarget encountered exception accepting command : Error executing DDL "alter table users add column DTYPE varchar(31) not null" via JDBC Statement
org.hibernate.tool.schema.spi.CommandAcceptanceException: Error executing DDL "alter table users add column DTYPE varchar(31) not null" via JDBC Statement
	at org.hibernate.tool.schema.internal.exec.GenerationTargetToDatabase.accept(GenerationTargetToDatabase.java:67)
	at org.hibernate.tool.schema.internal.AbstractSchemaMigrator.applySqlString(AbstractSchemaMigrator.java:581)
	at org.hibernate.tool.schema.internal.AbstractSchemaMigrator.applySqlStrings(AbstractSchemaMigrator.java:602)
	at org.hibernate.tool.schema.internal.AbstractSchemaMigrator.migrateTable(AbstractSchemaMigrator.java:314)
	at org.hibernate.tool.schema.internal.GroupedSchemaMigratorImpl.performTablesMigration(GroupedSchemaMigratorImpl.java:78)
	at org.hibernate.tool.schema.internal.AbstractSchemaMigrator.performMigration(AbstractSchemaMigrator.java:220)
	at org.hibernate.tool.schema.internal.AbstractSchemaMigrator.doMigration(AbstractSchemaMigrator.java:123)
	at org.hibernate.tool.schema.spi.SchemaManagementToolCoordinator.performDatabaseAction(SchemaManagementToolCoordinator.java:196)
	at org.hibernate.tool.schema.spi.SchemaManagementToolCoordinator.process(SchemaManagementToolCoordinator.java:85)
	at org.hibernate.internal.SessionFactoryImpl.<init>(SessionFactoryImpl.java:335)
	at org.hibernate.boot.internal.SessionFactoryBuilderImpl.build(SessionFactoryBuilderImpl.java:471)
	at org.hibernate.boot.internal.MetadataImpl.buildSessionFactory(MetadataImpl.java:200)
	at org.example.DataBaseConnection.SingleTonConnection$LazyHolder.<clinit>(SingleTonConnection.java:28)
	at org.example.DataBaseConnection.SingleTonConnection.getInstance(SingleTonConnection.java:32)
	at org.example.repository.RepositoryImpl.findAll(RepositoryImpl.java:63)
	at org.example.services.ServiceImpl.findAll(ServiceImpl.java:31)
	at org.example.panels.AdminPanel.showAllServices(AdminPanel.java:125)
	at org.example.panels.StartPanel.selectService(StartPanel.java:122)
	at org.example.panels.StartPanel.register(StartPanel.java:99)
	at org.example.panels.StartPanel.select(StartPanel.java:69)
	at org.example.Run.execute(Run.java:9)
	at org.example.Main.main(Main.java:10)
Caused by: org.postgresql.util.PSQLException: ERROR: column "dtype" of relation "users" contains null values
	at org.postgresql.core.v3.QueryExecutorImpl.receiveErrorResponse(QueryExecutorImpl.java:2676)
	at org.postgresql.core.v3.QueryExecutorImpl.processResults(QueryExecutorImpl.java:2366)
	at org.postgresql.core.v3.QueryExecutorImpl.execute(QueryExecutorImpl.java:356)
	at org.postgresql.jdbc.PgStatement.executeInternal(PgStatement.java:496)
	at org.postgresql.jdbc.PgStatement.execute(PgStatement.java:413)
	at org.postgresql.jdbc.PgStatement.executeWithFlags(PgStatement.java:333)
	at org.postgresql.jdbc.PgStatement.executeCachedSql(PgStatement.java:319)
	at org.postgresql.jdbc.PgStatement.executeWithFlags(PgStatement.java:295)
	at org.postgresql.jdbc.PgStatement.execute(PgStatement.java:290)
	at org.hibernate.tool.schema.internal.exec.GenerationTargetToDatabase.accept(GenerationTargetToDatabase.java:54)
	... 21 common frames omitted
23:34:32.367 INFO  o.h.e.t.j.p.i.JtaPlatformInitiator - HHH000490: Using JtaPlatform implementation: [org.hibernate.engine.transaction.jta.platform.internal.NoJtaPlatform]
23:51:21.418 INFO  org.hibernate.Version - HHH000412: Hibernate ORM core version 5.6.7.Final
23:51:21.647 WARN  org.hibernate.orm.deprecation - HHH90000012: Recognized obsolete hibernate namespace http://hibernate.sourceforge.net/hibernate-configuration. Use namespace http://www.hibernate.org/dtd/hibernate-configuration instead.  Support for obsolete DTD/XSD namespaces may be removed at any time.
23:51:21.880 INFO  o.h.annotations.common.Version - HCANN000001: Hibernate Commons Annotations {5.1.2.Final}
23:51:21.970 WARN  o.hibernate.orm.connections.pooling - HHH10001002: Using Hibernate built-in connection pool (not for production use!)
23:51:21.974 INFO  o.hibernate.orm.connections.pooling - HHH10001005: using driver [org.postgresql.Driver] at URL [jdbc:postgresql://localhost:5432/finalproject]
23:51:21.974 INFO  o.hibernate.orm.connections.pooling - HHH10001001: Connection properties: {password=****, pool_size=1, user=omid}
23:51:21.974 INFO  o.hibernate.orm.connections.pooling - HHH10001003: Autocommit mode: false
23:51:21.976 INFO  o.h.e.j.c.i.DriverManagerConnectionProviderImpl - HHH000115: Hibernate connection pool size: 20 (min=1)
23:51:22.062 INFO  org.hibernate.dialect.Dialect - HHH000400: Using dialect: org.hibernate.dialect.PostgreSQLDialect
23:51:22.201 WARN  org.hibernate.cfg.AnnotationBinder - HHH000139: Illegal use of @Table in a subclass of a SINGLE_TABLE hierarchy: org.example.entity.Expert
23:51:22.640 INFO  org.hibernate.orm.connections.access - HHH10001501: Connection obtained from JdbcConnectionAccess [org.hibernate.engine.jdbc.env.internal.JdbcEnvironmentInitiator$ConnectionProviderJdbcConnectionAccess@3c66b7d8] for (non-JTA) DDL execution was not in auto-commit mode; the Connection 'local transaction' will be committed and the Connection will be set into auto-commit mode.
23:51:22.697 INFO  o.h.e.t.j.p.i.JtaPlatformInitiator - HHH000490: Using JtaPlatform implementation: [org.hibernate.engine.transaction.jta.platform.internal.NoJtaPlatform]
23:51:26.291 INFO  org.example.panels.StartPanel - Expert a created successfully
23:55:16.489 INFO  org.hibernate.Version - HHH000412: Hibernate ORM core version 5.6.7.Final
23:55:16.690 WARN  org.hibernate.orm.deprecation - HHH90000012: Recognized obsolete hibernate namespace http://hibernate.sourceforge.net/hibernate-configuration. Use namespace http://www.hibernate.org/dtd/hibernate-configuration instead.  Support for obsolete DTD/XSD namespaces may be removed at any time.
23:55:17.016 INFO  o.h.annotations.common.Version - HCANN000001: Hibernate Commons Annotations {5.1.2.Final}
23:55:17.125 WARN  o.hibernate.orm.connections.pooling - HHH10001002: Using Hibernate built-in connection pool (not for production use!)
23:55:17.130 INFO  o.hibernate.orm.connections.pooling - HHH10001005: using driver [org.postgresql.Driver] at URL [jdbc:postgresql://localhost:5432/finalproject]
23:55:17.131 INFO  o.hibernate.orm.connections.pooling - HHH10001001: Connection properties: {password=****, pool_size=1, user=omid}
23:55:17.131 INFO  o.hibernate.orm.connections.pooling - HHH10001003: Autocommit mode: false
23:55:17.134 INFO  o.h.e.j.c.i.DriverManagerConnectionProviderImpl - HHH000115: Hibernate connection pool size: 20 (min=1)
23:55:17.254 INFO  org.hibernate.dialect.Dialect - HHH000400: Using dialect: org.hibernate.dialect.PostgreSQLDialect
23:55:17.410 WARN  org.hibernate.cfg.AnnotationBinder - HHH000139: Illegal use of @Table in a subclass of a SINGLE_TABLE hierarchy: org.example.entity.Expert
23:55:17.922 INFO  org.hibernate.orm.connections.access - HHH10001501: Connection obtained from JdbcConnectionAccess [org.hibernate.engine.jdbc.env.internal.JdbcEnvironmentInitiator$ConnectionProviderJdbcConnectionAccess@3e36b7a0] for (non-JTA) DDL execution was not in auto-commit mode; the Connection 'local transaction' will be committed and the Connection will be set into auto-commit mode.
23:55:17.984 INFO  o.h.e.t.j.p.i.JtaPlatformInitiator - HHH000490: Using JtaPlatform implementation: [org.hibernate.engine.transaction.jta.platform.internal.NoJtaPlatform]
23:55:18.051 INFO  org.example.panels.StartPanel - User omid created successfully
00:24:48.654 INFO  org.hibernate.Version - HHH000412: Hibernate ORM core version 5.6.7.Final
00:24:48.788 WARN  org.hibernate.orm.deprecation - HHH90000012: Recognized obsolete hibernate namespace http://hibernate.sourceforge.net/hibernate-configuration. Use namespace http://www.hibernate.org/dtd/hibernate-configuration instead.  Support for obsolete DTD/XSD namespaces may be removed at any time.
00:24:49.013 INFO  o.h.annotations.common.Version - HCANN000001: Hibernate Commons Annotations {5.1.2.Final}
00:24:49.133 WARN  o.hibernate.orm.connections.pooling - HHH10001002: Using Hibernate built-in connection pool (not for production use!)
00:24:49.136 INFO  o.hibernate.orm.connections.pooling - HHH10001005: using driver [org.postgresql.Driver] at URL [jdbc:postgresql://localhost:5432/finalproject]
00:24:49.137 INFO  o.hibernate.orm.connections.pooling - HHH10001001: Connection properties: {password=****, pool_size=1, user=omid}
00:24:49.137 INFO  o.hibernate.orm.connections.pooling - HHH10001003: Autocommit mode: false
00:24:49.139 INFO  o.h.e.j.c.i.DriverManagerConnectionProviderImpl - HHH000115: Hibernate connection pool size: 20 (min=1)
00:24:49.219 INFO  org.hibernate.dialect.Dialect - HHH000400: Using dialect: org.hibernate.dialect.PostgreSQLDialect
00:24:49.340 WARN  org.hibernate.cfg.AnnotationBinder - HHH000139: Illegal use of @Table in a subclass of a SINGLE_TABLE hierarchy: org.example.entity.Expert
00:24:49.759 INFO  org.hibernate.orm.connections.access - HHH10001501: Connection obtained from JdbcConnectionAccess [org.hibernate.engine.jdbc.env.internal.JdbcEnvironmentInitiator$ConnectionProviderJdbcConnectionAccess@756aadfc] for (non-JTA) DDL execution was not in auto-commit mode; the Connection 'local transaction' will be committed and the Connection will be set into auto-commit mode.
00:24:49.804 INFO  o.h.e.t.j.p.i.JtaPlatformInitiator - HHH000490: Using JtaPlatform implementation: [org.hibernate.engine.transaction.jta.platform.internal.NoJtaPlatform]
00:24:49.869 INFO  org.example.panels.StartPanel - User root Logged in successfully 
00:24:56.662 WARN  o.h.e.jdbc.spi.SqlExceptionHelper - SQL Error: 0, SQLState: 42703
00:24:56.662 ERROR o.h.e.jdbc.spi.SqlExceptionHelper - ERROR: column "expert" does not exist
  Position: 53
00:26:50.984 INFO  org.hibernate.Version - HHH000412: Hibernate ORM core version 5.6.7.Final
00:26:51.195 WARN  org.hibernate.orm.deprecation - HHH90000012: Recognized obsolete hibernate namespace http://hibernate.sourceforge.net/hibernate-configuration. Use namespace http://www.hibernate.org/dtd/hibernate-configuration instead.  Support for obsolete DTD/XSD namespaces may be removed at any time.
00:26:51.501 INFO  o.h.annotations.common.Version - HCANN000001: Hibernate Commons Annotations {5.1.2.Final}
00:26:51.648 WARN  o.hibernate.orm.connections.pooling - HHH10001002: Using Hibernate built-in connection pool (not for production use!)
00:26:51.653 INFO  o.hibernate.orm.connections.pooling - HHH10001005: using driver [org.postgresql.Driver] at URL [jdbc:postgresql://localhost:5432/finalproject]
00:26:51.653 INFO  o.hibernate.orm.connections.pooling - HHH10001001: Connection properties: {password=****, pool_size=1, user=omid}
00:26:51.654 INFO  o.hibernate.orm.connections.pooling - HHH10001003: Autocommit mode: false
00:26:51.657 INFO  o.h.e.j.c.i.DriverManagerConnectionProviderImpl - HHH000115: Hibernate connection pool size: 20 (min=1)
00:26:51.867 INFO  org.hibernate.dialect.Dialect - HHH000400: Using dialect: org.hibernate.dialect.PostgreSQLDialect
00:26:52.053 WARN  org.hibernate.cfg.AnnotationBinder - HHH000139: Illegal use of @Table in a subclass of a SINGLE_TABLE hierarchy: org.example.entity.Expert
00:26:52.680 INFO  org.hibernate.orm.connections.access - HHH10001501: Connection obtained from JdbcConnectionAccess [org.hibernate.engine.jdbc.env.internal.JdbcEnvironmentInitiator$ConnectionProviderJdbcConnectionAccess@5b5dce5c] for (non-JTA) DDL execution was not in auto-commit mode; the Connection 'local transaction' will be committed and the Connection will be set into auto-commit mode.
00:26:52.756 INFO  o.h.e.t.j.p.i.JtaPlatformInitiator - HHH000490: Using JtaPlatform implementation: [org.hibernate.engine.transaction.jta.platform.internal.NoJtaPlatform]
00:26:52.863 INFO  org.example.panels.StartPanel - User root Logged in successfully 
00:27:02.131 WARN  o.h.e.jdbc.spi.SqlExceptionHelper - SQL Error: 0, SQLState: 42703
00:27:02.132 ERROR o.h.e.jdbc.spi.SqlExceptionHelper - ERROR: column "expert" does not exist
  Position: 53
00:27:19.678 INFO  org.hibernate.Version - HHH000412: Hibernate ORM core version 5.6.7.Final
00:27:19.869 WARN  org.hibernate.orm.deprecation - HHH90000012: Recognized obsolete hibernate namespace http://hibernate.sourceforge.net/hibernate-configuration. Use namespace http://www.hibernate.org/dtd/hibernate-configuration instead.  Support for obsolete DTD/XSD namespaces may be removed at any time.
00:27:20.185 INFO  o.h.annotations.common.Version - HCANN000001: Hibernate Commons Annotations {5.1.2.Final}
00:27:20.339 WARN  o.hibernate.orm.connections.pooling - HHH10001002: Using Hibernate built-in connection pool (not for production use!)
00:27:20.344 INFO  o.hibernate.orm.connections.pooling - HHH10001005: using driver [org.postgresql.Driver] at URL [jdbc:postgresql://localhost:5432/finalproject]
00:27:20.345 INFO  o.hibernate.orm.connections.pooling - HHH10001001: Connection properties: {password=****, pool_size=1, user=omid}
00:27:20.345 INFO  o.hibernate.orm.connections.pooling - HHH10001003: Autocommit mode: false
00:27:20.350 INFO  o.h.e.j.c.i.DriverManagerConnectionProviderImpl - HHH000115: Hibernate connection pool size: 20 (min=1)
00:27:20.522 INFO  org.hibernate.dialect.Dialect - HHH000400: Using dialect: org.hibernate.dialect.PostgreSQLDialect
00:27:20.687 WARN  org.hibernate.cfg.AnnotationBinder - HHH000139: Illegal use of @Table in a subclass of a SINGLE_TABLE hierarchy: org.example.entity.Expert
00:27:21.243 INFO  org.hibernate.orm.connections.access - HHH10001501: Connection obtained from JdbcConnectionAccess [org.hibernate.engine.jdbc.env.internal.JdbcEnvironmentInitiator$ConnectionProviderJdbcConnectionAccess@7f4701b1] for (non-JTA) DDL execution was not in auto-commit mode; the Connection 'local transaction' will be committed and the Connection will be set into auto-commit mode.
00:27:21.327 INFO  o.h.e.t.j.p.i.JtaPlatformInitiator - HHH000490: Using JtaPlatform implementation: [org.hibernate.engine.transaction.jta.platform.internal.NoJtaPlatform]
00:27:21.467 INFO  org.example.panels.StartPanel - User root Logged in successfully 
00:27:26.180 WARN  o.h.e.jdbc.spi.SqlExceptionHelper - SQL Error: 0, SQLState: 42703
00:27:26.181 ERROR o.h.e.jdbc.spi.SqlExceptionHelper - ERROR: column "expert" does not exist
  Position: 53
00:27:51.335 INFO  org.hibernate.Version - HHH000412: Hibernate ORM core version 5.6.7.Final
00:27:51.530 WARN  org.hibernate.orm.deprecation - HHH90000012: Recognized obsolete hibernate namespace http://hibernate.sourceforge.net/hibernate-configuration. Use namespace http://www.hibernate.org/dtd/hibernate-configuration instead.  Support for obsolete DTD/XSD namespaces may be removed at any time.
00:27:51.821 INFO  o.h.annotations.common.Version - HCANN000001: Hibernate Commons Annotations {5.1.2.Final}
00:27:51.942 WARN  o.hibernate.orm.connections.pooling - HHH10001002: Using Hibernate built-in connection pool (not for production use!)
00:27:51.946 INFO  o.hibernate.orm.connections.pooling - HHH10001005: using driver [org.postgresql.Driver] at URL [jdbc:postgresql://localhost:5432/finalproject]
00:27:51.946 INFO  o.hibernate.orm.connections.pooling - HHH10001001: Connection properties: {password=****, pool_size=1, user=omid}
00:27:51.946 INFO  o.hibernate.orm.connections.pooling - HHH10001003: Autocommit mode: false
00:27:51.949 INFO  o.h.e.j.c.i.DriverManagerConnectionProviderImpl - HHH000115: Hibernate connection pool size: 20 (min=1)
00:27:52.068 INFO  org.hibernate.dialect.Dialect - HHH000400: Using dialect: org.hibernate.dialect.PostgreSQLDialect
00:27:52.224 WARN  org.hibernate.cfg.AnnotationBinder - HHH000139: Illegal use of @Table in a subclass of a SINGLE_TABLE hierarchy: org.example.entity.Expert
00:27:52.723 INFO  org.hibernate.orm.connections.access - HHH10001501: Connection obtained from JdbcConnectionAccess [org.hibernate.engine.jdbc.env.internal.JdbcEnvironmentInitiator$ConnectionProviderJdbcConnectionAccess@7f4701b1] for (non-JTA) DDL execution was not in auto-commit mode; the Connection 'local transaction' will be committed and the Connection will be set into auto-commit mode.
00:27:52.785 INFO  o.h.e.t.j.p.i.JtaPlatformInitiator - HHH000490: Using JtaPlatform implementation: [org.hibernate.engine.transaction.jta.platform.internal.NoJtaPlatform]
00:27:52.870 INFO  org.example.panels.StartPanel - User root Logged in successfully 
00:27:56.251 WARN  o.h.e.jdbc.spi.SqlExceptionHelper - SQL Error: 0, SQLState: 42703
00:27:56.252 ERROR o.h.e.jdbc.spi.SqlExceptionHelper - ERROR: column "expert" does not exist
  Position: 53
00:28:27.872 INFO  org.hibernate.Version - HHH000412: Hibernate ORM core version 5.6.7.Final
00:28:28.021 WARN  org.hibernate.orm.deprecation - HHH90000012: Recognized obsolete hibernate namespace http://hibernate.sourceforge.net/hibernate-configuration. Use namespace http://www.hibernate.org/dtd/hibernate-configuration instead.  Support for obsolete DTD/XSD namespaces may be removed at any time.
00:28:28.259 INFO  o.h.annotations.common.Version - HCANN000001: Hibernate Commons Annotations {5.1.2.Final}
00:28:28.387 WARN  o.hibernate.orm.connections.pooling - HHH10001002: Using Hibernate built-in connection pool (not for production use!)
00:28:28.391 INFO  o.hibernate.orm.connections.pooling - HHH10001005: using driver [org.postgresql.Driver] at URL [jdbc:postgresql://localhost:5432/finalproject]
00:28:28.392 INFO  o.hibernate.orm.connections.pooling - HHH10001001: Connection properties: {password=****, pool_size=1, user=omid}
00:28:28.392 INFO  o.hibernate.orm.connections.pooling - HHH10001003: Autocommit mode: false
00:28:28.394 INFO  o.h.e.j.c.i.DriverManagerConnectionProviderImpl - HHH000115: Hibernate connection pool size: 20 (min=1)
00:28:28.512 INFO  org.hibernate.dialect.Dialect - HHH000400: Using dialect: org.hibernate.dialect.PostgreSQLDialect
00:28:28.640 WARN  org.hibernate.cfg.AnnotationBinder - HHH000139: Illegal use of @Table in a subclass of a SINGLE_TABLE hierarchy: org.example.entity.Expert
00:28:29.141 INFO  org.hibernate.orm.connections.access - HHH10001501: Connection obtained from JdbcConnectionAccess [org.hibernate.engine.jdbc.env.internal.JdbcEnvironmentInitiator$ConnectionProviderJdbcConnectionAccess@7f4701b1] for (non-JTA) DDL execution was not in auto-commit mode; the Connection 'local transaction' will be committed and the Connection will be set into auto-commit mode.
00:28:29.197 INFO  o.h.e.t.j.p.i.JtaPlatformInitiator - HHH000490: Using JtaPlatform implementation: [org.hibernate.engine.transaction.jta.platform.internal.NoJtaPlatform]
00:28:29.288 INFO  org.example.panels.StartPanel - User root Logged in successfully 
00:29:01.125 INFO  org.hibernate.Version - HHH000412: Hibernate ORM core version 5.6.7.Final
00:29:01.255 WARN  org.hibernate.orm.deprecation - HHH90000012: Recognized obsolete hibernate namespace http://hibernate.sourceforge.net/hibernate-configuration. Use namespace http://www.hibernate.org/dtd/hibernate-configuration instead.  Support for obsolete DTD/XSD namespaces may be removed at any time.
00:29:01.482 INFO  o.h.annotations.common.Version - HCANN000001: Hibernate Commons Annotations {5.1.2.Final}
00:29:01.583 WARN  o.hibernate.orm.connections.pooling - HHH10001002: Using Hibernate built-in connection pool (not for production use!)
00:29:01.587 INFO  o.hibernate.orm.connections.pooling - HHH10001005: using driver [org.postgresql.Driver] at URL [jdbc:postgresql://localhost:5432/finalproject]
00:29:01.587 INFO  o.hibernate.orm.connections.pooling - HHH10001001: Connection properties: {password=****, pool_size=1, user=omid}
00:29:01.588 INFO  o.hibernate.orm.connections.pooling - HHH10001003: Autocommit mode: false
00:29:01.590 INFO  o.h.e.j.c.i.DriverManagerConnectionProviderImpl - HHH000115: Hibernate connection pool size: 20 (min=1)
00:29:01.671 INFO  org.hibernate.dialect.Dialect - HHH000400: Using dialect: org.hibernate.dialect.PostgreSQLDialect
00:29:01.787 WARN  org.hibernate.cfg.AnnotationBinder - HHH000139: Illegal use of @Table in a subclass of a SINGLE_TABLE hierarchy: org.example.entity.Expert
00:29:02.170 INFO  org.hibernate.orm.connections.access - HHH10001501: Connection obtained from JdbcConnectionAccess [org.hibernate.engine.jdbc.env.internal.JdbcEnvironmentInitiator$ConnectionProviderJdbcConnectionAccess@756aadfc] for (non-JTA) DDL execution was not in auto-commit mode; the Connection 'local transaction' will be committed and the Connection will be set into auto-commit mode.
00:29:02.224 INFO  o.h.e.t.j.p.i.JtaPlatformInitiator - HHH000490: Using JtaPlatform implementation: [org.hibernate.engine.transaction.jta.platform.internal.NoJtaPlatform]
00:29:02.299 INFO  org.example.panels.StartPanel - User root Logged in successfully 
00:30:12.394 INFO  org.hibernate.Version - HHH000412: Hibernate ORM core version 5.6.7.Final
00:30:12.528 WARN  org.hibernate.orm.deprecation - HHH90000012: Recognized obsolete hibernate namespace http://hibernate.sourceforge.net/hibernate-configuration. Use namespace http://www.hibernate.org/dtd/hibernate-configuration instead.  Support for obsolete DTD/XSD namespaces may be removed at any time.
00:30:12.742 INFO  o.h.annotations.common.Version - HCANN000001: Hibernate Commons Annotations {5.1.2.Final}
00:30:12.836 WARN  o.hibernate.orm.connections.pooling - HHH10001002: Using Hibernate built-in connection pool (not for production use!)
00:30:12.840 INFO  o.hibernate.orm.connections.pooling - HHH10001005: using driver [org.postgresql.Driver] at URL [jdbc:postgresql://localhost:5432/finalproject]
00:30:12.841 INFO  o.hibernate.orm.connections.pooling - HHH10001001: Connection properties: {password=****, pool_size=1, user=omid}
00:30:12.841 INFO  o.hibernate.orm.connections.pooling - HHH10001003: Autocommit mode: false
00:30:12.843 INFO  o.h.e.j.c.i.DriverManagerConnectionProviderImpl - HHH000115: Hibernate connection pool size: 20 (min=1)
00:30:12.923 INFO  org.hibernate.dialect.Dialect - HHH000400: Using dialect: org.hibernate.dialect.PostgreSQLDialect
00:30:13.073 WARN  org.hibernate.cfg.AnnotationBinder - HHH000139: Illegal use of @Table in a subclass of a SINGLE_TABLE hierarchy: org.example.entity.Expert
00:30:13.549 INFO  org.hibernate.orm.connections.access - HHH10001501: Connection obtained from JdbcConnectionAccess [org.hibernate.engine.jdbc.env.internal.JdbcEnvironmentInitiator$ConnectionProviderJdbcConnectionAccess@6824b913] for (non-JTA) DDL execution was not in auto-commit mode; the Connection 'local transaction' will be committed and the Connection will be set into auto-commit mode.
00:30:13.602 INFO  o.h.e.t.j.p.i.JtaPlatformInitiator - HHH000490: Using JtaPlatform implementation: [org.hibernate.engine.transaction.jta.platform.internal.NoJtaPlatform]
00:30:13.670 INFO  org.example.panels.StartPanel - User root Logged in successfully 
00:38:59.246 INFO  org.hibernate.Version - HHH000412: Hibernate ORM core version 5.6.7.Final
00:38:59.396 WARN  org.hibernate.orm.deprecation - HHH90000012: Recognized obsolete hibernate namespace http://hibernate.sourceforge.net/hibernate-configuration. Use namespace http://www.hibernate.org/dtd/hibernate-configuration instead.  Support for obsolete DTD/XSD namespaces may be removed at any time.
00:38:59.624 INFO  o.h.annotations.common.Version - HCANN000001: Hibernate Commons Annotations {5.1.2.Final}
00:38:59.725 WARN  o.hibernate.orm.connections.pooling - HHH10001002: Using Hibernate built-in connection pool (not for production use!)
00:38:59.729 INFO  o.hibernate.orm.connections.pooling - HHH10001005: using driver [org.postgresql.Driver] at URL [jdbc:postgresql://localhost:5432/finalproject]
00:38:59.729 INFO  o.hibernate.orm.connections.pooling - HHH10001001: Connection properties: {password=****, pool_size=1, user=omid}
00:38:59.730 INFO  o.hibernate.orm.connections.pooling - HHH10001003: Autocommit mode: false
00:38:59.732 INFO  o.h.e.j.c.i.DriverManagerConnectionProviderImpl - HHH000115: Hibernate connection pool size: 20 (min=1)
00:38:59.823 INFO  org.hibernate.dialect.Dialect - HHH000400: Using dialect: org.hibernate.dialect.PostgreSQLDialect
00:38:59.974 WARN  org.hibernate.cfg.AnnotationBinder - HHH000139: Illegal use of @Table in a subclass of a SINGLE_TABLE hierarchy: org.example.entity.Expert
00:39:00.508 INFO  org.hibernate.orm.connections.access - HHH10001501: Connection obtained from JdbcConnectionAccess [org.hibernate.engine.jdbc.env.internal.JdbcEnvironmentInitiator$ConnectionProviderJdbcConnectionAccess@6824b913] for (non-JTA) DDL execution was not in auto-commit mode; the Connection 'local transaction' will be committed and the Connection will be set into auto-commit mode.
00:39:00.582 INFO  o.h.e.t.j.p.i.JtaPlatformInitiator - HHH000490: Using JtaPlatform implementation: [org.hibernate.engine.transaction.jta.platform.internal.NoJtaPlatform]
00:39:00.675 INFO  org.example.panels.StartPanel - User root Logged in successfully 
00:39:33.418 INFO  org.hibernate.Version - HHH000412: Hibernate ORM core version 5.6.7.Final
00:39:33.608 WARN  org.hibernate.orm.deprecation - HHH90000012: Recognized obsolete hibernate namespace http://hibernate.sourceforge.net/hibernate-configuration. Use namespace http://www.hibernate.org/dtd/hibernate-configuration instead.  Support for obsolete DTD/XSD namespaces may be removed at any time.
00:39:34.013 INFO  o.h.annotations.common.Version - HCANN000001: Hibernate Commons Annotations {5.1.2.Final}
00:39:34.231 WARN  o.hibernate.orm.connections.pooling - HHH10001002: Using Hibernate built-in connection pool (not for production use!)
00:39:34.236 INFO  o.hibernate.orm.connections.pooling - HHH10001005: using driver [org.postgresql.Driver] at URL [jdbc:postgresql://localhost:5432/finalproject]
00:39:34.236 INFO  o.hibernate.orm.connections.pooling - HHH10001001: Connection properties: {password=****, pool_size=1, user=omid}
00:39:34.236 INFO  o.hibernate.orm.connections.pooling - HHH10001003: Autocommit mode: false
00:39:34.239 INFO  o.h.e.j.c.i.DriverManagerConnectionProviderImpl - HHH000115: Hibernate connection pool size: 20 (min=1)
00:39:34.370 INFO  org.hibernate.dialect.Dialect - HHH000400: Using dialect: org.hibernate.dialect.PostgreSQLDialect
00:39:34.529 WARN  org.hibernate.cfg.AnnotationBinder - HHH000139: Illegal use of @Table in a subclass of a SINGLE_TABLE hierarchy: org.example.entity.Expert
00:39:35.041 INFO  org.hibernate.orm.connections.access - HHH10001501: Connection obtained from JdbcConnectionAccess [org.hibernate.engine.jdbc.env.internal.JdbcEnvironmentInitiator$ConnectionProviderJdbcConnectionAccess@7f4701b1] for (non-JTA) DDL execution was not in auto-commit mode; the Connection 'local transaction' will be committed and the Connection will be set into auto-commit mode.
00:39:35.100 INFO  o.h.e.t.j.p.i.JtaPlatformInitiator - HHH000490: Using JtaPlatform implementation: [org.hibernate.engine.transaction.jta.platform.internal.NoJtaPlatform]
00:39:35.176 INFO  org.example.panels.StartPanel - User root Logged in successfully 
00:39:52.926 INFO  org.hibernate.Version - HHH000412: Hibernate ORM core version 5.6.7.Final
00:39:53.107 WARN  org.hibernate.orm.deprecation - HHH90000012: Recognized obsolete hibernate namespace http://hibernate.sourceforge.net/hibernate-configuration. Use namespace http://www.hibernate.org/dtd/hibernate-configuration instead.  Support for obsolete DTD/XSD namespaces may be removed at any time.
00:39:53.395 INFO  o.h.annotations.common.Version - HCANN000001: Hibernate Commons Annotations {5.1.2.Final}
00:39:53.524 WARN  o.hibernate.orm.connections.pooling - HHH10001002: Using Hibernate built-in connection pool (not for production use!)
00:39:53.529 INFO  o.hibernate.orm.connections.pooling - HHH10001005: using driver [org.postgresql.Driver] at URL [jdbc:postgresql://localhost:5432/finalproject]
00:39:53.530 INFO  o.hibernate.orm.connections.pooling - HHH10001001: Connection properties: {password=****, pool_size=1, user=omid}
00:39:53.530 INFO  o.hibernate.orm.connections.pooling - HHH10001003: Autocommit mode: false
00:39:53.533 INFO  o.h.e.j.c.i.DriverManagerConnectionProviderImpl - HHH000115: Hibernate connection pool size: 20 (min=1)
00:39:53.670 INFO  org.hibernate.dialect.Dialect - HHH000400: Using dialect: org.hibernate.dialect.PostgreSQLDialect
00:39:53.822 WARN  org.hibernate.cfg.AnnotationBinder - HHH000139: Illegal use of @Table in a subclass of a SINGLE_TABLE hierarchy: org.example.entity.Expert
00:39:54.287 INFO  org.hibernate.orm.connections.access - HHH10001501: Connection obtained from JdbcConnectionAccess [org.hibernate.engine.jdbc.env.internal.JdbcEnvironmentInitiator$ConnectionProviderJdbcConnectionAccess@7f4701b1] for (non-JTA) DDL execution was not in auto-commit mode; the Connection 'local transaction' will be committed and the Connection will be set into auto-commit mode.
00:39:54.348 INFO  o.h.e.t.j.p.i.JtaPlatformInitiator - HHH000490: Using JtaPlatform implementation: [org.hibernate.engine.transaction.jta.platform.internal.NoJtaPlatform]
00:39:54.432 INFO  org.example.panels.StartPanel - User root Logged in successfully 
00:41:12.521 INFO  org.hibernate.Version - HHH000412: Hibernate ORM core version 5.6.7.Final
00:41:12.645 WARN  org.hibernate.orm.deprecation - HHH90000012: Recognized obsolete hibernate namespace http://hibernate.sourceforge.net/hibernate-configuration. Use namespace http://www.hibernate.org/dtd/hibernate-configuration instead.  Support for obsolete DTD/XSD namespaces may be removed at any time.
00:41:12.864 INFO  o.h.annotations.common.Version - HCANN000001: Hibernate Commons Annotations {5.1.2.Final}
00:41:12.943 WARN  o.hibernate.orm.connections.pooling - HHH10001002: Using Hibernate built-in connection pool (not for production use!)
00:41:12.946 INFO  o.hibernate.orm.connections.pooling - HHH10001005: using driver [org.postgresql.Driver] at URL [jdbc:postgresql://localhost:5432/finalproject]
00:41:12.946 INFO  o.hibernate.orm.connections.pooling - HHH10001001: Connection properties: {password=****, pool_size=1, user=omid}
00:41:12.946 INFO  o.hibernate.orm.connections.pooling - HHH10001003: Autocommit mode: false
00:41:12.949 INFO  o.h.e.j.c.i.DriverManagerConnectionProviderImpl - HHH000115: Hibernate connection pool size: 20 (min=1)
00:41:13.034 INFO  org.hibernate.dialect.Dialect - HHH000400: Using dialect: org.hibernate.dialect.PostgreSQLDialect
00:41:13.171 WARN  org.hibernate.cfg.AnnotationBinder - HHH000139: Illegal use of @Table in a subclass of a SINGLE_TABLE hierarchy: org.example.entity.Expert
00:41:13.576 INFO  org.hibernate.orm.connections.access - HHH10001501: Connection obtained from JdbcConnectionAccess [org.hibernate.engine.jdbc.env.internal.JdbcEnvironmentInitiator$ConnectionProviderJdbcConnectionAccess@756aadfc] for (non-JTA) DDL execution was not in auto-commit mode; the Connection 'local transaction' will be committed and the Connection will be set into auto-commit mode.
00:41:13.637 INFO  o.h.e.t.j.p.i.JtaPlatformInitiator - HHH000490: Using JtaPlatform implementation: [org.hibernate.engine.transaction.jta.platform.internal.NoJtaPlatform]
00:41:13.708 INFO  org.example.panels.StartPanel - User root Logged in successfully 
00:42:50.418 INFO  org.hibernate.Version - HHH000412: Hibernate ORM core version 5.6.7.Final
00:42:50.577 WARN  org.hibernate.orm.deprecation - HHH90000012: Recognized obsolete hibernate namespace http://hibernate.sourceforge.net/hibernate-configuration. Use namespace http://www.hibernate.org/dtd/hibernate-configuration instead.  Support for obsolete DTD/XSD namespaces may be removed at any time.
00:42:50.847 INFO  o.h.annotations.common.Version - HCANN000001: Hibernate Commons Annotations {5.1.2.Final}
00:42:50.975 WARN  o.hibernate.orm.connections.pooling - HHH10001002: Using Hibernate built-in connection pool (not for production use!)
00:42:50.979 INFO  o.hibernate.orm.connections.pooling - HHH10001005: using driver [org.postgresql.Driver] at URL [jdbc:postgresql://localhost:5432/finalproject]
00:42:50.980 INFO  o.hibernate.orm.connections.pooling - HHH10001001: Connection properties: {password=****, pool_size=1, user=omid}
00:42:50.980 INFO  o.hibernate.orm.connections.pooling - HHH10001003: Autocommit mode: false
00:42:50.983 INFO  o.h.e.j.c.i.DriverManagerConnectionProviderImpl - HHH000115: Hibernate connection pool size: 20 (min=1)
00:42:51.088 INFO  org.hibernate.dialect.Dialect - HHH000400: Using dialect: org.hibernate.dialect.PostgreSQLDialect
00:42:51.243 WARN  org.hibernate.cfg.AnnotationBinder - HHH000139: Illegal use of @Table in a subclass of a SINGLE_TABLE hierarchy: org.example.entity.Expert
00:42:51.628 INFO  org.hibernate.orm.connections.access - HHH10001501: Connection obtained from JdbcConnectionAccess [org.hibernate.engine.jdbc.env.internal.JdbcEnvironmentInitiator$ConnectionProviderJdbcConnectionAccess@6824b913] for (non-JTA) DDL execution was not in auto-commit mode; the Connection 'local transaction' will be committed and the Connection will be set into auto-commit mode.
00:42:51.677 INFO  o.h.e.t.j.p.i.JtaPlatformInitiator - HHH000490: Using JtaPlatform implementation: [org.hibernate.engine.transaction.jta.platform.internal.NoJtaPlatform]
00:42:51.741 INFO  org.example.panels.StartPanel - User root Logged in successfully 
00:47:53.539 INFO  org.hibernate.Version - HHH000412: Hibernate ORM core version 5.6.7.Final
00:47:53.702 WARN  org.hibernate.orm.deprecation - HHH90000012: Recognized obsolete hibernate namespace http://hibernate.sourceforge.net/hibernate-configuration. Use namespace http://www.hibernate.org/dtd/hibernate-configuration instead.  Support for obsolete DTD/XSD namespaces may be removed at any time.
00:47:53.974 INFO  o.h.annotations.common.Version - HCANN000001: Hibernate Commons Annotations {5.1.2.Final}
00:47:54.099 WARN  o.hibernate.orm.connections.pooling - HHH10001002: Using Hibernate built-in connection pool (not for production use!)
00:47:54.105 INFO  o.hibernate.orm.connections.pooling - HHH10001005: using driver [org.postgresql.Driver] at URL [jdbc:postgresql://localhost:5432/finalproject]
00:47:54.106 INFO  o.hibernate.orm.connections.pooling - HHH10001001: Connection properties: {password=****, pool_size=1, user=omid}
00:47:54.106 INFO  o.hibernate.orm.connections.pooling - HHH10001003: Autocommit mode: false
00:47:54.109 INFO  o.h.e.j.c.i.DriverManagerConnectionProviderImpl - HHH000115: Hibernate connection pool size: 20 (min=1)
00:47:54.229 INFO  org.hibernate.dialect.Dialect - HHH000400: Using dialect: org.hibernate.dialect.PostgreSQLDialect
00:47:54.420 WARN  org.hibernate.cfg.AnnotationBinder - HHH000139: Illegal use of @Table in a subclass of a SINGLE_TABLE hierarchy: org.example.entity.Expert
00:47:54.902 INFO  org.hibernate.orm.connections.access - HHH10001501: Connection obtained from JdbcConnectionAccess [org.hibernate.engine.jdbc.env.internal.JdbcEnvironmentInitiator$ConnectionProviderJdbcConnectionAccess@6824b913] for (non-JTA) DDL execution was not in auto-commit mode; the Connection 'local transaction' will be committed and the Connection will be set into auto-commit mode.
00:47:54.984 INFO  o.h.e.t.j.p.i.JtaPlatformInitiator - HHH000490: Using JtaPlatform implementation: [org.hibernate.engine.transaction.jta.platform.internal.NoJtaPlatform]
00:47:55.071 INFO  org.example.panels.StartPanel - User root Logged in successfully 
00:51:45.519 INFO  org.hibernate.Version - HHH000412: Hibernate ORM core version 5.6.7.Final
00:51:45.692 WARN  org.hibernate.orm.deprecation - HHH90000012: Recognized obsolete hibernate namespace http://hibernate.sourceforge.net/hibernate-configuration. Use namespace http://www.hibernate.org/dtd/hibernate-configuration instead.  Support for obsolete DTD/XSD namespaces may be removed at any time.
00:51:45.987 INFO  o.h.annotations.common.Version - HCANN000001: Hibernate Commons Annotations {5.1.2.Final}
00:51:46.121 WARN  o.hibernate.orm.connections.pooling - HHH10001002: Using Hibernate built-in connection pool (not for production use!)
00:51:46.127 INFO  o.hibernate.orm.connections.pooling - HHH10001005: using driver [org.postgresql.Driver] at URL [jdbc:postgresql://localhost:5432/finalproject]
00:51:46.127 INFO  o.hibernate.orm.connections.pooling - HHH10001001: Connection properties: {password=****, pool_size=1, user=omid}
00:51:46.127 INFO  o.hibernate.orm.connections.pooling - HHH10001003: Autocommit mode: false
00:51:46.130 INFO  o.h.e.j.c.i.DriverManagerConnectionProviderImpl - HHH000115: Hibernate connection pool size: 20 (min=1)
00:51:46.274 INFO  org.hibernate.dialect.Dialect - HHH000400: Using dialect: org.hibernate.dialect.PostgreSQLDialect
00:51:46.435 WARN  org.hibernate.cfg.AnnotationBinder - HHH000139: Illegal use of @Table in a subclass of a SINGLE_TABLE hierarchy: org.example.entity.Expert
00:51:46.945 INFO  org.hibernate.orm.connections.access - HHH10001501: Connection obtained from JdbcConnectionAccess [org.hibernate.engine.jdbc.env.internal.JdbcEnvironmentInitiator$ConnectionProviderJdbcConnectionAccess@6824b913] for (non-JTA) DDL execution was not in auto-commit mode; the Connection 'local transaction' will be committed and the Connection will be set into auto-commit mode.
00:51:47.006 INFO  o.h.e.t.j.p.i.JtaPlatformInitiator - HHH000490: Using JtaPlatform implementation: [org.hibernate.engine.transaction.jta.platform.internal.NoJtaPlatform]
00:51:47.088 INFO  org.example.panels.StartPanel - User root Logged in successfully 
01:02:06.864 INFO  org.hibernate.Version - HHH000412: Hibernate ORM core version 5.6.7.Final
01:02:06.990 WARN  org.hibernate.orm.deprecation - HHH90000012: Recognized obsolete hibernate namespace http://hibernate.sourceforge.net/hibernate-configuration. Use namespace http://www.hibernate.org/dtd/hibernate-configuration instead.  Support for obsolete DTD/XSD namespaces may be removed at any time.
01:02:07.183 INFO  o.h.annotations.common.Version - HCANN000001: Hibernate Commons Annotations {5.1.2.Final}
01:02:07.270 WARN  o.hibernate.orm.connections.pooling - HHH10001002: Using Hibernate built-in connection pool (not for production use!)
01:02:07.273 INFO  o.hibernate.orm.connections.pooling - HHH10001005: using driver [org.postgresql.Driver] at URL [jdbc:postgresql://localhost:5432/finalproject]
01:02:07.274 INFO  o.hibernate.orm.connections.pooling - HHH10001001: Connection properties: {password=****, pool_size=1, user=omid}
01:02:07.274 INFO  o.hibernate.orm.connections.pooling - HHH10001003: Autocommit mode: false
01:02:07.275 INFO  o.h.e.j.c.i.DriverManagerConnectionProviderImpl - HHH000115: Hibernate connection pool size: 20 (min=1)
01:02:07.369 INFO  org.hibernate.dialect.Dialect - HHH000400: Using dialect: org.hibernate.dialect.PostgreSQLDialect
01:02:07.479 WARN  org.hibernate.cfg.AnnotationBinder - HHH000139: Illegal use of @Table in a subclass of a SINGLE_TABLE hierarchy: org.example.entity.Expert
01:02:07.896 INFO  org.hibernate.orm.connections.access - HHH10001501: Connection obtained from JdbcConnectionAccess [org.hibernate.engine.jdbc.env.internal.JdbcEnvironmentInitiator$ConnectionProviderJdbcConnectionAccess@756aadfc] for (non-JTA) DDL execution was not in auto-commit mode; the Connection 'local transaction' will be committed and the Connection will be set into auto-commit mode.
01:02:07.955 INFO  o.h.e.t.j.p.i.JtaPlatformInitiator - HHH000490: Using JtaPlatform implementation: [org.hibernate.engine.transaction.jta.platform.internal.NoJtaPlatform]
01:02:08.063 INFO  org.example.panels.StartPanel - User root Logged in successfully 
01:04:37.595 INFO  org.hibernate.Version - HHH000412: Hibernate ORM core version 5.6.7.Final
01:04:37.725 WARN  org.hibernate.orm.deprecation - HHH90000012: Recognized obsolete hibernate namespace http://hibernate.sourceforge.net/hibernate-configuration. Use namespace http://www.hibernate.org/dtd/hibernate-configuration instead.  Support for obsolete DTD/XSD namespaces may be removed at any time.
01:04:37.917 INFO  o.h.annotations.common.Version - HCANN000001: Hibernate Commons Annotations {5.1.2.Final}
01:04:38.008 WARN  o.hibernate.orm.connections.pooling - HHH10001002: Using Hibernate built-in connection pool (not for production use!)
01:04:38.012 INFO  o.hibernate.orm.connections.pooling - HHH10001005: using driver [org.postgresql.Driver] at URL [jdbc:postgresql://localhost:5432/finalproject]
01:04:38.012 INFO  o.hibernate.orm.connections.pooling - HHH10001001: Connection properties: {password=****, pool_size=1, user=omid}
01:04:38.012 INFO  o.hibernate.orm.connections.pooling - HHH10001003: Autocommit mode: false
01:04:38.016 INFO  o.h.e.j.c.i.DriverManagerConnectionProviderImpl - HHH000115: Hibernate connection pool size: 20 (min=1)
01:04:38.098 INFO  org.hibernate.dialect.Dialect - HHH000400: Using dialect: org.hibernate.dialect.PostgreSQLDialect
01:04:38.210 WARN  org.hibernate.cfg.AnnotationBinder - HHH000139: Illegal use of @Table in a subclass of a SINGLE_TABLE hierarchy: org.example.entity.Expert
01:04:38.644 INFO  org.hibernate.orm.connections.access - HHH10001501: Connection obtained from JdbcConnectionAccess [org.hibernate.engine.jdbc.env.internal.JdbcEnvironmentInitiator$ConnectionProviderJdbcConnectionAccess@6824b913] for (non-JTA) DDL execution was not in auto-commit mode; the Connection 'local transaction' will be committed and the Connection will be set into auto-commit mode.
01:04:38.697 INFO  o.h.e.t.j.p.i.JtaPlatformInitiator - HHH000490: Using JtaPlatform implementation: [org.hibernate.engine.transaction.jta.platform.internal.NoJtaPlatform]
01:04:38.770 INFO  org.example.panels.StartPanel - User root Logged in successfully 
01:33:47.947 INFO  org.hibernate.Version - HHH000412: Hibernate ORM core version 5.6.7.Final
01:33:48.116 WARN  org.hibernate.orm.deprecation - HHH90000012: Recognized obsolete hibernate namespace http://hibernate.sourceforge.net/hibernate-configuration. Use namespace http://www.hibernate.org/dtd/hibernate-configuration instead.  Support for obsolete DTD/XSD namespaces may be removed at any time.
01:33:48.414 INFO  o.h.annotations.common.Version - HCANN000001: Hibernate Commons Annotations {5.1.2.Final}
01:33:48.544 WARN  o.hibernate.orm.connections.pooling - HHH10001002: Using Hibernate built-in connection pool (not for production use!)
01:33:48.549 INFO  o.hibernate.orm.connections.pooling - HHH10001005: using driver [org.postgresql.Driver] at URL [jdbc:postgresql://localhost:5432/finalproject]
01:33:48.550 INFO  o.hibernate.orm.connections.pooling - HHH10001001: Connection properties: {password=****, pool_size=1, user=omid}
01:33:48.550 INFO  o.hibernate.orm.connections.pooling - HHH10001003: Autocommit mode: false
01:33:48.553 INFO  o.h.e.j.c.i.DriverManagerConnectionProviderImpl - HHH000115: Hibernate connection pool size: 20 (min=1)
01:33:48.658 INFO  org.hibernate.dialect.Dialect - HHH000400: Using dialect: org.hibernate.dialect.PostgreSQLDialect
01:33:48.821 WARN  org.hibernate.cfg.AnnotationBinder - HHH000139: Illegal use of @Table in a subclass of a SINGLE_TABLE hierarchy: org.example.entity.Expert
01:33:49.340 INFO  org.hibernate.orm.connections.access - HHH10001501: Connection obtained from JdbcConnectionAccess [org.hibernate.engine.jdbc.env.internal.JdbcEnvironmentInitiator$ConnectionProviderJdbcConnectionAccess@345d053b] for (non-JTA) DDL execution was not in auto-commit mode; the Connection 'local transaction' will be committed and the Connection will be set into auto-commit mode.
01:33:49.423 INFO  o.h.e.t.j.p.i.JtaPlatformInitiator - HHH000490: Using JtaPlatform implementation: [org.hibernate.engine.transaction.jta.platform.internal.NoJtaPlatform]
01:33:49.517 INFO  org.example.panels.StartPanel - User root Logged in successfully 
01:53:28.666 INFO  org.hibernate.Version - HHH000412: Hibernate ORM core version 5.6.7.Final
01:53:28.830 WARN  org.hibernate.orm.deprecation - HHH90000012: Recognized obsolete hibernate namespace http://hibernate.sourceforge.net/hibernate-configuration. Use namespace http://www.hibernate.org/dtd/hibernate-configuration instead.  Support for obsolete DTD/XSD namespaces may be removed at any time.
01:53:29.124 INFO  o.h.annotations.common.Version - HCANN000001: Hibernate Commons Annotations {5.1.2.Final}
01:53:29.240 WARN  o.hibernate.orm.connections.pooling - HHH10001002: Using Hibernate built-in connection pool (not for production use!)
01:53:29.245 INFO  o.hibernate.orm.connections.pooling - HHH10001005: using driver [org.postgresql.Driver] at URL [jdbc:postgresql://localhost:5432/finalproject]
01:53:29.245 INFO  o.hibernate.orm.connections.pooling - HHH10001001: Connection properties: {password=****, pool_size=1, user=omid}
01:53:29.246 INFO  o.hibernate.orm.connections.pooling - HHH10001003: Autocommit mode: false
01:53:29.251 INFO  o.h.e.j.c.i.DriverManagerConnectionProviderImpl - HHH000115: Hibernate connection pool size: 20 (min=1)
01:53:29.355 INFO  org.hibernate.dialect.Dialect - HHH000400: Using dialect: org.hibernate.dialect.PostgreSQLDialect
01:53:29.500 WARN  org.hibernate.cfg.AnnotationBinder - HHH000139: Illegal use of @Table in a subclass of a SINGLE_TABLE hierarchy: org.example.entity.Expert
01:53:30.012 INFO  org.hibernate.orm.connections.access - HHH10001501: Connection obtained from JdbcConnectionAccess [org.hibernate.engine.jdbc.env.internal.JdbcEnvironmentInitiator$ConnectionProviderJdbcConnectionAccess@345d053b] for (non-JTA) DDL execution was not in auto-commit mode; the Connection 'local transaction' will be committed and the Connection will be set into auto-commit mode.
01:53:30.077 INFO  o.h.e.t.j.p.i.JtaPlatformInitiator - HHH000490: Using JtaPlatform implementation: [org.hibernate.engine.transaction.jta.platform.internal.NoJtaPlatform]
01:53:30.158 INFO  org.example.panels.StartPanel - User root Logged in successfully 
01:53:59.275 INFO  org.hibernate.Version - HHH000412: Hibernate ORM core version 5.6.7.Final
01:53:59.421 WARN  org.hibernate.orm.deprecation - HHH90000012: Recognized obsolete hibernate namespace http://hibernate.sourceforge.net/hibernate-configuration. Use namespace http://www.hibernate.org/dtd/hibernate-configuration instead.  Support for obsolete DTD/XSD namespaces may be removed at any time.
01:53:59.682 INFO  o.h.annotations.common.Version - HCANN000001: Hibernate Commons Annotations {5.1.2.Final}
01:53:59.798 WARN  o.hibernate.orm.connections.pooling - HHH10001002: Using Hibernate built-in connection pool (not for production use!)
01:53:59.802 INFO  o.hibernate.orm.connections.pooling - HHH10001005: using driver [org.postgresql.Driver] at URL [jdbc:postgresql://localhost:5432/finalproject]
01:53:59.803 INFO  o.hibernate.orm.connections.pooling - HHH10001001: Connection properties: {password=****, pool_size=1, user=omid}
01:53:59.803 INFO  o.hibernate.orm.connections.pooling - HHH10001003: Autocommit mode: false
01:53:59.806 INFO  o.h.e.j.c.i.DriverManagerConnectionProviderImpl - HHH000115: Hibernate connection pool size: 20 (min=1)
01:53:59.906 INFO  org.hibernate.dialect.Dialect - HHH000400: Using dialect: org.hibernate.dialect.PostgreSQLDialect
01:54:00.045 WARN  org.hibernate.cfg.AnnotationBinder - HHH000139: Illegal use of @Table in a subclass of a SINGLE_TABLE hierarchy: org.example.entity.Expert
01:54:00.561 INFO  org.hibernate.orm.connections.access - HHH10001501: Connection obtained from JdbcConnectionAccess [org.hibernate.engine.jdbc.env.internal.JdbcEnvironmentInitiator$ConnectionProviderJdbcConnectionAccess@345d053b] for (non-JTA) DDL execution was not in auto-commit mode; the Connection 'local transaction' will be committed and the Connection will be set into auto-commit mode.
01:54:00.630 INFO  o.h.e.t.j.p.i.JtaPlatformInitiator - HHH000490: Using JtaPlatform implementation: [org.hibernate.engine.transaction.jta.platform.internal.NoJtaPlatform]
01:54:00.711 INFO  org.example.panels.StartPanel - User root Logged in successfully 
